Component: ARM Compiler 5.06 update 7 (build 960) Tool: armlink [4d3601]

==============================================================================

Section Cross References

    startup_stm32f407xx.o(STACK) refers (Special) to heapauxi.o(.text) for __use_two_region_memory
    startup_stm32f407xx.o(HEAP) refers (Special) to heapauxi.o(.text) for __use_two_region_memory
    startup_stm32f407xx.o(RESET) refers (Special) to heapauxi.o(.text) for __use_two_region_memory
    startup_stm32f407xx.o(RESET) refers to startup_stm32f407xx.o(STACK) for __initial_sp
    startup_stm32f407xx.o(RESET) refers to startup_stm32f407xx.o(.text) for Reset_Handler
    startup_stm32f407xx.o(RESET) refers to stm32f4xx_it.o(i.NMI_Handler) for NMI_Handler
    startup_stm32f407xx.o(RESET) refers to stm32f4xx_it.o(i.HardFault_Handler) for HardFault_Handler
    startup_stm32f407xx.o(RESET) refers to stm32f4xx_it.o(i.MemManage_Handler) for MemManage_Handler
    startup_stm32f407xx.o(RESET) refers to stm32f4xx_it.o(i.BusFault_Handler) for BusFault_Handler
    startup_stm32f407xx.o(RESET) refers to stm32f4xx_it.o(i.UsageFault_Handler) for UsageFault_Handler
    startup_stm32f407xx.o(RESET) refers to stm32f4xx_it.o(i.SVC_Handler) for SVC_Handler
    startup_stm32f407xx.o(RESET) refers to stm32f4xx_it.o(i.DebugMon_Handler) for DebugMon_Handler
    startup_stm32f407xx.o(RESET) refers to stm32f4xx_it.o(i.PendSV_Handler) for PendSV_Handler
    startup_stm32f407xx.o(RESET) refers to stm32f4xx_it.o(i.SysTick_Handler) for SysTick_Handler
    startup_stm32f407xx.o(RESET) refers to stm32f4xx_it.o(i.ADC_IRQHandler) for ADC_IRQHandler
    startup_stm32f407xx.o(RESET) refers to stm32f4xx_it.o(i.TIM1_UP_TIM10_IRQHandler) for TIM1_UP_TIM10_IRQHandler
    startup_stm32f407xx.o(RESET) refers to stm32f4xx_it.o(i.TIM2_IRQHandler) for TIM2_IRQHandler
    startup_stm32f407xx.o(RESET) refers to stm32f4xx_it.o(i.TIM3_IRQHandler) for TIM3_IRQHandler
    startup_stm32f407xx.o(RESET) refers to stm32f4xx_it.o(i.DMA2_Stream0_IRQHandler) for DMA2_Stream0_IRQHandler
    startup_stm32f407xx.o(RESET) refers to stm32f4xx_it.o(i.OTG_FS_IRQHandler) for OTG_FS_IRQHandler
    startup_stm32f407xx.o(.text) refers (Special) to heapauxi.o(.text) for __use_two_region_memory
    startup_stm32f407xx.o(.text) refers to system_stm32f4xx.o(i.SystemInit) for SystemInit
    startup_stm32f407xx.o(.text) refers to __main.o(!!!main) for __main
    startup_stm32f407xx.o(.text) refers to startup_stm32f407xx.o(HEAP) for Heap_Mem
    startup_stm32f407xx.o(.text) refers to startup_stm32f407xx.o(STACK) for Stack_Mem
    main.o(i.SystemClock_Config) refers to rt_memclr_w.o(.text) for __aeabi_memclr4
    main.o(i.SystemClock_Config) refers to stm32f4xx_hal_rcc.o(i.HAL_RCC_OscConfig) for HAL_RCC_OscConfig
    main.o(i.SystemClock_Config) refers to stm32f4xx_hal_rcc.o(i.HAL_RCC_ClockConfig) for HAL_RCC_ClockConfig
    main.o(i.main) refers to stm32f4xx_hal.o(i.HAL_Init) for HAL_Init
    main.o(i.main) refers to main.o(i.SystemClock_Config) for SystemClock_Config
    main.o(i.main) refers to gpio.o(i.MX_GPIO_Init) for MX_GPIO_Init
    main.o(i.main) refers to dma.o(i.MX_DMA_Init) for MX_DMA_Init
    main.o(i.main) refers to adc.o(i.MX_ADC1_Init) for MX_ADC1_Init
    main.o(i.main) refers to tim.o(i.MX_TIM1_Init) for MX_TIM1_Init
    main.o(i.main) refers to tim.o(i.MX_TIM2_Init) for MX_TIM2_Init
    main.o(i.main) refers to tim.o(i.MX_TIM3_Init) for MX_TIM3_Init
    main.o(i.main) refers to usb_device.o(i.MX_USB_DEVICE_Init) for MX_USB_DEVICE_Init
    main.o(i.main) refers to app.o(i.App_Init) for App_Init
    main.o(i.main) refers to app.o(i.App_Loop) for App_Loop
    gpio.o(i.MX_GPIO_Init) refers to rt_memclr_w.o(.text) for __aeabi_memclr4
    gpio.o(i.MX_GPIO_Init) refers to stm32f4xx_hal_gpio.o(i.HAL_GPIO_WritePin) for HAL_GPIO_WritePin
    gpio.o(i.MX_GPIO_Init) refers to stm32f4xx_hal_gpio.o(i.HAL_GPIO_Init) for HAL_GPIO_Init
    adc.o(i.HAL_ADC_MspDeInit) refers to stm32f4xx_hal_gpio.o(i.HAL_GPIO_DeInit) for HAL_GPIO_DeInit
    adc.o(i.HAL_ADC_MspDeInit) refers to stm32f4xx_hal_dma.o(i.HAL_DMA_DeInit) for HAL_DMA_DeInit
    adc.o(i.HAL_ADC_MspDeInit) refers to stm32f4xx_hal_cortex.o(i.HAL_NVIC_DisableIRQ) for HAL_NVIC_DisableIRQ
    adc.o(i.HAL_ADC_MspInit) refers to rt_memclr_w.o(.text) for __aeabi_memclr4
    adc.o(i.HAL_ADC_MspInit) refers to stm32f4xx_hal_gpio.o(i.HAL_GPIO_Init) for HAL_GPIO_Init
    adc.o(i.HAL_ADC_MspInit) refers to stm32f4xx_hal_dma.o(i.HAL_DMA_Init) for HAL_DMA_Init
    adc.o(i.HAL_ADC_MspInit) refers to main.o(i.Error_Handler) for Error_Handler
    adc.o(i.HAL_ADC_MspInit) refers to stm32f4xx_hal_cortex.o(i.HAL_NVIC_SetPriority) for HAL_NVIC_SetPriority
    adc.o(i.HAL_ADC_MspInit) refers to stm32f4xx_hal_cortex.o(i.HAL_NVIC_EnableIRQ) for HAL_NVIC_EnableIRQ
    adc.o(i.HAL_ADC_MspInit) refers to adc.o(.bss) for .bss
    adc.o(i.MX_ADC1_Init) refers to stm32f4xx_hal_adc.o(i.HAL_ADC_Init) for HAL_ADC_Init
[...]
    OTG_FS_IRQHandler                        0x08007b11   Thumb Code     6  stm32f4xx_it.o(i.OTG_FS_IRQHandler)
    PID_Init                                 0x08007c8d   Thumb Code    62  pid.o(i.PID_Init)
    PID_Reset                                0x08007cf1   Thumb Code    30  pid.o(i.PID_Reset)
    PID_SetGains                             0x08007d15   Thumb Code    14  pid.o(i.PID_SetGains)
    PID_SetIntegralLimit                     0x08007d23   Thumb Code    62  pid.o(i.PID_SetIntegralLimit)
    PID_SetOutputLimit                       0x08007d61   Thumb Code    62  pid.o(i.PID_SetOutputLimit)
    PID_Update                               0x08007da1   Thumb Code   162  pid.o(i.PID_Update)
    PendSV_Handler                           0x08007e49   Thumb Code     2  stm32f4xx_it.o(i.PendSV_Handler)
    SVC_Handler                              0x08007e4b   Thumb Code     2  stm32f4xx_it.o(i.SVC_Handler)
    SysTick_Handler                          0x08007e57   Thumb Code     4  stm32f4xx_it.o(i.SysTick_Handler)
    SystemClock_Config                       0x08007e5d   Thumb Code   142  main.o(i.SystemClock_Config)
    SystemInit                               0x08007ef5   Thumb Code    12  system_stm32f4xx.o(i.SystemInit)
    TIM1_UP_TIM10_IRQHandler                 0x08007f05   Thumb Code    16  stm32f4xx_it.o(i.TIM1_UP_TIM10_IRQHandler)
    TIM2_IRQHandler                          0x08007f19   Thumb Code     6  stm32f4xx_it.o(i.TIM2_IRQHandler)
    TIM3_IRQHandler                          0x08007f25   Thumb Code     6  stm32f4xx_it.o(i.TIM3_IRQHandler)
    TIM_Base_SetConfig                       0x08007f31   Thumb Code   156  stm32f4xx_hal_tim.o(i.TIM_Base_SetConfig)
    TIM_CCxChannelCmd                        0x08007ff9   Thumb Code    26  stm32f4xx_hal_tim.o(i.TIM_CCxChannelCmd)
    TIM_ETR_SetConfig                        0x08008013   Thumb Code    20  stm32f4xx_hal_tim.o(i.TIM_ETR_SetConfig)
    TIM_OC2_SetConfig                        0x08008099   Thumb Code    98  stm32f4xx_hal_tim.o(i.TIM_OC2_SetConfig)
    USBD_CDC_GetDeviceQualifierDescriptor    0x08008409   Thumb Code     8  usbd_cdc.o(i.USBD_CDC_GetDeviceQualifierDescriptor)
    USBD_CDC_ReceivePacket                   0x080085e5   Thumb Code    50  usbd_cdc.o(i.USBD_CDC_ReceivePacket)
    USBD_CDC_RegisterInterface               0x0800861d   Thumb Code    22  usbd_cdc.o(i.USBD_CDC_RegisterInterface)
    USBD_CDC_SetRxBuffer                     0x08008633   Thumb Code    26  usbd_cdc.o(i.USBD_CDC_SetRxBuffer)
    USBD_CDC_SetTxBuffer                     0x0800864d   Thumb Code    30  usbd_cdc.o(i.USBD_CDC_SetTxBuffer)
    USBD_CDC_TransmitPacket                  0x08008741   Thumb Code    76  usbd_cdc.o(i.USBD_CDC_TransmitPacket)
    USBD_ClrClassConfig                      0x08008791   Thumb Code    20  usbd_core.o(i.USBD_ClrClassConfig)
    USBD_CoreFindEP                          0x080087a5   Thumb Code     4  usbd_core.o(i.USBD_CoreFindEP)
    USBD_CoreFindIF                          0x080087a9   Thumb Code     4  usbd_core.o(i.USBD_CoreFindIF)
    USBD_CtlContinueRx                       0x080087ad   Thumb Code    16  usbd_ioreq.o(i.USBD_CtlContinueRx)
    USBD_CtlContinueSendData                 0x080087bd   Thumb Code    16  usbd_ioreq.o(i.USBD_CtlContinueSendData)
    USBD_CtlError                            0x080087cd   Thumb Code    22  usbd_ctlreq.o(i.USBD_CtlError)
    USBD_CtlPrepareRx                        0x080087e3   Thumb Code    30  usbd_ioreq.o(i.USBD_CtlPrepareRx)
    USBD_CtlReceiveStatus                    0x08008801   Thumb Code    22  usbd_ioreq.o(i.USBD_CtlReceiveStatus)
    USBD_CtlSendData                         0x08008817   Thumb Code    26  usbd_ioreq.o(i.USBD_CtlSendData)
    USBD_CtlSendStatus                       0x08008831   Thumb Code    22  usbd_ioreq.o(i.USBD_CtlSendStatus)
    USBD_FS_ConfigStrDescriptor              0x08008849   Thumb Code    16  usbd_desc.o(i.USBD_FS_ConfigStrDescriptor)
    USBD_FS_DeviceDescriptor                 0x08008869   Thumb Code     8  usbd_desc.o(i.USBD_FS_DeviceDescriptor)
    USBD_FS_InterfaceStrDescriptor           0x08008875   Thumb Code    16  usbd_desc.o(i.USBD_FS_InterfaceStrDescriptor)
    USBD_FS_LangIDStrDescriptor              0x08008899   Thumb Code     8  usbd_desc.o(i.USBD_FS_LangIDStrDescriptor)
    USBD_FS_ManufacturerStrDescriptor        0x080088a5   Thumb Code    16  usbd_desc.o(i.USBD_FS_ManufacturerStrDescriptor)
    USBD_FS_ProductStrDescriptor             0x080088cd   Thumb Code    16  usbd_desc.o(i.USBD_FS_ProductStrDescriptor)
    USBD_FS_SerialStrDescriptor              0x080088f9   Thumb Code    48  usbd_desc.o(i.USBD_FS_SerialStrDescriptor)
    USBD_GetEpDesc                           0x08008a17   Thumb Code    58  usbd_core.o(i.USBD_GetEpDesc)
    USBD_GetNextDesc                         0x08008a51   Thumb Code    14  usbd_core.o(i.USBD_GetNextDesc)
    USBD_GetString                           0x08008a5f   Thumb Code    72  usbd_ctlreq.o(i.USBD_GetString)
    USBD_Get_USB_Status                      0x08008aa7   Thumb Code    24  usbd_conf.o(i.USBD_Get_USB_Status)
    USBD_Init                                0x08008abf   Thumb Code    38  usbd_core.o(i.USBD_Init)
    USBD_LL_ClearStallEP                     0x08008ae5   Thumb Code    18  usbd_conf.o(i.USBD_LL_ClearStallEP)
    USBD_LL_CloseEP                          0x08008af7   Thumb Code    18  usbd_conf.o(i.USBD_LL_CloseEP)
    USBD_LL_DataInStage                      0x08008b09   Thumb Code   182  usbd_core.o(i.USBD_LL_DataInStage)
    USBD_LL_DataOutStage                     0x08008bbf   Thumb Code   142  usbd_core.o(i.USBD_LL_DataOutStage)
    USBD_LL_DevConnected                     0x08008c4d   Thumb Code     4  usbd_core.o(i.USBD_LL_DevConnected)
    USBD_LL_DevDisconnected                  0x08008c51   Thumb Code    30  usbd_core.o(i.USBD_LL_DevDisconnected)
    USBD_LL_GetRxDataSize                    0x08008c6f   Thumb Code     8  usbd_conf.o(i.USBD_LL_GetRxDataSize)
    USBD_LL_Init                             0x08008c79   Thumb Code    90  usbd_conf.o(i.USBD_LL_Init)
    USBD_LL_IsStallEP                        0x08008cd9   Thumb Code    32  usbd_conf.o(i.USBD_LL_IsStallEP)
    USBD_LL_IsoINIncomplete                  0x08008cf9   Thumb Code    40  usbd_core.o(i.USBD_LL_IsoINIncomplete)
    USBD_LL_IsoOUTIncomplete                 0x08008d21   Thumb Code    40  usbd_core.o(i.USBD_LL_IsoOUTIncomplete)
    USBD_LL_OpenEP                           0x08008d49   Thumb Code    24  usbd_conf.o(i.USBD_LL_OpenEP)
    USBD_LL_PrepareReceive                   0x08008d61   Thumb Code    18  usbd_conf.o(i.USBD_LL_PrepareReceive)
    USBD_LL_Reset                            0x08008d73   Thumb Code    92  usbd_core.o(i.USBD_LL_Reset)
    USBD_LL_Resume                           0x08008dcf   Thumb Code    20  usbd_core.o(i.USBD_LL_Resume)
    USBD_LL_SOF                              0x08008de3   Thumb Code    26  usbd_core.o(i.USBD_LL_SOF)
    USBD_LL_SetSpeed                         0x08008dfd   Thumb Code     6  usbd_core.o(i.USBD_LL_SetSpeed)
    USBD_LL_SetUSBAddress                    0x08008e03   Thumb Code    18  usbd_conf.o(i.USBD_LL_SetUSBAddress)
    USBD_LL_SetupStage                       0x08008e15   Thumb Code    96  usbd_core.o(i.USBD_LL_SetupStage)
    USBD_LL_StallEP                          0x08008e75   Thumb Code    18  usbd_conf.o(i.USBD_LL_StallEP)
    USBD_LL_Start                            0x08008e87   Thumb Code    18  usbd_conf.o(i.USBD_LL_Start)
    USBD_LL_Suspend                          0x08008e99   Thumb Code    18  usbd_core.o(i.USBD_LL_Suspend)
    USBD_LL_Transmit                         0x08008eab   Thumb Code    18  usbd_conf.o(i.USBD_LL_Transmit)
    USBD_ParseSetupRequest                   0x08008ebd   Thumb Code    44  usbd_ctlreq.o(i.USBD_ParseSetupRequest)
    USBD_RegisterClass                       0x08008ee9   Thumb Code    58  usbd_core.o(i.USBD_RegisterClass)
    USBD_SetClassConfig                      0x08008f23   Thumb Code    20  usbd_core.o(i.USBD_SetClassConfig)
    USBD_Start                               0x08008ff1   Thumb Code     4  usbd_core.o(i.USBD_Start)
    USBD_StdDevReq                           0x08008ff5   Thumb Code   300  usbd_ctlreq.o(i.USBD_StdDevReq)
    USBD_StdEPReq                            0x08009121   Thumb Code   352  usbd_ctlreq.o(i.USBD_StdEPReq)
    USBD_StdItfReq                           0x08009281   Thumb Code   114  usbd_ctlreq.o(i.USBD_StdItfReq)
    USBD_static_free                         0x080092f3   Thumb Code     2  usbd_conf.o(i.USBD_static_free)
    USBD_static_malloc                       0x080092f5   Thumb Code     4  usbd_conf.o(i.USBD_static_malloc)
    USB_ActivateEndpoint                     0x080092fd   Thumb Code   122  stm32f4xx_ll_usb.o(i.USB_ActivateEndpoint)
    USB_ActivateSetup                        0x0800937d   Thumb Code    28  stm32f4xx_ll_usb.o(i.USB_ActivateSetup)
    USB_CoreInit                             0x08009399   Thumb Code   112  stm32f4xx_ll_usb.o(i.USB_CoreInit)
    USB_DeactivateEndpoint                   0x0800944d   Thumb Code   194  stm32f4xx_ll_usb.o(i.USB_DeactivateEndpoint)
    USB_DevConnect                           0x08009519   Thumb Code    28  stm32f4xx_ll_usb.o(i.USB_DevConnect)
    USB_DevDisconnect                        0x08009535   Thumb Code    28  stm32f4xx_ll_usb.o(i.USB_DevDisconnect)
    USB_DevInit                              0x08009551   Thumb Code   362  stm32f4xx_ll_usb.o(i.USB_DevInit)
    USB_DisableGlobalInt                     0x080096c5   Thumb Code    12  stm32f4xx_ll_usb.o(i.USB_DisableGlobalInt)
    USB_EP0StartXfer                         0x080096d1   Thumb Code   280  stm32f4xx_ll_usb.o(i.USB_EP0StartXfer)
    USB_EP0_OutStart                         0x080097ed   Thumb Code    84  stm32f4xx_ll_usb.o(i.USB_EP0_OutStart)
    USB_EPClearStall                         0x08009845   Thumb Code    88  stm32f4xx_ll_usb.o(i.USB_EPClearStall)
    USB_EPSetStall                           0x0800989d   Thumb Code    88  stm32f4xx_ll_usb.o(i.USB_EPSetStall)
    USB_EPStartXfer                          0x080098f5   Thumb Code   480  stm32f4xx_ll_usb.o(i.USB_EPStartXfer)
    USB_EPStopXfer                           0x08009ad9   Thumb Code   158  stm32f4xx_ll_usb.o(i.USB_EPStopXfer)
    USB_EnableGlobalInt                      0x08009b77   Thumb Code    12  stm32f4xx_ll_usb.o(i.USB_EnableGlobalInt)
    USB_FlushRxFifo                          0x08009b85   Thumb Code    54  stm32f4xx_ll_usb.o(i.USB_FlushRxFifo)
    USB_FlushTxFifo                          0x08009bc1   Thumb Code    58  stm32f4xx_ll_usb.o(i.USB_FlushTxFifo)
    USB_GetDevSpeed                          0x08009c01   Thumb Code    26  stm32f4xx_ll_usb.o(i.USB_GetDevSpeed)
    USB_GetMode                              0x08009c1b   Thumb Code     8  stm32f4xx_ll_usb.o(i.USB_GetMode)
    USB_ReadDevAllInEpInterrupt              0x08009c23   Thumb Code    14  stm32f4xx_ll_usb.o(i.USB_ReadDevAllInEpInterrupt)
    USB_ReadDevAllOutEpInterrupt             0x08009c31   Thumb Code    14  stm32f4xx_ll_usb.o(i.USB_ReadDevAllOutEpInterrupt)
    USB_ReadDevInEPInterrupt                 0x08009c3f   Thumb Code    36  stm32f4xx_ll_usb.o(i.USB_ReadDevInEPInterrupt)
    USB_ReadDevOutEPInterrupt                0x08009c63   Thumb Code    16  stm32f4xx_ll_usb.o(i.USB_ReadDevOutEPInterrupt)
    USB_ReadInterrupts                       0x08009c73   Thumb Code     8  stm32f4xx_ll_usb.o(i.USB_ReadInterrupts)
    USB_ReadPacket                           0x08009c7b   Thumb Code    62  stm32f4xx_ll_usb.o(i.USB_ReadPacket)
    USB_SetCurrentMode                       0x08009cb9   Thumb Code    92  stm32f4xx_ll_usb.o(i.USB_SetCurrentMode)
    USB_SetDevAddress                        0x08009d15   Thumb Code    34  stm32f4xx_ll_usb.o(i.USB_SetDevAddress)
    USB_SetTurnaroundTime                    0x08009d39   Thumb Code   158  stm32f4xx_ll_usb.o(i.USB_SetTurnaroundTime)
    USB_WritePacket                          0x08009e21   Thumb Code    40  stm32f4xx_ll_usb.o(i.USB_WritePacket)
    UsageFault_Handler                       0x08009e49   Thumb Code     2  stm32f4xx_it.o(i.UsageFault_Handler)
    __ARM_fpclassify                         0x08009e4b   Thumb Code    48  fpclassify.o(i.__ARM_fpclassify)
    __ARM_fpclassifyf                        0x08009e7b   Thumb Code    38  fpclassifyf.o(i.__ARM_fpclassifyf)
    __hardfp___mathlib_tofloat               0x08009ec1   Thumb Code   232  narrow.o(i.__hardfp___mathlib_tofloat)
    __hardfp_atan2f                          0x08009fb9   Thumb Code   594  atan2f.o(i.__hardfp_atan2f)
    __hardfp_atof                            0x0800a269   Thumb Code    44  atof.o(i.__hardfp_atof)
    __hardfp_cosf                            0x0800a2a1   Thumb Code   280  cosf.o(i.__hardfp_cosf)
    __hardfp_ldexp                           0x0800a3f1   Thumb Code   200  ldexp.o(i.__hardfp_ldexp)
    __hardfp_sinf                            0x0800a4c1   Thumb Code   344  sinf.o(i.__hardfp_sinf)
    __hardfp_sqrtf                           0x0800a651   Thumb Code    58  sqrtf.o(i.__hardfp_sqrtf)
    __mathlib_dbl_overflow                   0x0800a691   Thumb Code    24  dunder.o(i.__mathlib_dbl_overflow)
    __mathlib_dbl_underflow                  0x0800a6b1   Thumb Code    24  dunder.o(i.__mathlib_dbl_underflow)
    __mathlib_flt_infnan                     0x0800a6d1   Thumb Code     6  funder.o(i.__mathlib_flt_infnan)
    __mathlib_flt_infnan2                    0x0800a6d7   Thumb Code     6  funder.o(i.__mathlib_flt_infnan2)
    __mathlib_flt_invalid                    0x0800a6dd   Thumb Code    10  funder.o(i.__mathlib_flt_invalid)
    __mathlib_flt_underflow                  0x0800a6ed   Thumb Code    10  funder.o(i.__mathlib_flt_underflow)
    __mathlib_narrow                         0x0800a6fd   Thumb Code    18  narrow.o(i.__mathlib_narrow)
    __mathlib_rredf2                         0x0800a711   Thumb Code   316  rredf.o(i.__mathlib_rredf2)
    __support_ldexp                          0x0800a865   Thumb Code    20  ldexp.o(i.__support_ldexp)
    _is_digit                                0x0800a879   Thumb Code    14  __printf_wp.o(i._is_digit)
    frexp                                    0x0800a889   Thumb Code   118  frexp.o(i.frexp)
    main                                     0x0800a915   Thumb Code    46  main.o(i.main)
    _get_lc_numeric                          0x0800a945   Thumb Code    44  lc_numeric_c.o(locale$$code)
    _get_lc_ctype                            0x0800a971   Thumb Code    44  lc_ctype_c.o(locale$$code)
    __aeabi_d2f                              0x0800a99d   Thumb Code     0  d2f.o(x$fpl$d2f)
    _d2f                                     0x0800a99d   Thumb Code    98  d2f.o(x$fpl$d2f)
    __fpl_dcheck_NaN1                        0x0800aa01   Thumb Code    10  dcheck1.o(x$fpl$dcheck1)
    __fpl_dcmp_Inf                           0x0800aa11   Thumb Code    24  dcmpi.o(x$fpl$dcmpinf)
    __aeabi_cdcmpeq                          0x0800aa29   Thumb Code     0  deqf.o(x$fpl$deqf)
    _dcmpeq                                  0x0800aa29   Thumb Code   120  deqf.o(x$fpl$deqf)
    __aeabi_cdcmple                          0x0800aaa1   Thumb Code     0  dleqf.o(x$fpl$dleqf)
    _dcmple                                  0x0800aaa1   Thumb Code   120  dleqf.o(x$fpl$dleqf)
    __fpl_dcmple_InfNaN                      0x0800ab03   Thumb Code     0  dleqf.o(x$fpl$dleqf)
    __aeabi_dmul                             0x0800ab19   Thumb Code     0  dmul.o(x$fpl$dmul)
    _dmul                                    0x0800ab19   Thumb Code   332  dmul.o(x$fpl$dmul)
    __fpl_dnaninf                            0x0800ac6d   Thumb Code   156  dnaninf.o(x$fpl$dnaninf)
    __fpl_dretinf                            0x0800ad09   Thumb Code    12  dretinf.o(x$fpl$dretinf)
    __aeabi_cdrcmple                         0x0800ad15   Thumb Code     0  drleqf.o(x$fpl$drleqf)
    _drcmple                                 0x0800ad15   Thumb Code   108  drleqf.o(x$fpl$drleqf)
    __aeabi_f2d                              0x0800ad81   Thumb Code     0  f2d.o(x$fpl$f2d)
    _f2d                                     0x0800ad81   Thumb Code    86  f2d.o(x$fpl$f2d)
    __fpl_fnaninf                            0x0800add7   Thumb Code   140  fnaninf.o(x$fpl$fnaninf)
    _fp_init                                 0x0800ae63   Thumb Code    10  fpinit.o(x$fpl$fpinit)
    __fplib_config_fpu_vfp                   0x0800ae6b   Thumb Code     0  fpinit.o(x$fpl$fpinit)
    __fplib_config_pureend_doubles           0x0800ae6b   Thumb Code     0  fpinit.o(x$fpl$fpinit)
    __fpl_fretinf                            0x0800ae6d   Thumb Code    10  fretinf.o(x$fpl$fretinf)
    __ieee_status                            0x0800ae77   Thumb Code     6  istatus.o(x$fpl$ieeestatus)
    _printf_fp_dec                           0x0800ae7d   Thumb Code     4  printf1.o(x$fpl$printf1)
    __fpl_return_NaN                         0x0800ae81   Thumb Code   100  retnan.o(x$fpl$retnan)
    __ARM_scalbn                             0x0800aee5   Thumb Code    92  scalbn.o(x$fpl$scalbn)
    _scanf_real                              0x0800af41   Thumb Code     4  scanf1.o(x$fpl$scanf1)
    _scanf_hex_real                          0x0800af45   Thumb Code     4  scanf2.o(x$fpl$scanf2)
    _scanf_infnan                            0x0800af49   Thumb Code     4  scanf2.o(x$fpl$scanf2)
    __fpl_cmpreturn                          0x0800af4d   Thumb Code    48  trapv.o(x$fpl$trapveneer)
    __I$use$fp                               0x0800af7c   Number         0  usenofp.o(x$fpl$usenofp)
    AHBPrescTable                            0x0800af84   Data          16  system_stm32f4xx.o(.constdata)
    Region$$Table$$Base                      0x0800b418   Number         0  anon$$obj.o(Region$$Table)
    Region$$Table$$Limit                     0x0800b438   Number         0  anon$$obj.o(Region$$Table)
    __aeabi_HUGE_VAL                         0x0800b438   Data           0  fpconst.o(c$$dinf)
    __aeabi_HUGE_VALL                        0x0800b438   Data           0  fpconst.o(c$$dinf)
    __aeabi_INFINITY                         0x0800b438   Data           0  fpconst.o(c$$dinf)
    __dInf                                   0x0800b438   Data           0  fpconst.o(c$$dinf)
    __huge_val                               0x0800b438   Data           0  fpconst.o(c$$dinf)
    __dbl_max                                0x0800b440   Data           0  fpconst.o(c$$dmax)
    __ctype                                  0x0800b471   Data           0  lc_ctype_c.o(locale$$data)
    FS_Desc                                  0x20000000   Data          28  usbd_desc.o(.data)
    USBD_LangIDDesc                          0x2000001c   Data           4  usbd_desc.o(.data)
    USBD_FS_DeviceDesc                       0x20000020   Data          18  usbd_desc.o(.data)
    USBD_StringSerial                        0x20000034   Data          26  usbd_desc.o(.data)
    USBD_Interface_fops_FS                   0x20000050   Data          20  usbd_cdc_if.o(.data)
    uwTickFreq                               0x20000064   Data           1  stm32f4xx_hal.o(.data)
    uwTickPrio                               0x20000068   Data           4  stm32f4xx_hal.o(.data)
    uwTick                                   0x2000006c   Data           4  stm32f4xx_hal.o(.data)
    SystemCoreClock                          0x20000070   Data           4  system_stm32f4xx.o(.data)
    USBD_CDC                                 0x200000cc   Data          56  usbd_cdc.o(.data)
    hadc1                                    0x20000178   Data          72  adc.o(.bss)
    hdma_adc1                                0x200001c0   Data          96  adc.o(.bss)
    htim1                                    0x20000220   Data          72  tim.o(.bss)
    htim2                                    0x20000268   Data          72  tim.o(.bss)
    htim3                                    0x200002b0   Data          72  tim.o(.bss)
    hUsbDeviceFS                             0x200002f8   Data         732  usb_device.o(.bss)
    USBD_StrDesc                             0x200005d4   Data         512  usbd_desc.o(.bss)
    UserRxBufferFS                           0x200007d4   Data        2048  usbd_cdc_if.o(.bss)
    UserTxBufferFS                           0x20000fd4   Data        2048  usbd_cdc_if.o(.bss)
    hpcd_USB_OTG_FS                          0x200019f4   Data        1292  usbd_conf.o(.bss)
    __libspace_start                         0x200023d4   Data          96  libspace.o(.bss)
    __temporary_stack_top$libspace           0x20002434   Data           0  libspace.o(.bss)



==============================================================================

Memory Map of the image

  Image Entry point : 0x08000189

  Load Region LR_IROM1 (Base: 0x08000000, Size: 0x0000b6ec, Max: 0x00080000, ABSOLUTE, COMPRESSED[0x0000b62c])

    Execution Region ER_IROM1 (Exec base: 0x08000000, Load base: 0x08000000, Size: 0x0000b574, Max: 0x00080000, ABSOLUTE)

    Exec Addr    Load Addr    Size         Type   Attr      Idx    E Section Name        Object

    0x08000000   0x08000000   0x00000188   Data   RO            3    RESET               startup_stm32f407xx.o
    0x08000188   0x08000188   0x00000008   Code   RO         5154  * !!!main             c_w.l(__main.o)
    0x08000190   0x08000190   0x00000034   Code   RO         5590    !!!scatter          c_w.l(__scatter.o)
    0x080001c4   0x080001c4   0x0000005a   Code   RO         5588    !!dczerorl2         c_w.l(__dczerorl2.o)
    0x0800021e   0x0800021e   0x00000002   PAD
    0x08000220   0x08000220   0x0000001c   Code   RO         5592    !!handler_zi        c_w.l(__scatter_zi.o)
    0x0800023c   0x0800023c   0x00000000   Code   RO         5138    .ARM.Collect$$_printf_percent$$00000000  c_w.l(_printf_percent.o)
    0x0800023c   0x0800023c   0x00000006   Code   RO         5137    .ARM.Collect$$_printf_percent$$00000003  c_w.l(_printf_f.o)
    0x08000242   0x08000242   0x00000006   Code   RO         5135    .ARM.Collect$$_printf_percent$$00000009  c_w.l(_printf_d.o)
    0x08000248   0x08000248   0x00000006   Code   RO         5136    .ARM.Collect$$_printf_percent$$0000000A  c_w.l(_printf_u.o)
    0x0800024e   0x0800024e   0x00000006   Code   RO         5134    .ARM.Collect$$_printf_percent$$00000014  c_w.l(_printf_s.o)
    0x08000254   0x08000254   0x00000004   Code   RO         5235    .ARM.Collect$$_printf_percent$$00000017  c_w.l(_printf_percent_end.o)
    0x08000258   0x08000258   0x00000002   Code   RO         5365    .ARM.Collect$$libinit$$00000000  c_w.l(libinit.o)
    0x0800025a   0x0800025a   0x00000004   Code   RO         5366    .ARM.Collect$$libinit$$00000001  c_w.l(libinit2.o)
    0x0800025e   0x0800025e   0x00000000   Code   RO         5369    .ARM.Collect$$libinit$$00000004  c_w.l(libinit2.o)
    0x0800025e   0x0800025e   0x00000000   Code   RO         5372    .ARM.Collect$$libinit$$0000000A  c_w.l(libinit2.o)
    0x0800025e   0x0800025e   0x00000000   Code   RO         5374    .ARM.Collect$$libinit$$0000000C  c_w.l(libinit2.o)
    0x0800025e   0x0800025e   0x00000000   Code   RO         5376    .ARM.Collect$$libinit$$0000000E  c_w.l(libinit2.o)
    0x0800025e   0x0800025e   0x00000006   Code   RO         5377    .ARM.Collect$$libinit$$0000000F  c_w.l(libinit2.o)
    0x08000264   0x08000264   0x00000000   Code   RO         5379    .ARM.Collect$$libinit$$00000011  c_w.l(libinit2.o)
    0x08000264   0x08000264   0x0000000c   Code   RO         5380    .ARM.Collect$$libinit$$00000012  c_w.l(libinit2.o)
    0x08000270   0x08000270   0x00000000   Code   RO         5381    .ARM.Collect$$libinit$$00000013  c_w.l(libinit2.o)
    0x08000270   0x08000270   0x00000000   Code   RO         5383    .ARM.Collect$$libinit$$00000015  c_w.l(libinit2.o)
    0x08000270   0x08000270   0x0000000a   Code   RO         5384    .ARM.Collect$$libinit$$00000016  c_w.l(libinit2.o)
    0x0800027a   0x0800027a   0x00000000   Code   RO         5385    .ARM.Collect$$libinit$$00000017  c_w.l(libinit2.o)
    0x0800027a   0x0800027a   0x00000000   Code   RO         5387    .ARM.Collect$$libinit$$00000019  c_w.l(libinit2.o)
    0x0800027a   0x0800027a   0x00000000   Code   RO         5389    .ARM.Collect$$libinit$$0000001B  c_w.l(libinit2.o)
    0x0800027a   0x0800027a   0x00000000   Code   RO         5391    .ARM.Collect$$libinit$$0000001D  c_w.l(libinit2.o)
    0x0800027a   0x0800027a   0x00000000   Code   RO         5393    .ARM.Collect$$libinit$$0000001F  c_w.l(libinit2.o)
    0x0800027a   0x0800027a   0x00000000   Code   RO         5395    .ARM.Collect$$libinit$$00000021  c_w.l(libinit2.o)
    0x0800027a   0x0800027a   0x00000000   Code   RO         5397    .ARM.Collect$$libinit$$00000023  c_w.l(libinit2.o)
    0x0800027a   0x0800027a   0x00000000   Code   RO         5399    .ARM.Collect$$libinit$$00000025  c_w.l(libinit2.o)
    0x0800027a   0x0800027a   0x00000000   Code   RO         5403    .ARM.Collect$$libinit$$0000002C  c_w.l(libinit2.o)
    0x0800027a   0x0800027a   0x00000000   Code   RO         5405    .ARM.Collect$$libinit$$0000002E  c_w.l(libinit2.o)
    0x0800027a   0x0800027a   0x00000000   Code   RO         5407    .ARM.Collect$$libinit$$00000030  c_w.l(libinit2.o)
    0x0800027a   0x0800027a   0x00000000   Code   RO         5409    .ARM.Collect$$libinit$$00000032  c_w.l(libinit2.o)
    0x0800027a   0x0800027a   0x00000002   Code   RO         5410    .ARM.Collect$$libinit$$00000033  c_w.l(libinit2.o)
    0x0800027c   0x0800027c   0x00000002   Code   RO         5496    .ARM.Collect$$libshutdown$$00000000  c_w.l(libshutdown.o)
    0x0800027e   0x0800027e   0x00000000   Code   RO         5536    .ARM.Collect$$libshutdown$$00000002  c_w.l(libshutdown2.o)
    0x0800027e   0x0800027e   0x00000000   Code   RO         5538    .ARM.Collect$$libshutdown$$00000004  c_w.l(libshutdown2.o)
    0x0800027e   0x0800027e   0x00000000   Code   RO         5540    .ARM.Collect$$libshutdown$$00000006  c_w.l(libshutdown2.o)
    0x0800027e   0x0800027e   0x00000000   Code   RO         5543    .ARM.Collect$$libshutdown$$00000009  c_w.l(libshutdown2.o)
    0x0800027e   0x0800027e   0x00000000   Code   RO         5546    .ARM.Collect$$libshutdown$$0000000C  c_w.l(libshutdown2.o)
    0x0800027e   0x0800027e   0x00000000   Code   RO         5548    .ARM.Collect$$libshutdown$$0000000E  c_w.l(libshutdown2.o)
    0x0800027e   0x0800027e   0x00000000   Code   RO         5551    .ARM.Collect$$libshutdown$$00000011  c_w.l(libshutdown2.o)
    0x0800027e   0x0800027e   0x00000002   Code   RO         5552    .ARM.Collect$$libshutdown$$00000012  c_w.l(libshutdown2.o)
    0x08000280   0x08000280   0x00000000   Code   RO         5216    .ARM.Collect$$rtentry$$00000000  c_w.l(__rtentry.o)
    0x08000280   0x08000280   0x00000000   Code   RO         5271    .ARM.Collect$$rtentry$$00000002  c_w.l(__rtentry2.o)
    0x08000280   0x08000280   0x00000006   Code   RO         5283    .ARM.Collect$$rtentry$$00000004  c_w.l(__rtentry4.o)
    0x08000286   0x08000286   0x00000000   Code   RO         5273    .ARM.Collect$$rtentry$$00000009  c_w.l(__rtentry2.o)
    0x08000286   0x08000286   0x00000004   Code   RO         5274    .ARM.Collect$$rtentry$$0000000A  c_w.l(__rtentry2.o)
    0x0800028a   0x0800028a   0x00000000   Code   RO         5276    .ARM.Collect$$rtentry$$0000000C  c_w.l(__rtentry2.o)
    0x0800028a   0x0800028a   0x00000008   Code   RO         5277    .ARM.Collect$$rtentry$$0000000D  c_w.l(__rtentry2.o)
    0x08000292   0x08000292   0x00000002   Code   RO         5411    .ARM.Collect$$rtexit$$00000000  c_w.l(rtexit.o)
    0x08000294   0x08000294   0x00000000   Code   RO         5447    .ARM.Collect$$rtexit$$00000002  c_w.l(rtexit2.o)
    0x08000294   0x08000294   0x00000004   Code   RO         5448    .ARM.Collect$$rtexit$$00000003  c_w.l(rtexit2.o)
    0x08000298   0x08000298   0x00000006   Code   RO         5449    .ARM.Collect$$rtexit$$00000004  c_w.l(rtexit2.o)
    0x0800029e   0x0800029e   0x00000002   PAD
    0x080002a0   0x080002a0   0x00000040   Code   RO            4    .text               startup_stm32f407xx.o
    0x080002e0   0x080002e0   0x000000ee   Code   RO         5102    .text               c_w.l(lludivv7m.o)
    0x080003ce   0x080003ce   0x00000002   PAD
    0x080003d0   0x080003d0   0x00000034   Code   RO         5106    .text               c_w.l(noretval__2snprintf.o)
    0x08000404   0x08000404   0x00000052   Code   RO         5110    .text               c_w.l(_printf_str.o)
    0x08000456   0x08000456   0x00000002   PAD
    0x08000458   0x08000458   0x00000078   Code   RO         5112    .text               c_w.l(_printf_dec.o)
    0x080004d0   0x080004d0   0x00000160   Code   RO         5129    .text               c_w.l(__printf_ss_wp.o)
    0x08000630   0x08000630   0x0000000c   Code   RO         5139    .text               c_w.l(strtok.o)
    0x0800063c   0x0800063c   0x0000003e   Code   RO         5142    .text               c_w.l(strlen.o)
    0x0800067a   0x0800067a   0x00000064   Code   RO         5144    .text               c_w.l(rt_memcpy_w.o)
    0x080006de   0x080006de   0x0000004e   Code   RO         5146    .text               c_w.l(rt_memclr_w.o)
    0x0800072c   0x0800072c   0x00000056   Code   RO         5148    .text               c_w.l(strncpy.o)
    0x08000782   0x08000782   0x00000002   PAD
    0x08000784   0x08000784   0x00000080   Code   RO         5150    .text               c_w.l(strcmpv7m.o)
    0x08000804   0x08000804   0x00000006   Code   RO         5152    .text               c_w.l(heapauxi.o)
    0x0800080a   0x0800080a   0x00000016   Code   RO         5221    .text               c_w.l(_rserrno.o)
    0x08000820   0x08000820   0x000000b2   Code   RO         5223    .text               c_w.l(_printf_intcommon.o)
    0x080008d2   0x080008d2   0x0000041e   Code   RO         5225    .text               c_w.l(_printf_fp_dec.o)
    0x08000cf0   0x08000cf0   0x00000030   Code   RO         5227    .text               c_w.l(_printf_char_common.o)
    0x08000d20   0x08000d20   0x0000000a   Code   RO         5229    .text               c_w.l(_sputc.o)
    0x08000d2a   0x08000d2a   0x00000010   Code   RO         5231    .text               c_w.l(_snputc.o)
    0x08000d3a   0x08000d3a   0x0000002c   Code   RO         5233    .text               c_w.l(_printf_char.o)
    0x08000d66   0x08000d66   0x00000002   PAD
    0x08000d68   0x08000d68   0x000000a4   Code   RO         5236    .text               c_w.l(strtod.o)
    0x08000e0c   0x08000e0c   0x00000044   Code   RO         5238    .text               c_w.l(strtok_int.o)
    0x08000e50   0x08000e50   0x00000044   Code   RO         5240    .text               c_w.l(rt_memclr.o)
    0x08000e94   0x08000e94   0x00000008   Code   RO         5290    .text               c_w.l(rt_locale_intlibspace.o)
    0x08000e9c   0x08000e9c   0x00000008   Code   RO         5295    .text               c_w.l(rt_errno_addr_intlibspace.o)
    0x08000ea4   0x08000ea4   0x0000008a   Code   RO         5297    .text               c_w.l(lludiv10.o)
    0x08000f2e   0x08000f2e   0x00000012   Code   RO         5299    .text               c_w.l(isspace.o)
    0x08000f40   0x08000f40   0x00000080   Code   RO         5301    .text               c_w.l(_printf_fp_infnan.o)
    0x08000fc0   0x08000fc0   0x00000040   Code   RO         5305    .text               c_w.l(_sgetc.o)
    0x08001000   0x08001000   0x000000e4   Code   RO         5307    .text               c_w.l(bigflt0.o)
    0x080010e4   0x080010e4   0x00000020   Code   RO         5335    .text               c_w.l(strcspn.o)
    0x08001104   0x08001104   0x0000001c   Code   RO         5337    .text               c_w.l(strspn.o)
    0x08001120   0x08001120   0x00000008   Code   RO         5345    .text               c_w.l(libspace.o)
    0x08001128   0x08001128   0x0000004a   Code   RO         5348    .text               c_w.l(sys_stackheap_outer.o)
    0x08001172   0x08001172   0x00000002   PAD
    0x08001174   0x08001174   0x00000010   Code   RO         5350    .text               c_w.l(rt_ctype_table.o)
    0x08001184   0x08001184   0x000004f8   Code   RO         5352    .text               c_w.l(scanf_fp.o)
    0x0800167c   0x0800167c   0x00000012   Code   RO         5354    .text               c_w.l(exit.o)
    0x0800168e   0x0800168e   0x00000002   PAD
    0x08001690   0x08001690   0x0000000c   Code   RO         5444    .text               c_w.l(sys_exit.o)
    0x0800169c   0x0800169c   0x00000320   Code   RO         5453    .text               c_w.l(scanf_hexfp.o)
    0x080019bc   0x080019bc   0x00000134   Code   RO         5455    .text               c_w.l(scanf_infnan.o)
    0x08001af0   0x08001af0   0x00000002   Code   RO         5479    .text               c_w.l(use_no_semi.o)
    0x08001af2   0x08001af2   0x00000000   Code   RO         5481    .text               c_w.l(indicate_semi.o)
    0x08001af2   0x08001af2   0x00000026   Code   RO         5484    .text               c_w.l(llshl.o)
    0x08001b18   0x08001b18   0x0000001c   Code   RO         5486    .text               c_w.l(_chval.o)
    0x08001b34   0x08001b34   0x0000003e   Code   RO         5310    CL$$btod_d2e        c_w.l(btod.o)
    0x08001b72   0x08001b72   0x00000046   Code   RO         5312    CL$$btod_d2e_denorm_low  c_w.l(btod.o)
    0x08001bb8   0x08001bb8   0x00000060   Code   RO         5311    CL$$btod_d2e_norm_op1  c_w.l(btod.o)
    0x08001c18   0x08001c18   0x00000338   Code   RO         5320    CL$$btod_div_common  c_w.l(btod.o)
    0x08001f50   0x08001f50   0x00000084   Code   RO         5318    CL$$btod_e2d        c_w.l(btod.o)
    0x08001fd4   0x08001fd4   0x000000dc   Code   RO         5317    CL$$btod_e2e        c_w.l(btod.o)
    0x080020b0   0x080020b0   0x0000002a   Code   RO         5314    CL$$btod_ediv       c_w.l(btod.o)
    0x080020da   0x080020da   0x0000002a   Code   RO         5316    CL$$btod_edivd      c_w.l(btod.o)
    0x08002104   0x08002104   0x0000002a   Code   RO         5313    CL$$btod_emul       c_w.l(btod.o)
    0x0800212e   0x0800212e   0x0000002a   Code   RO         5315    CL$$btod_emuld      c_w.l(btod.o)
    0x08002158   0x08002158   0x00000244   Code   RO         5319    CL$$btod_mult_common  c_w.l(btod.o)
    0x0800239c   0x0800239c   0x0000006e   Code   RO         2622    i.ADC_DMAConvCplt   stm32f4xx_hal_adc.o
    0x0800240a   0x0800240a   0x00000016   Code   RO         2623    i.ADC_DMAError      stm32f4xx_hal_adc.o
    0x08002420   0x08002420   0x0000000a   Code   RO         2624    i.ADC_DMAHalfConvCplt  stm32f4xx_hal_adc.o
    0x0800242a   0x0800242a   0x00000002   PAD
    0x0800242c   0x0800242c   0x0000000c   Code   RO          368    i.ADC_IRQHandler    stm32f4xx_it.o
    0x08002438   0x08002438   0x00000128   Code   RO         2625    i.ADC_Init          stm32f4xx_hal_adc.o
    0x08002560   0x08002560   0x00000010   Code   RO         4309    i.App_AbsFloat      app.o
    0x08002570   0x08002570   0x0000016c   Code   RO         4310    i.App_AllocateSpeedCurrent  app.o
    0x080026dc   0x080026dc   0x00000028   Code   RO         4311    i.App_ClearCurrentLoop  app.o
    0x08002704   0x08002704   0x0000001c   Code   RO         4312    i.App_ClearEncoderVoltage  app.o
    0x08002720   0x08002720   0x0000000c   Code   RO         4313    i.App_ClearFault    app.o
    0x0800272c   0x0800272c   0x00000020   Code   RO         4314    i.App_ClearVoltageLock  app.o
    0x0800274c   0x0800274c   0x00000258   Code   RO         4315    i.App_FastLoop      app.o
    0x080029a4   0x080029a4   0x00000018   Code   RO         4316    i.App_GetAngleOffsetDeg  app.o
    0x080029bc   0x080029bc   0x0000000c   Code   RO         4317    i.App_GetCurrentFeedforward  app.o
    0x080029c8   0x080029c8   0x00000004   Code   RO         4320    i.App_GetRunMode    app.o
    0x080029cc   0x080029cc   0x00000004   Code   RO         4321    i.App_GetSpeedPIState  app.o
    0x080029d0   0x080029d0   0x00000018   Code   RO         4322    i.App_GetVoltageLeadDeg  app.o
    0x080029e8   0x080029e8   0x0000008c   Code   RO         4323    i.App_Init          app.o
    0x08002a74   0x08002a74   0x0000000c   Code   RO         4324    i.App_IsFaulted     app.o
    0x08002a80   0x08002a80   0x00000020   Code   RO         4325    i.App_LimitFloat    app.o
    0x08002aa0   0x08002aa0   0x0000000e   Code   RO         4326    i.App_Loop          app.o
    0x08002aae   0x08002aae   0x00000002   PAD
    0x08002ab0   0x08002ab0   0x0000001c   Code   RO         4327    i.App_SetAngleOffsetDeg  app.o
    0x08002acc   0x08002acc   0x00000024   Code   RO         4328    i.App_SetCurrentFeedforward  app.o
    0x08002af0   0x08002af0   0x0000004c   Code   RO         4329    i.App_SetCurrentLoop  app.o
    0x08002b3c   0x08002b3c   0x0000001e   Code   RO         4330    i.App_SetCurrentLoopBandwidth  app.o
    0x08002b5a   0x08002b5a   0x0000001e   Code   RO         4331    i.App_SetCurrentLoopGains  app.o
    0x08002b78   0x08002b78   0x00000058   Code   RO         4332    i.App_SetEncoderVoltage  app.o
    0x08002bd0   0x08002bd0   0x00000034   Code   RO         4333    i.App_SetOpenLoop   app.o
    0x08002c04   0x08002c04   0x00000036   Code   RO         4334    i.App_SetPositionP  app.o
    0x08002c3a   0x08002c3a   0x0000001a   Code   RO         4335    i.App_SetRunMode    app.o
    0x08002c54   0x08002c54   0x0000000c   Code   RO         4336    i.App_SetSpeedIdRef  app.o
    0x08002c60   0x08002c60   0x00000058   Code   RO         4337    i.App_SetSpeedPI    app.o
    0x08002cb8   0x08002cb8   0x0000001c   Code   RO         4338    i.App_SetVoltageLeadDeg  app.o
    0x08002cd4   0x08002cd4   0x00000048   Code   RO         4339    i.App_SetVoltageLock  app.o
    0x08002d1c   0x08002d1c   0x00000002   Code   RO          369    i.BusFault_Handler  stm32f4xx_it.o
    0x08002d1e   0x08002d1e   0x00000004   Code   RO          638    i.CDC_Control_FS    usbd_cdc_if.o
    0x08002d22   0x08002d22   0x00000004   Code   RO          639    i.CDC_DeInit_FS     usbd_cdc_if.o
    0x08002d26   0x08002d26   0x00000002   PAD
    0x08002d28   0x08002d28   0x00000024   Code   RO          640    i.CDC_Init_FS       usbd_cdc_if.o
    0x08002d4c   0x08002d4c   0x00000020   Code   RO          641    i.CDC_Receive_FS    usbd_cdc_if.o
    0x08002d6c   0x08002d6c   0x00000004   Code   RO          642    i.CDC_TransmitCplt_FS  usbd_cdc_if.o
    0x08002d70   0x08002d70   0x0000002c   Code   RO          643    i.CDC_Transmit_FS   usbd_cdc_if.o
    0x08002d9c   0x08002d9c   0x0000009c   Code   RO         5042    i.Current_ApplyCurrentRaw  current.o
    0x08002e38   0x08002e38   0x0000008c   Code   RO         5043    i.Current_CalibrateOffset  current.o
    0x08002ec4   0x08002ec4   0x00000008   Code   RO         5044    i.Current_GetState  current.o
    0x08002ecc   0x08002ecc   0x0000004c   Code   RO         5045    i.Current_Init      current.o
    0x08002f18   0x08002f18   0x00000078   Code   RO         5046    i.Current_ReadRegularChannel  current.o
    0x08002f90   0x08002f90   0x00000070   Code   RO         5047    i.Current_StartSampling  current.o
    0x08003000   0x08003000   0x00000044   Code   RO         5048    i.Current_Update    current.o
    0x08003044   0x08003044   0x0000000c   Code   RO          370    i.DMA2_Stream0_IRQHandler  stm32f4xx_it.o
    0x08003050   0x08003050   0x00000028   Code   RO         1949    i.DMA_CalcBaseAndBitshift  stm32f4xx_hal_dma.o
    0x08003078   0x08003078   0x00000054   Code   RO         1950    i.DMA_CheckFifoParam  stm32f4xx_hal_dma.o
    0x080030cc   0x080030cc   0x00000028   Code   RO         1951    i.DMA_SetConfig     stm32f4xx_hal_dma.o
    0x080030f4   0x080030f4   0x00000002   Code   RO          371    i.DebugMon_Handler  stm32f4xx_it.o
    0x080030f6   0x080030f6   0x00000002   PAD
    0x080030f8   0x080030f8   0x00000054   Code   RO         4541    i.Debug_CdcRxCallback  debug.o
    0x0800314c   0x0800314c   0x0000001a   Code   RO         4542    i.Debug_GetBusVoltage  debug.o
    0x08003166   0x08003166   0x00000002   PAD
    0x08003168   0x08003168   0x00000028   Code   RO         4543    i.Debug_Init        debug.o
    0x08003190   0x08003190   0x0000003c   Code   RO         4544    i.Debug_Loop        debug.o
    0x080031cc   0x080031cc   0x00000290   Code   RO         4546    i.Debug_PrintStatus  debug.o
    0x0800345c   0x0800345c   0x00000bec   Code   RO         4547    i.Debug_ProcessCommand  debug.o
    0x08004048   0x08004048   0x0000001a   Code   RO         4548    i.Debug_SendBusySafe  debug.o
    0x08004062   0x08004062   0x00000002   PAD
    0x08004064   0x08004064   0x00000064   Code   RO         4549    i.Debug_SpeedTraceReset  debug.o
    0x080040c8   0x080040c8   0x000000c4   Code   RO         4550    i.Debug_SpeedTraceSample  debug.o
    0x0800418c   0x0800418c   0x0000021c   Code   RO         4551    i.Debug_TelemetryLoop  debug.o
    0x080043a8   0x080043a8   0x00000008   Code   RO         4626    i.Encoder_GetState  encoder.o
    0x080043b0   0x080043b0   0x00000030   Code   RO         4627    i.Encoder_Init      encoder.o
    0x080043e0   0x080043e0   0x00000068   Code   RO         4628    i.Encoder_SetZeroCurrentPosition  encoder.o
    0x08004448   0x08004448   0x0000009c   Code   RO         4629    i.Encoder_Update    encoder.o
    0x080044e4   0x080044e4   0x000000f0   Code   RO         4630    i.Encoder_UpdateSpeed  encoder.o
    0x080045d4   0x080045d4   0x00000004   Code   RO           13    i.Error_Handler     main.o
    0x080045d8   0x080045d8   0x00000008   Code   RO         4954    i.FOC_GetState      foc.o
    0x080045e0   0x080045e0   0x00000098   Code   RO         4955    i.FOC_Init          foc.o
    0x08004678   0x08004678   0x00000020   Code   RO         4956    i.FOC_Limit         foc.o
    0x08004698   0x08004698   0x00000030   Code   RO         4957    i.FOC_ResetCurrentLoop  foc.o
    0x080046c8   0x080046c8   0x000001b8   Code   RO         4958    i.FOC_RunCurrentLoop  foc.o
    0x08004880   0x08004880   0x00000048   Code   RO         4959    i.FOC_SetCurrentLoopBandwidth  foc.o
    0x080048c8   0x080048c8   0x00000034   Code   RO         4960    i.FOC_SetCurrentLoopGains  foc.o
    0x080048fc   0x080048fc   0x00000064   Code   RO         4961    i.FOC_SetCurrentLoopLimit  foc.o
    0x08004960   0x08004960   0x00000010   Code   RO         4962    i.FOC_SetCurrentTarget  foc.o
    0x08004970   0x08004970   0x00000030   Code   RO         4963    i.FOC_SetFeedforwardScale  foc.o
    0x080049a0   0x080049a0   0x0000000c   Code   RO         4964    i.FOC_SetFeedforwardSpeed  foc.o
    0x080049ac   0x080049ac   0x00000040   Code   RO         4965    i.FOC_SetMotorModel  foc.o
    0x080049ec   0x080049ec   0x0000005c   Code   RO         4966    i.FOC_UpdateCurrent  foc.o
    0x08004a48   0x08004a48   0x00000008   Code   RO         4682    i.FocV_GetState     foc_v.o
    0x08004a50   0x08004a50   0x0000002c   Code   RO         4683    i.FocV_Init         foc_v.o
    0x08004a7c   0x08004a7c   0x00000020   Code   RO         4684    i.FocV_LimitVoltage  foc_v.o
    0x08004a9c   0x08004a9c   0x00000054   Code   RO         4685    i.FocV_Run          foc_v.o
    0x08004af0   0x08004af0   0x00000030   Code   RO         4686    i.FocV_RunUq        foc_v.o
    0x08004b20   0x08004b20   0x0000003c   Code   RO         4687    i.FocV_SetElectricalAngle  foc_v.o
    0x08004b5c   0x08004b5c   0x0000002c   Code   RO         4688    i.FocV_SetVoltage   foc_v.o
    0x08004b88   0x08004b88   0x0000001c   Code   RO         4689    i.FocV_Stop         foc_v.o
    0x08004ba4   0x08004ba4   0x00000002   Code   RO         2796    i.HAL_ADCEx_InjectedConvCpltCallback  stm32f4xx_hal_adc_ex.o
    0x08004ba6   0x08004ba6   0x00000002   PAD
    0x08004ba8   0x08004ba8   0x0000014c   Code   RO         2627    i.HAL_ADC_ConfigChannel  stm32f4xx_hal_adc.o
    0x08004cf4   0x08004cf4   0x00000002   Code   RO         2628    i.HAL_ADC_ConvCpltCallback  stm32f4xx_hal_adc.o
    0x08004cf6   0x08004cf6   0x00000002   Code   RO         2629    i.HAL_ADC_ConvHalfCpltCallback  stm32f4xx_hal_adc.o
    0x08004cf8   0x08004cf8   0x00000002   Code   RO         2631    i.HAL_ADC_ErrorCallback  stm32f4xx_hal_adc.o
    0x08004cfa   0x08004cfa   0x00000006   Code   RO         2634    i.HAL_ADC_GetValue  stm32f4xx_hal_adc.o
    0x08004d00   0x08004d00   0x0000012e   Code   RO         2635    i.HAL_ADC_IRQHandler  stm32f4xx_hal_adc.o
    0x08004e2e   0x08004e2e   0x00000054   Code   RO         2636    i.HAL_ADC_Init      stm32f4xx_hal_adc.o
    0x08004e82   0x08004e82   0x00000002   Code   RO         2637    i.HAL_ADC_LevelOutOfWindowCallback  stm32f4xx_hal_adc.o
    0x08004e84   0x08004e84   0x000000cc   Code   RO          231    i.HAL_ADC_MspInit   adc.o
    0x08004f50   0x08004f50   0x000000aa   Code   RO         2640    i.HAL_ADC_PollForConversion  stm32f4xx_hal_adc.o
    0x08004ffa   0x08004ffa   0x00000002   PAD
    0x08004ffc   0x08004ffc   0x000000fc   Code   RO         2642    i.HAL_ADC_Start     stm32f4xx_hal_adc.o
    0x080050f8   0x080050f8   0x00000154   Code   RO         2643    i.HAL_ADC_Start_DMA  stm32f4xx_hal_adc.o
    0x0800524c   0x0800524c   0x0000003c   Code   RO         2645    i.HAL_ADC_Stop      stm32f4xx_hal_adc.o
    0x08005288   0x08005288   0x0000006c   Code   RO         2646    i.HAL_ADC_Stop_DMA  stm32f4xx_hal_adc.o
    0x080052f4   0x080052f4   0x00000092   Code   RO         1952    i.HAL_DMA_Abort     stm32f4xx_hal_dma.o
    0x08005386   0x08005386   0x00000002   PAD
    0x08005388   0x08005388   0x000001a0   Code   RO         1957    i.HAL_DMA_IRQHandler  stm32f4xx_hal_dma.o
    0x08005528   0x08005528   0x000000d4   Code   RO         1958    i.HAL_DMA_Init      stm32f4xx_hal_dma.o
    0x080055fc   0x080055fc   0x0000006e   Code   RO         1962    i.HAL_DMA_Start_IT  stm32f4xx_hal_dma.o
    0x0800566a   0x0800566a   0x00000002   PAD
    0x0800566c   0x0800566c   0x00000024   Code   RO         2371    i.HAL_Delay         stm32f4xx_hal.o
    0x08005690   0x08005690   0x000001f0   Code   RO         1845    i.HAL_GPIO_Init     stm32f4xx_hal_gpio.o
    0x08005880   0x08005880   0x0000000a   Code   RO         1849    i.HAL_GPIO_WritePin  stm32f4xx_hal_gpio.o
    0x0800588a   0x0800588a   0x00000002   PAD
    0x0800588c   0x0800588c   0x0000000c   Code   RO         2377    i.HAL_GetTick       stm32f4xx_hal.o
    0x08005898   0x08005898   0x00000010   Code   RO         2383    i.HAL_IncTick       stm32f4xx_hal.o
    0x080058a8   0x080058a8   0x00000034   Code   RO         2384    i.HAL_Init          stm32f4xx_hal.o
    0x080058dc   0x080058dc   0x00000040   Code   RO         2385    i.HAL_InitTick      stm32f4xx_hal.o
    0x0800591c   0x0800591c   0x00000030   Code   RO          480    i.HAL_MspInit       stm32f4xx_hal_msp.o
    0x0800594c   0x0800594c   0x0000001a   Code   RO         2234    i.HAL_NVIC_EnableIRQ  stm32f4xx_hal_cortex.o
    0x08005966   0x08005966   0x00000002   PAD
    0x08005968   0x08005968   0x00000040   Code   RO         2240    i.HAL_NVIC_SetPriority  stm32f4xx_hal_cortex.o
    0x080059a8   0x080059a8   0x00000024   Code   RO         2241    i.HAL_NVIC_SetPriorityGrouping  stm32f4xx_hal_cortex.o
    0x080059cc   0x080059cc   0x00000002   Code   RO         1144    i.HAL_PCDEx_LPM_Callback  stm32f4xx_hal_pcd_ex.o
    0x080059ce   0x080059ce   0x00000008   Code   RO         1145    i.HAL_PCDEx_SetRxFiFo  stm32f4xx_hal_pcd_ex.o
    0x080059d6   0x080059d6   0x00000044   Code   RO         1146    i.HAL_PCDEx_SetTxFiFo  stm32f4xx_hal_pcd_ex.o
    0x08005a1a   0x08005a1a   0x00000008   Code   RO          698    i.HAL_PCD_ConnectCallback  usbd_conf.o
    0x08005a22   0x08005a22   0x00000012   Code   RO          699    i.HAL_PCD_DataInStageCallback  usbd_conf.o
    0x08005a34   0x08005a34   0x00000014   Code   RO          700    i.HAL_PCD_DataOutStageCallback  usbd_conf.o
    0x08005a48   0x08005a48   0x00000008   Code   RO          701    i.HAL_PCD_DisconnectCallback  usbd_conf.o
    0x08005a50   0x08005a50   0x0000001e   Code   RO          914    i.HAL_PCD_EP_Abort  stm32f4xx_hal_pcd.o
    0x08005a6e   0x08005a6e   0x0000004c   Code   RO          915    i.HAL_PCD_EP_Close  stm32f4xx_hal_pcd.o
    0x08005aba   0x08005aba   0x0000005c   Code   RO          916    i.HAL_PCD_EP_ClrStall  stm32f4xx_hal_pcd.o
    0x08005b16   0x08005b16   0x00000012   Code   RO          918    i.HAL_PCD_EP_GetRxCount  stm32f4xx_hal_pcd.o
    0x08005b28   0x08005b28   0x00000060   Code   RO          919    i.HAL_PCD_EP_Open   stm32f4xx_hal_pcd.o
    0x08005b88   0x08005b88   0x00000048   Code   RO          920    i.HAL_PCD_EP_Receive  stm32f4xx_hal_pcd.o
    0x08005bd0   0x08005bd0   0x00000074   Code   RO          921    i.HAL_PCD_EP_SetStall  stm32f4xx_hal_pcd.o
    0x08005c44   0x08005c44   0x00000040   Code   RO          922    i.HAL_PCD_EP_Transmit  stm32f4xx_hal_pcd.o
    0x08005c84   0x08005c84   0x00000560   Code   RO          924    i.HAL_PCD_IRQHandler  stm32f4xx_hal_pcd.o
    0x080061e4   0x080061e4   0x00000008   Code   RO          702    i.HAL_PCD_ISOINIncompleteCallback  usbd_conf.o
    0x080061ec   0x080061ec   0x00000008   Code   RO          703    i.HAL_PCD_ISOOUTIncompleteCallback  usbd_conf.o
    0x080061f4   0x080061f4   0x000000e2   Code   RO          927    i.HAL_PCD_Init      stm32f4xx_hal_pcd.o
    0x080062d6   0x080062d6   0x00000002   PAD
    0x080062d8   0x080062d8   0x00000084   Code   RO          705    i.HAL_PCD_MspInit   usbd_conf.o
    0x0800635c   0x0800635c   0x0000002c   Code   RO          706    i.HAL_PCD_ResetCallback  usbd_conf.o
    0x08006388   0x08006388   0x00000008   Code   RO          707    i.HAL_PCD_ResumeCallback  usbd_conf.o
    0x08006390   0x08006390   0x00000008   Code   RO          708    i.HAL_PCD_SOFCallback  usbd_conf.o
    0x08006398   0x08006398   0x00000028   Code   RO          933    i.HAL_PCD_SetAddress  stm32f4xx_hal_pcd.o
    0x080063c0   0x080063c0   0x0000000e   Code   RO          709    i.HAL_PCD_SetupStageCallback  usbd_conf.o
    0x080063ce   0x080063ce   0x00000042   Code   RO          936    i.HAL_PCD_Start     stm32f4xx_hal_pcd.o
    0x08006410   0x08006410   0x00000030   Code   RO          710    i.HAL_PCD_SuspendCallback  usbd_conf.o
    0x08006440   0x08006440   0x00000134   Code   RO         1491    i.HAL_RCC_ClockConfig  stm32f4xx_hal_rcc.o
    0x08006574   0x08006574   0x0000000c   Code   RO         1496    i.HAL_RCC_GetHCLKFreq  stm32f4xx_hal_rcc.o
    0x08006580   0x08006580   0x00000060   Code   RO         1500    i.HAL_RCC_GetSysClockFreq  stm32f4xx_hal_rcc.o
    0x080065e0   0x080065e0   0x0000036c   Code   RO         1503    i.HAL_RCC_OscConfig  stm32f4xx_hal_rcc.o
    0x0800694c   0x0800694c   0x00000028   Code   RO         2245    i.HAL_SYSTICK_Config  stm32f4xx_hal_cortex.o
    0x08006974   0x08006974   0x00000002   Code   RO         3606    i.HAL_TIMEx_BreakCallback  stm32f4xx_hal_tim_ex.o
    0x08006976   0x08006976   0x00000002   Code   RO         3607    i.HAL_TIMEx_CommutCallback  stm32f4xx_hal_tim_ex.o
    0x08006978   0x08006978   0x00000054   Code   RO         3609    i.HAL_TIMEx_ConfigBreakDeadTime  stm32f4xx_hal_tim_ex.o
    0x080069cc   0x080069cc   0x00000090   Code   RO         3625    i.HAL_TIMEx_MasterConfigSynchronization  stm32f4xx_hal_tim_ex.o
    0x08006a5c   0x08006a5c   0x0000005a   Code   RO         2902    i.HAL_TIM_Base_Init  stm32f4xx_hal_tim.o
    0x08006ab6   0x08006ab6   0x00000002   PAD
    0x08006ab8   0x08006ab8   0x00000068   Code   RO          297    i.HAL_TIM_Base_MspInit  tim.o
    0x08006b20   0x08006b20   0x00000080   Code   RO         2907    i.HAL_TIM_Base_Start_IT  stm32f4xx_hal_tim.o
    0x08006ba0   0x08006ba0   0x000000dc   Code   RO         2911    i.HAL_TIM_ConfigClockSource  stm32f4xx_hal_tim.o
    0x08006c7c   0x08006c7c   0x000000a4   Code   RO         2923    i.HAL_TIM_Encoder_Init  stm32f4xx_hal_tim.o
    0x08006d20   0x08006d20   0x00000074   Code   RO          299    i.HAL_TIM_Encoder_MspInit  tim.o
    0x08006d94   0x08006d94   0x0000008e   Code   RO         2926    i.HAL_TIM_Encoder_Start  stm32f4xx_hal_tim.o
    0x08006e22   0x08006e22   0x00000002   Code   RO         2936    i.HAL_TIM_IC_CaptureCallback  stm32f4xx_hal_tim.o
    0x08006e24   0x08006e24   0x00000166   Code   RO         2950    i.HAL_TIM_IRQHandler  stm32f4xx_hal_tim.o
    0x08006f8a   0x08006f8a   0x00000002   PAD
    0x08006f8c   0x08006f8c   0x00000080   Code   RO          300    i.HAL_TIM_MspPostInit  tim.o
    0x0800700c   0x0800700c   0x00000002   Code   RO         2953    i.HAL_TIM_OC_DelayElapsedCallback  stm32f4xx_hal_tim.o
    0x0800700e   0x0800700e   0x000000cc   Code   RO         2974    i.HAL_TIM_PWM_ConfigChannel  stm32f4xx_hal_tim.o
    0x080070da   0x080070da   0x0000005a   Code   RO         2977    i.HAL_TIM_PWM_Init  stm32f4xx_hal_tim.o
    0x08007134   0x08007134   0x00000002   Code   RO         2979    i.HAL_TIM_PWM_MspInit  stm32f4xx_hal_tim.o
    0x08007136   0x08007136   0x00000002   Code   RO         2980    i.HAL_TIM_PWM_PulseFinishedCallback  stm32f4xx_hal_tim.o
    0x08007138   0x08007138   0x000000c8   Code   RO         2982    i.HAL_TIM_PWM_Start  stm32f4xx_hal_tim.o
    0x08007200   0x08007200   0x00000002   Code   RO         2988    i.HAL_TIM_PeriodElapsedCallback  stm32f4xx_hal_tim.o
    0x08007202   0x08007202   0x00000056   Code   RO         2991    i.HAL_TIM_SlaveConfigSynchro  stm32f4xx_hal_tim.o
    0x08007258   0x08007258   0x00000002   Code   RO         2993    i.HAL_TIM_TriggerCallback  stm32f4xx_hal_tim.o
    0x0800725a   0x0800725a   0x00000002   Code   RO          372    i.HardFault_Handler  stm32f4xx_it.o
    0x0800725c   0x0800725c   0x00000038   Code   RO          552    i.IntToUnicode      usbd_desc.o
    0x08007294   0x08007294   0x0000007c   Code   RO          232    i.MX_ADC1_Init      adc.o
    0x08007310   0x08007310   0x0000002c   Code   RO          272    i.MX_DMA_Init       dma.o
    0x0800733c   0x0800733c   0x0000008c   Code   RO          206    i.MX_GPIO_Init      gpio.o
    0x080073c8   0x080073c8   0x000000f8   Code   RO          301    i.MX_TIM1_Init      tim.o
    0x080074c0   0x080074c0   0x00000068   Code   RO          302    i.MX_TIM2_Init      tim.o
    0x08007528   0x08007528   0x000000b4   Code   RO          303    i.MX_TIM3_Init      tim.o
    0x080075dc   0x080075dc   0x00000054   Code   RO          504    i.MX_USB_DEVICE_Init  usb_device.o
    0x08007630   0x08007630   0x00000002   Code   RO          373    i.MemManage_Handler  stm32f4xx_it.o
    0x08007632   0x08007632   0x00000002   PAD
    0x08007634   0x08007634   0x0000000c   Code   RO         4822    i.MotionCtrl_GetMode  motion_ctrl.o
    0x08007640   0x08007640   0x00000008   Code   RO         4824    i.MotionCtrl_GetOutput  motion_ctrl.o
    0x08007648   0x08007648   0x00000008   Code   RO         4826    i.MotionCtrl_GetSpeedPIState  motion_ctrl.o
    0x08007650   0x08007650   0x00000068   Code   RO         4827    i.MotionCtrl_Init   motion_ctrl.o
    0x080076b8   0x080076b8   0x00000034   Code   RO         4828    i.MotionCtrl_LimitAbs  motion_ctrl.o
    0x080076ec   0x080076ec   0x00000020   Code   RO         4829    i.MotionCtrl_LimitUq  motion_ctrl.o
    0x0800770c   0x0800770c   0x00000018   Code   RO         4830    i.MotionCtrl_SetMode  motion_ctrl.o
    0x08007724   0x08007724   0x00000024   Code   RO         4831    i.MotionCtrl_SetOpenLoop  motion_ctrl.o
    0x08007748   0x08007748   0x00000054   Code   RO         4832    i.MotionCtrl_SetPositionP  motion_ctrl.o
    0x0800779c   0x0800779c   0x000000b0   Code   RO         4833    i.MotionCtrl_SetSpeedPI  motion_ctrl.o
    0x0800784c   0x0800784c   0x00000148   Code   RO         4834    i.MotionCtrl_Update  motion_ctrl.o
    0x08007994   0x08007994   0x00000040   Code   RO         4750    i.MotorPWM_Enable   motor_pwm.o
    0x080079d4   0x080079d4   0x00000016   Code   RO         4752    i.MotorPWM_Init     motor_pwm.o
    0x080079ea   0x080079ea   0x0000000e   Code   RO         4753    i.MotorPWM_LimitDuty  motor_pwm.o
    0x080079f8   0x080079f8   0x00000020   Code   RO         4754    i.MotorPWM_LimitPhaseVoltage  motor_pwm.o
    0x08007a18   0x08007a18   0x0000002c   Code   RO         4755    i.MotorPWM_PhaseVoltageToDuty  motor_pwm.o
    0x08007a44   0x08007a44   0x00000070   Code   RO         4756    i.MotorPWM_SetPhaseVoltage  motor_pwm.o
    0x08007ab4   0x08007ab4   0x00000038   Code   RO         4757    i.MotorPWM_SetRaw   motor_pwm.o
    0x08007aec   0x08007aec   0x00000020   Code   RO         4758    i.MotorPWM_WriteCompare  motor_pwm.o
    0x08007b0c   0x08007b0c   0x00000002   Code   RO          374    i.NMI_Handler       stm32f4xx_it.o
    0x08007b0e   0x08007b0e   0x00000002   PAD
    0x08007b10   0x08007b10   0x0000000c   Code   RO          375    i.OTG_FS_IRQHandler  stm32f4xx_it.o
    0x08007b1c   0x08007b1c   0x000000cc   Code   RO          940    i.PCD_EP_OutXfrComplete_int  stm32f4xx_hal_pcd.o
    0x08007be8   0x08007be8   0x000000a2   Code   RO          941    i.PCD_WriteEmptyTxFifo  stm32f4xx_hal_pcd.o
    0x08007c8a   0x08007c8a   0x00000002   PAD
    0x08007c8c   0x08007c8c   0x00000044   Code   RO         4907    i.PID_Init          pid.o
    0x08007cd0   0x08007cd0   0x00000020   Code   RO         4908    i.PID_Limit         pid.o
    0x08007cf0   0x08007cf0   0x00000024   Code   RO         4909    i.PID_Reset         pid.o
    0x08007d14   0x08007d14   0x0000000e   Code   RO         4910    i.PID_SetGains      pid.o
    0x08007d22   0x08007d22   0x0000003e   Code   RO         4911    i.PID_SetIntegralLimit  pid.o
    0x08007d60   0x08007d60   0x0000003e   Code   RO         4912    i.PID_SetOutputLimit  pid.o
    0x08007d9e   0x08007d9e   0x00000002   PAD
    0x08007da0   0x08007da0   0x000000a8   Code   RO         4913    i.PID_Update        pid.o
    0x08007e48   0x08007e48   0x00000002   Code   RO          376    i.PendSV_Handler    stm32f4xx_it.o
    0x08007e4a   0x08007e4a   0x00000002   Code   RO          377    i.SVC_Handler       stm32f4xx_it.o
    0x08007e4c   0x08007e4c   0x0000000a   Code   RO         4070    i.SWAPBYTE          usbd_ctlreq.o
    0x08007e56   0x08007e56   0x00000004   Code   RO          378    i.SysTick_Handler   stm32f4xx_it.o
    0x08007e5a   0x08007e5a   0x00000002   PAD
    0x08007e5c   0x08007e5c   0x00000098   Code   RO           14    i.SystemClock_Config  main.o
    0x08007ef4   0x08007ef4   0x00000010   Code   RO         3874    i.SystemInit        system_stm32f4xx.o
    0x08007f04   0x08007f04   0x00000014   Code   RO          379    i.TIM1_UP_TIM10_IRQHandler  stm32f4xx_it.o
    0x08007f18   0x08007f18   0x0000000c   Code   RO          380    i.TIM2_IRQHandler   stm32f4xx_it.o
    0x08007f24   0x08007f24   0x0000000c   Code   RO          381    i.TIM3_IRQHandler   stm32f4xx_it.o
    0x08007f30   0x08007f30   0x000000c8   Code   RO         2995    i.TIM_Base_SetConfig  stm32f4xx_hal_tim.o
    0x08007ff8   0x08007ff8   0x0000001a   Code   RO         2996    i.TIM_CCxChannelCmd  stm32f4xx_hal_tim.o
    0x08008012   0x08008012   0x00000014   Code   RO         3006    i.TIM_ETR_SetConfig  stm32f4xx_hal_tim.o
    0x08008026   0x08008026   0x00000010   Code   RO         3007    i.TIM_ITRx_SetConfig  stm32f4xx_hal_tim.o
    0x08008036   0x08008036   0x00000002   PAD
    0x08008038   0x08008038   0x00000060   Code   RO         3008    i.TIM_OC1_SetConfig  stm32f4xx_hal_tim.o
    0x08008098   0x08008098   0x0000006c   Code   RO         3009    i.TIM_OC2_SetConfig  stm32f4xx_hal_tim.o
    0x08008104   0x08008104   0x00000068   Code   RO         3010    i.TIM_OC3_SetConfig  stm32f4xx_hal_tim.o
    0x0800816c   0x0800816c   0x00000050   Code   RO         3011    i.TIM_OC4_SetConfig  stm32f4xx_hal_tim.o
    0x080081bc   0x080081bc   0x0000008c   Code   RO         3012    i.TIM_SlaveTimer_SetConfig  stm32f4xx_hal_tim.o
    0x08008248   0x08008248   0x00000022   Code   RO         3013    i.TIM_TI1_ConfigInputStage  stm32f4xx_hal_tim.o
    0x0800826a   0x0800826a   0x00000024   Code   RO         3015    i.TIM_TI2_ConfigInputStage  stm32f4xx_hal_tim.o
    0x0800828e   0x0800828e   0x00000076   Code   RO         4203    i.USBD_CDC_DataIn   usbd_cdc.o
    0x08008304   0x08008304   0x0000003c   Code   RO         4204    i.USBD_CDC_DataOut  usbd_cdc.o
    0x08008340   0x08008340   0x00000090   Code   RO         4205    i.USBD_CDC_DeInit   usbd_cdc.o
    0x080083d0   0x080083d0   0x00000036   Code   RO         4206    i.USBD_CDC_EP0_RxReady  usbd_cdc.o
    0x08008406   0x08008406   0x00000002   PAD
    0x08008408   0x08008408   0x0000000c   Code   RO         4207    i.USBD_CDC_GetDeviceQualifierDescriptor  usbd_cdc.o
    0x08008414   0x08008414   0x0000003c   Code   RO         4208    i.USBD_CDC_GetFSCfgDesc  usbd_cdc.o
    0x08008450   0x08008450   0x00000040   Code   RO         4209    i.USBD_CDC_GetHSCfgDesc  usbd_cdc.o
    0x08008490   0x08008490   0x0000003c   Code   RO         4210    i.USBD_CDC_GetOtherSpeedCfgDesc  usbd_cdc.o
    0x080084cc   0x080084cc   0x00000118   Code   RO         4211    i.USBD_CDC_Init     usbd_cdc.o
    0x080085e4   0x080085e4   0x00000038   Code   RO         4212    i.USBD_CDC_ReceivePacket  usbd_cdc.o
    0x0800861c   0x0800861c   0x00000016   Code   RO         4213    i.USBD_CDC_RegisterInterface  usbd_cdc.o
    0x08008632   0x08008632   0x0000001a   Code   RO         4214    i.USBD_CDC_SetRxBuffer  usbd_cdc.o
    0x0800864c   0x0800864c   0x0000001e   Code   RO         4215    i.USBD_CDC_SetTxBuffer  usbd_cdc.o
    0x0800866a   0x0800866a   0x000000d4   Code   RO         4216    i.USBD_CDC_Setup    usbd_cdc.o
    0x0800873e   0x0800873e   0x00000002   PAD
    0x08008740   0x08008740   0x00000050   Code   RO         4217    i.USBD_CDC_TransmitPacket  usbd_cdc.o
    0x08008790   0x08008790   0x00000014   Code   RO         3911    i.USBD_ClrClassConfig  usbd_core.o
    0x080087a4   0x080087a4   0x00000004   Code   RO         3912    i.USBD_CoreFindEP   usbd_core.o
    0x080087a8   0x080087a8   0x00000004   Code   RO         3913    i.USBD_CoreFindIF   usbd_core.o
    0x080087ac   0x080087ac   0x00000010   Code   RO         4143    i.USBD_CtlContinueRx  usbd_ioreq.o
    0x080087bc   0x080087bc   0x00000010   Code   RO         4144    i.USBD_CtlContinueSendData  usbd_ioreq.o
    0x080087cc   0x080087cc   0x00000016   Code   RO         4071    i.USBD_CtlError     usbd_ctlreq.o
    0x080087e2   0x080087e2   0x0000001e   Code   RO         4145    i.USBD_CtlPrepareRx  usbd_ioreq.o
    0x08008800   0x08008800   0x00000016   Code   RO         4146    i.USBD_CtlReceiveStatus  usbd_ioreq.o
    0x08008816   0x08008816   0x0000001a   Code   RO         4147    i.USBD_CtlSendData  usbd_ioreq.o
    0x08008830   0x08008830   0x00000016   Code   RO         4148    i.USBD_CtlSendStatus  usbd_ioreq.o
    0x08008846   0x08008846   0x00000002   PAD
    0x08008848   0x08008848   0x00000020   Code   RO          553    i.USBD_FS_ConfigStrDescriptor  usbd_desc.o
    0x08008868   0x08008868   0x0000000c   Code   RO          554    i.USBD_FS_DeviceDescriptor  usbd_desc.o
    0x08008874   0x08008874   0x00000024   Code   RO          555    i.USBD_FS_InterfaceStrDescriptor  usbd_desc.o
    0x08008898   0x08008898   0x0000000c   Code   RO          556    i.USBD_FS_LangIDStrDescriptor  usbd_desc.o
    0x080088a4   0x080088a4   0x00000028   Code   RO          557    i.USBD_FS_ManufacturerStrDescriptor  usbd_desc.o
    0x080088cc   0x080088cc   0x0000002c   Code   RO          558    i.USBD_FS_ProductStrDescriptor  usbd_desc.o
    0x080088f8   0x080088f8   0x00000038   Code   RO          559    i.USBD_FS_SerialStrDescriptor  usbd_desc.o
    0x08008930   0x08008930   0x000000e6   Code   RO         4072    i.USBD_GetDescriptor  usbd_ctlreq.o
    0x08008a16   0x08008a16   0x0000003a   Code   RO         3915    i.USBD_GetEpDesc    usbd_core.o
    0x08008a50   0x08008a50   0x0000000e   Code   RO         3916    i.USBD_GetNextDesc  usbd_core.o
    0x08008a5e   0x08008a5e   0x00000048   Code   RO         4073    i.USBD_GetString    usbd_ctlreq.o
    0x08008aa6   0x08008aa6   0x00000018   Code   RO          711    i.USBD_Get_USB_Status  usbd_conf.o
    0x08008abe   0x08008abe   0x00000026   Code   RO         3917    i.USBD_Init         usbd_core.o
    0x08008ae4   0x08008ae4   0x00000012   Code   RO          712    i.USBD_LL_ClearStallEP  usbd_conf.o
    0x08008af6   0x08008af6   0x00000012   Code   RO          713    i.USBD_LL_CloseEP   usbd_conf.o
    0x08008b08   0x08008b08   0x000000b6   Code   RO         3918    i.USBD_LL_DataInStage  usbd_core.o
    0x08008bbe   0x08008bbe   0x0000008e   Code   RO         3919    i.USBD_LL_DataOutStage  usbd_core.o
    0x08008c4c   0x08008c4c   0x00000004   Code   RO         3920    i.USBD_LL_DevConnected  usbd_core.o
    0x08008c50   0x08008c50   0x0000001e   Code   RO         3921    i.USBD_LL_DevDisconnected  usbd_core.o
    0x08008c6e   0x08008c6e   0x00000008   Code   RO          717    i.USBD_LL_GetRxDataSize  usbd_conf.o
    0x08008c76   0x08008c76   0x00000002   PAD
    0x08008c78   0x08008c78   0x00000060   Code   RO          718    i.USBD_LL_Init      usbd_conf.o
    0x08008cd8   0x08008cd8   0x00000020   Code   RO          719    i.USBD_LL_IsStallEP  usbd_conf.o
    0x08008cf8   0x08008cf8   0x00000028   Code   RO         3922    i.USBD_LL_IsoINIncomplete  usbd_core.o
    0x08008d20   0x08008d20   0x00000028   Code   RO         3923    i.USBD_LL_IsoOUTIncomplete  usbd_core.o
    0x08008d48   0x08008d48   0x00000018   Code   RO          720    i.USBD_LL_OpenEP    usbd_conf.o
    0x08008d60   0x08008d60   0x00000012   Code   RO          721    i.USBD_LL_PrepareReceive  usbd_conf.o
    0x08008d72   0x08008d72   0x0000005c   Code   RO         3924    i.USBD_LL_Reset     usbd_core.o
    0x08008dce   0x08008dce   0x00000014   Code   RO         3925    i.USBD_LL_Resume    usbd_core.o
    0x08008de2   0x08008de2   0x0000001a   Code   RO         3926    i.USBD_LL_SOF       usbd_core.o
    0x08008dfc   0x08008dfc   0x00000006   Code   RO         3927    i.USBD_LL_SetSpeed  usbd_core.o
    0x08008e02   0x08008e02   0x00000012   Code   RO          722    i.USBD_LL_SetUSBAddress  usbd_conf.o
    0x08008e14   0x08008e14   0x00000060   Code   RO         3928    i.USBD_LL_SetupStage  usbd_core.o
    0x08008e74   0x08008e74   0x00000012   Code   RO          723    i.USBD_LL_StallEP   usbd_conf.o
    0x08008e86   0x08008e86   0x00000012   Code   RO          724    i.USBD_LL_Start     usbd_conf.o
    0x08008e98   0x08008e98   0x00000012   Code   RO         3929    i.USBD_LL_Suspend   usbd_core.o
    0x08008eaa   0x08008eaa   0x00000012   Code   RO          726    i.USBD_LL_Transmit  usbd_conf.o
    0x08008ebc   0x08008ebc   0x0000002c   Code   RO         4074    i.USBD_ParseSetupRequest  usbd_ctlreq.o
    0x08008ee8   0x08008ee8   0x0000003a   Code   RO         3930    i.USBD_RegisterClass  usbd_core.o
    0x08008f22   0x08008f22   0x00000014   Code   RO         3932    i.USBD_SetClassConfig  usbd_core.o
    0x08008f36   0x08008f36   0x00000002   PAD
    0x08008f38   0x08008f38   0x000000b8   Code   RO         4075    i.USBD_SetConfig    usbd_ctlreq.o
    0x08008ff0   0x08008ff0   0x00000004   Code   RO         3933    i.USBD_Start        usbd_core.o
    0x08008ff4   0x08008ff4   0x0000012c   Code   RO         4076    i.USBD_StdDevReq    usbd_ctlreq.o
    0x08009120   0x08009120   0x00000160   Code   RO         4077    i.USBD_StdEPReq     usbd_ctlreq.o
    0x08009280   0x08009280   0x00000072   Code   RO         4078    i.USBD_StdItfReq    usbd_ctlreq.o
    0x080092f2   0x080092f2   0x00000002   Code   RO          727    i.USBD_static_free  usbd_conf.o
    0x080092f4   0x080092f4   0x00000008   Code   RO          728    i.USBD_static_malloc  usbd_conf.o
    0x080092fc   0x080092fc   0x00000080   Code   RO         1186    i.USB_ActivateEndpoint  stm32f4xx_ll_usb.o
    0x0800937c   0x0800937c   0x0000001c   Code   RO         1188    i.USB_ActivateSetup  stm32f4xx_ll_usb.o
    0x08009398   0x08009398   0x00000074   Code   RO         1190    i.USB_CoreInit      stm32f4xx_ll_usb.o
    0x0800940c   0x0800940c   0x00000040   Code   RO         1191    i.USB_CoreReset     stm32f4xx_ll_usb.o
    0x0800944c   0x0800944c   0x000000cc   Code   RO         1194    i.USB_DeactivateEndpoint  stm32f4xx_ll_usb.o
    0x08009518   0x08009518   0x0000001c   Code   RO         1195    i.USB_DevConnect    stm32f4xx_ll_usb.o
    0x08009534   0x08009534   0x0000001c   Code   RO         1196    i.USB_DevDisconnect  stm32f4xx_ll_usb.o
    0x08009550   0x08009550   0x00000174   Code   RO         1197    i.USB_DevInit       stm32f4xx_ll_usb.o
    0x080096c4   0x080096c4   0x0000000c   Code   RO         1198    i.USB_DisableGlobalInt  stm32f4xx_ll_usb.o
    0x080096d0   0x080096d0   0x0000011c   Code   RO         1201    i.USB_EP0StartXfer  stm32f4xx_ll_usb.o
    0x080097ec   0x080097ec   0x00000058   Code   RO         1202    i.USB_EP0_OutStart  stm32f4xx_ll_usb.o
    0x08009844   0x08009844   0x00000058   Code   RO         1203    i.USB_EPClearStall  stm32f4xx_ll_usb.o
    0x0800989c   0x0800989c   0x00000058   Code   RO         1204    i.USB_EPSetStall    stm32f4xx_ll_usb.o
    0x080098f4   0x080098f4   0x000001e4   Code   RO         1205    i.USB_EPStartXfer   stm32f4xx_ll_usb.o
    0x08009ad8   0x08009ad8   0x0000009e   Code   RO         1206    i.USB_EPStopXfer    stm32f4xx_ll_usb.o
    0x08009b76   0x08009b76   0x0000000c   Code   RO         1207    i.USB_EnableGlobalInt  stm32f4xx_ll_usb.o
    0x08009b82   0x08009b82   0x00000002   PAD
    0x08009b84   0x08009b84   0x0000003c   Code   RO         1208    i.USB_FlushRxFifo   stm32f4xx_ll_usb.o
    0x08009bc0   0x08009bc0   0x00000040   Code   RO         1209    i.USB_FlushTxFifo   stm32f4xx_ll_usb.o
    0x08009c00   0x08009c00   0x0000001a   Code   RO         1211    i.USB_GetDevSpeed   stm32f4xx_ll_usb.o
    0x08009c1a   0x08009c1a   0x00000008   Code   RO         1213    i.USB_GetMode       stm32f4xx_ll_usb.o
    0x08009c22   0x08009c22   0x0000000e   Code   RO         1220    i.USB_ReadDevAllInEpInterrupt  stm32f4xx_ll_usb.o
    0x08009c30   0x08009c30   0x0000000e   Code   RO         1221    i.USB_ReadDevAllOutEpInterrupt  stm32f4xx_ll_usb.o
    0x08009c3e   0x08009c3e   0x00000024   Code   RO         1222    i.USB_ReadDevInEPInterrupt  stm32f4xx_ll_usb.o
    0x08009c62   0x08009c62   0x00000010   Code   RO         1223    i.USB_ReadDevOutEPInterrupt  stm32f4xx_ll_usb.o
    0x08009c72   0x08009c72   0x00000008   Code   RO         1224    i.USB_ReadInterrupts  stm32f4xx_ll_usb.o
    0x08009c7a   0x08009c7a   0x0000003e   Code   RO         1225    i.USB_ReadPacket    stm32f4xx_ll_usb.o
    0x08009cb8   0x08009cb8   0x0000005c   Code   RO         1227    i.USB_SetCurrentMode  stm32f4xx_ll_usb.o
    0x08009d14   0x08009d14   0x00000022   Code   RO         1228    i.USB_SetDevAddress  stm32f4xx_ll_usb.o
    0x08009d36   0x08009d36   0x00000002   PAD
    0x08009d38   0x08009d38   0x000000e8   Code   RO         1230    i.USB_SetTurnaroundTime  stm32f4xx_ll_usb.o
    0x08009e20   0x08009e20   0x00000028   Code   RO         1233    i.USB_WritePacket   stm32f4xx_ll_usb.o
    0x08009e48   0x08009e48   0x00000002   Code   RO          382    i.UsageFault_Handler  stm32f4xx_it.o
    0x08009e4a   0x08009e4a   0x00000030   Code   RO         5343    i.__ARM_fpclassify  m_wm.l(fpclassify.o)
    0x08009e7a   0x08009e7a   0x00000026   Code   RO         5251    i.__ARM_fpclassifyf  m_wm.l(fpclassifyf.o)
    0x08009ea0   0x08009ea0   0x00000020   Code   RO         2247    i.__NVIC_SetPriority  stm32f4xx_hal_cortex.o
    0x08009ec0   0x08009ec0   0x000000f8   Code   RO         5436    i.__hardfp___mathlib_tofloat  m_wm.l(narrow.o)
    0x08009fb8   0x08009fb8   0x000002ac   Code   RO         5162    i.__hardfp_atan2f   m_wm.l(atan2f.o)
    0x0800a264   0x0800a264   0x00000004   PAD
    0x0800a268   0x0800a268   0x00000038   Code   RO         5174    i.__hardfp_atof     m_wm.l(atof.o)
    0x0800a2a0   0x0800a2a0   0x00000150   Code   RO         5180    i.__hardfp_cosf     m_wm.l(cosf.o)
    0x0800a3f0   0x0800a3f0   0x000000d0   Code   RO         5503    i.__hardfp_ldexp    m_wm.l(ldexp.o)
    0x0800a4c0   0x0800a4c0   0x00000190   Code   RO         5192    i.__hardfp_sinf     m_wm.l(sinf.o)
    0x0800a650   0x0800a650   0x0000003a   Code   RO         5204    i.__hardfp_sqrtf    m_wm.l(sqrtf.o)
    0x0800a68a   0x0800a68a   0x00000006   PAD
    0x0800a690   0x0800a690   0x00000020   Code   RO         5559    i.__mathlib_dbl_overflow  m_wm.l(dunder.o)
    0x0800a6b0   0x0800a6b0   0x00000020   Code   RO         5561    i.__mathlib_dbl_underflow  m_wm.l(dunder.o)
    0x0800a6d0   0x0800a6d0   0x00000006   Code   RO         5254    i.__mathlib_flt_infnan  m_wm.l(funder.o)
    0x0800a6d6   0x0800a6d6   0x00000006   Code   RO         5255    i.__mathlib_flt_infnan2  m_wm.l(funder.o)
    0x0800a6dc   0x0800a6dc   0x00000010   Code   RO         5256    i.__mathlib_flt_invalid  m_wm.l(funder.o)
    0x0800a6ec   0x0800a6ec   0x00000010   Code   RO         5259    i.__mathlib_flt_underflow  m_wm.l(funder.o)
    0x0800a6fc   0x0800a6fc   0x00000012   Code   RO         5437    i.__mathlib_narrow  m_wm.l(narrow.o)
    0x0800a70e   0x0800a70e   0x00000002   PAD
    0x0800a710   0x0800a710   0x00000154   Code   RO         5267    i.__mathlib_rredf2  m_wm.l(rredf.o)
    0x0800a864   0x0800a864   0x00000014   Code   RO         5505    i.__support_ldexp   m_wm.l(ldexp.o)
    0x0800a878   0x0800a878   0x0000000e   Code   RO         5124    i._is_digit         c_w.l(__printf_wp.o)
    0x0800a886   0x0800a886   0x00000002   PAD
    0x0800a888   0x0800a888   0x0000008c   Code   RO         5471    i.frexp             m_wm.l(frexp.o)
    0x0800a914   0x0800a914   0x0000002e   Code   RO           15    i.main              main.o
    0x0800a942   0x0800a942   0x00000002   PAD
    0x0800a944   0x0800a944   0x0000002c   Code   RO         5333    locale$$code        c_w.l(lc_numeric_c.o)
    0x0800a970   0x0800a970   0x0000002c   Code   RO         5416    locale$$code        c_w.l(lc_ctype_c.o)
    0x0800a99c   0x0800a99c   0x00000062   Code   RO         5156    x$fpl$d2f           fz_wm.l(d2f.o)
    0x0800a9fe   0x0800a9fe   0x00000002   PAD
    0x0800aa00   0x0800aa00   0x00000010   Code   RO         5576    x$fpl$dcheck1       fz_wm.l(dcheck1.o)
    0x0800aa10   0x0800aa10   0x00000018   Code   RO         5497    x$fpl$dcmpinf       fz_wm.l(dcmpi.o)
    0x0800aa28   0x0800aa28   0x00000078   Code   RO         5465    x$fpl$deqf          fz_wm.l(deqf.o)
    0x0800aaa0   0x0800aaa0   0x00000078   Code   RO         5499    x$fpl$dleqf         fz_wm.l(dleqf.o)
    0x0800ab18   0x0800ab18   0x00000154   Code   RO         5501    x$fpl$dmul          fz_wm.l(dmul.o)
    0x0800ac6c   0x0800ac6c   0x0000009c   Code   RO         5242    x$fpl$dnaninf       fz_wm.l(dnaninf.o)
    0x0800ad08   0x0800ad08   0x0000000c   Code   RO         5244    x$fpl$dretinf       fz_wm.l(dretinf.o)
    0x0800ad14   0x0800ad14   0x0000006c   Code   RO         5467    x$fpl$drleqf        fz_wm.l(drleqf.o)
    0x0800ad80   0x0800ad80   0x00000056   Code   RO         5158    x$fpl$f2d           fz_wm.l(f2d.o)
    0x0800add6   0x0800add6   0x0000008c   Code   RO         5246    x$fpl$fnaninf       fz_wm.l(fnaninf.o)
    0x0800ae62   0x0800ae62   0x0000000a   Code   RO         5428    x$fpl$fpinit        fz_wm.l(fpinit.o)
    0x0800ae6c   0x0800ae6c   0x0000000a   Code   RO         5248    x$fpl$fretinf       fz_wm.l(fretinf.o)
    0x0800ae76   0x0800ae76   0x00000006   Code   RO         5339    x$fpl$ieeestatus    fz_wm.l(istatus.o)
    0x0800ae7c   0x0800ae7c   0x00000004   Code   RO         5160    x$fpl$printf1       fz_wm.l(printf1.o)
    0x0800ae80   0x0800ae80   0x00000064   Code   RO         5582    x$fpl$retnan        fz_wm.l(retnan.o)
    0x0800aee4   0x0800aee4   0x0000005c   Code   RO         5553    x$fpl$scalbn        fz_wm.l(scalbn.o)
    0x0800af40   0x0800af40   0x00000004   Code   RO         5341    x$fpl$scanf1        fz_wm.l(scanf1.o)
    0x0800af44   0x0800af44   0x00000008   Code   RO         5430    x$fpl$scanf2        fz_wm.l(scanf2.o)
    0x0800af4c   0x0800af4c   0x00000030   Code   RO         5584    x$fpl$trapveneer    fz_wm.l(trapv.o)
    0x0800af7c   0x0800af7c   0x00000000   Code   RO         5250    x$fpl$usenofp       fz_wm.l(usenofp.o)
    0x0800af7c   0x0800af7c   0x00000008   Data   RO         1964    .constdata          stm32f4xx_hal_dma.o
    0x0800af84   0x0800af84   0x00000010   Data   RO         3875    .constdata          system_stm32f4xx.o
    0x0800af94   0x0800af94   0x00000020   Data   RO         5268    .constdata          m_wm.l(rredf.o)
    0x0800afb4   0x0800afb4   0x00000094   Data   RO         5308    .constdata          c_w.l(bigflt0.o)
    0x0800b048   0x0800b048   0x000003cd   Data   RO         4553    .conststring        debug.o
    0x0800b415   0x0800b415   0x00000003   PAD
    0x0800b418   0x0800b418   0x00000020   Data   RO         5586    Region$$Table       anon$$obj.o
    0x0800b438   0x0800b438   0x00000008   Data   RO         5424    c$$dinf             fz_wm.l(fpconst.o)
    0x0800b440   0x0800b440   0x00000008   Data   RO         5427    c$$dmax             fz_wm.l(fpconst.o)
    0x0800b448   0x0800b448   0x0000001c   Data   RO         5332    locale$$data        c_w.l(lc_numeric_c.o)
    0x0800b464   0x0800b464   0x00000110   Data   RO         5415    locale$$data        c_w.l(lc_ctype_c.o)


    Execution Region RW_IRAM1 (Exec base: 0x20000000, Load base: 0x0800b574, Size: 0x00003838, Max: 0x0001c000, ABSOLUTE, COMPRESSED[0x000000b8])

    Exec Addr    Load Addr    Size         Type   Attr      Idx    E Section Name        Object

    0x20000000   COMPRESSED   0x0000001c   Data   RW          561    .data               usbd_desc.o
    0x2000001c   COMPRESSED   0x00000032   Data   RW          562    .data               usbd_desc.o
    0x2000004e   COMPRESSED   0x00000002   PAD
    0x20000050   COMPRESSED   0x00000014   Data   RW          645    .data               usbd_cdc_if.o
    0x20000064   COMPRESSED   0x0000000c   Data   RW         2391    .data               stm32f4xx_hal.o
    0x20000070   COMPRESSED   0x00000004   Data   RW         3877    .data               system_stm32f4xx.o
    0x20000074   COMPRESSED   0x00000001   Data   RW         4079    .data               usbd_ctlreq.o
    0x20000075   COMPRESSED   0x00000003   PAD
    0x20000078   COMPRESSED   0x00000053   Data   RW         4218    .data               usbd_cdc.o
    0x200000cb   COMPRESSED   0x00000001   PAD
    0x200000cc   COMPRESSED   0x00000038   Data   RW         4219    .data               usbd_cdc.o
    0x20000104   COMPRESSED   0x00000030   Data   RW         4340    .data               app.o
    0x20000134   COMPRESSED   0x0000000c   Data   RW         4554    .data               debug.o
    0x20000140   COMPRESSED   0x00000010   Data   RW         4632    .data               encoder.o
    0x20000150   COMPRESSED   0x0000000a   Data   RW         4759    .data               motor_pwm.o
    0x2000015a   COMPRESSED   0x00000002   PAD
    0x2000015c   COMPRESSED   0x00000014   Data   RW         4836    .data               motion_ctrl.o
    0x20000170   COMPRESSED   0x00000002   Data   RW         5050    .data               current.o
    0x20000172   COMPRESSED   0x00000002   PAD
    0x20000174   COMPRESSED   0x00000004   Data   RW         5140    .data               c_w.l(strtok.o)
    0x20000178        -       0x000000a8   Zero   RW          233    .bss                adc.o
    0x20000220        -       0x000000d8   Zero   RW          304    .bss                tim.o
    0x200002f8        -       0x000002dc   Zero   RW          505    .bss                usb_device.o
    0x200005d4        -       0x00000200   Zero   RW          560    .bss                usbd_desc.o
    0x200007d4        -       0x00001000   Zero   RW          644    .bss                usbd_cdc_if.o
    0x200017d4        -       0x0000072c   Zero   RW          729    .bss                usbd_conf.o
    0x20001f00        -       0x000002d8   Zero   RW         4552    .bss                debug.o
    0x200021d8        -       0x0000007c   Zero   RW         4631    .bss                encoder.o
    0x20002254        -       0x00000014   Zero   RW         4690    .bss                foc_v.o
    0x20002268        -       0x00000068   Zero   RW         4835    .bss                motion_ctrl.o
    0x200022d0        -       0x0000005c   Zero   RW         4967    .bss                foc.o
    0x2000232c        -       0x000000a8   Zero   RW         5049    .bss                current.o
    0x200023d4        -       0x00000060   Zero   RW         5346    .bss                c_w.l(libspace.o)
    0x20002434   COMPRESSED   0x00000004   PAD
    0x20002438        -       0x00000400   Zero   RW            2    HEAP                startup_stm32f407xx.o
    0x20002838        -       0x00001000   Zero   RW            1    STACK               startup_stm32f407xx.o


    Execution Region RW_IRAM2 (Exec base: 0x2001c000, Load base: 0x0800b62c, Size: 0x00000000, Max: 0x00004000, ABSOLUTE)

    **** No section assigned to this execution region ****


==============================================================================

Image component sizes


      Code (inc. data)   RO Data    RW Data    ZI Data      Debug   Object Name

       328         38          0          0        168       1831   adc.o
      1978        198          0         48          0      25546   app.o
       680         86          0          2        168       5385   current.o
      4780       1018        973         12        728      10591   debug.o
        44          4          0          0          0        762   dma.o
       556         86          0         16        124       4282   encoder.o
      1136        124          0          0         92       9247   foc.o
       348         50          0          0         20       5128   foc_v.o
       140          8          0          0          0        975   gpio.o
       202         10          0          0          0     717536   main.o
       864         78          0         20        104       8563   motion_ctrl.o
       376         30          0         10          0       5339   motor_pwm.o
       442         18          0          0          0       4811   pid.o
        64         26        392          0       5120        836   startup_stm32f407xx.o
       180         28          0         12          0       9357   stm32f4xx_hal.o
      2100         90          0          0          0      12698   stm32f4xx_hal_adc.o
         2          0          0          0          0        969   stm32f4xx_hal_adc_ex.o
       198         14          0          0          0      33911   stm32f4xx_hal_cortex.o
      1048         16          8          0          0       6647   stm32f4xx_hal_dma.o
       506         46          0          0          0       2176   stm32f4xx_hal_gpio.o
        48          6          0          0          0        842   stm32f4xx_hal_msp.o
      2638         12          0          0          0      13608   stm32f4xx_hal_pcd.o
        78          0          0          0          0       2377   stm32f4xx_hal_pcd_ex.o
      1292         54          0          0          0       4498   stm32f4xx_hal_rcc.o
      2554        144          0          0          0      21042   stm32f4xx_hal_tim.o
       232         28          0          0          0       3249   stm32f4xx_hal_tim_ex.o
       100         34          0          0          0       6944   stm32f4xx_it.o
      2888        134          0          0          0      23803   stm32f4xx_ll_usb.o
        16          4         16          4          0       1111   system_stm32f4xx.o
       880         64          0          0        216       4676   tim.o
        84         18          0          0        732       2599   usb_device.o
      1278         36          0        139          0      14289   usbd_cdc.o
       124         22          0         20       4096       3944   usbd_cdc_if.o
       644         24          0          0       1836      16640   usbd_conf.o
       916          0          0          0          0      15319   usbd_core.o
      1328         28          0          1          0      14828   usbd_ctlreq.o
       288        104          0         78        512       6121   usbd_desc.o
       132          0          0          0          0       4484   usbd_ioreq.o

    ----------------------------------------------------------------------
     31550       2680       1424        372      13916    1026964   Object Totals
         0          0         32          0          0          0   (incl. Generated)
        58          0          3         10          0          0   (incl. Padding)

    ----------------------------------------------------------------------

      Code (inc. data)   RO Data    RW Data    ZI Data      Debug   Library Member Name

        90          0          0          0          0          0   __dczerorl2.o
         8          0          0          0          0         68   __main.o
       352          0          0          0          0         88   __printf_ss_wp.o
        14          0          0          0          0         68   __printf_wp.o
         0          0          0          0          0          0   __rtentry.o
        12          0          0          0          0          0   __rtentry2.o
         6          0          0          0          0          0   __rtentry4.o
        52          8          0          0          0          0   __scatter.o
        28          0          0          0          0          0   __scatter_zi.o
        28          0          0          0          0         68   _chval.o
        44          0          0          0          0        108   _printf_char.o
        48          6          0          0          0         96   _printf_char_common.o
         6          0          0          0          0          0   _printf_d.o
       120         16          0          0          0         92   _printf_dec.o
         6          0          0          0          0          0   _printf_f.o
      1054          0          0          0          0        216   _printf_fp_dec.o
       128         16          0          0          0         84   _printf_fp_infnan.o
       178          0          0          0          0         88   _printf_intcommon.o
         0          0          0          0          0          0   _printf_percent.o
         4          0          0          0          0          0   _printf_percent_end.o
         6          0          0          0          0          0   _printf_s.o
        82          0          0          0          0         80   _printf_str.o
         6          0          0          0          0          0   _printf_u.o
        22          0          0          0          0        100   _rserrno.o
        64          0          0          0          0         84   _sgetc.o
        16          0          0          0          0         68   _snputc.o
        10          0          0          0          0         68   _sputc.o
       228          4        148          0          0         96   bigflt0.o
      2152        136          0          0          0        960   btod.o
        18          0          0          0          0         80   exit.o
         6          0          0          0          0        152   heapauxi.o
         0          0          0          0          0          0   indicate_semi.o
        18          0          0          0          0         76   isspace.o
        44         10        272          0          0         76   lc_ctype_c.o
        44         10         28          0          0         76   lc_numeric_c.o
         2          0          0          0          0          0   libinit.o
        34          0          0          0          0          0   libinit2.o
         2          0          0          0          0          0   libshutdown.o
         2          0          0          0          0          0   libshutdown2.o
         8          4          0          0         96         68   libspace.o
        38          0          0          0          0         68   llshl.o
       138          0          0          0          0         80   lludiv10.o
       238          0          0          0          0        100   lludivv7m.o
        52          4          0          0          0         84   noretval__2snprintf.o
        16          4          0          0          0         76   rt_ctype_table.o
         8          4          0          0          0         68   rt_errno_addr_intlibspace.o
         8          4          0          0          0         68   rt_locale_intlibspace.o
        68          0          0          0          0         68   rt_memclr.o
        78          0          0          0          0         80   rt_memclr_w.o
       100          0          0          0          0         80   rt_memcpy_w.o
         2          0          0          0          0          0   rtexit.o
        10          0          0          0          0          0   rtexit2.o
      1272         16          0          0          0        168   scanf_fp.o
       800         14          0          0          0        100   scanf_hexfp.o
       308         16          0          0          0        100   scanf_infnan.o
       128          0          0          0          0         68   strcmpv7m.o
        32          0          0          0          0         80   strcspn.o
        62          0          0          0          0         76   strlen.o
        86          0          0          0          0         76   strncpy.o
        28          0          0          0          0         80   strspn.o
       164         14          0          0          0        120   strtod.o
        12          6          0          4          0         68   strtok.o
        68          4          0          0          0         84   strtok_int.o
        12          4          0          0          0         68   sys_exit.o
        74          0          0          0          0         80   sys_stackheap_outer.o
         2          0          0          0          0         68   use_no_semi.o
        98          4          0          0          0        140   d2f.o
        16          4          0          0          0        116   dcheck1.o
        24          0          0          0          0        116   dcmpi.o
       120          4          0          0          0        140   deqf.o
       120          4          0          0          0        140   dleqf.o
       340         12          0          0          0        152   dmul.o
       156          4          0          0          0        140   dnaninf.o
        12          0          0          0          0        116   dretinf.o
       108          0          0          0          0        128   drleqf.o
        86          4          0          0          0        132   f2d.o
       140          4          0          0          0        132   fnaninf.o
         0          0         16          0          0          0   fpconst.o
        10          0          0          0          0        116   fpinit.o
        10          0          0          0          0        116   fretinf.o
         6          0          0          0          0        116   istatus.o
         4          0          0          0          0        116   printf1.o
       100          0          0          0          0        116   retnan.o
        92          0          0          0          0        116   scalbn.o
         4          0          0          0          0        116   scanf1.o
         8          0          0          0          0        132   scanf2.o
        48          0          0          0          0        116   trapv.o
         0          0          0          0          0          0   usenofp.o
       684         90          0          0          0        208   atan2f.o
        56         12          0          0          0        132   atof.o
       336         56          0          0          0        136   cosf.o
        64         16          0          0          0        248   dunder.o
        48          0          0          0          0        124   fpclassify.o
        38          0          0          0          0        116   fpclassifyf.o
       140         22          0          0          0        132   frexp.o
        44         12          0          0          0        464   funder.o
       228          8          0          0          0        308   ldexp.o
       266         16          0          0          0        308   narrow.o
       340         24         32          0          0        160   rredf.o
       400         56          0          0          0        212   sinf.o
        58          0          0          0          0        136   sqrtf.o

    ----------------------------------------------------------------------
     12982        656        496          4        100      10164   Library Totals
        32          4          0          0          4          0   (incl. Padding)

    ----------------------------------------------------------------------

      Code (inc. data)   RO Data    RW Data    ZI Data      Debug   Library Name

      8746        300        448          4         96       4968   c_w.l
      1502         40         16          0          0       2512   fz_wm.l
      2702        312         32          0          0       2684   m_wm.l

    ----------------------------------------------------------------------
     12982        656        496          4        100      10164   Library Totals

    ----------------------------------------------------------------------

==============================================================================


      Code (inc. data)   RO Data    RW Data    ZI Data      Debug   

     44532       3336       1920        376      14016     997920   Grand Totals
     44532       3336       1920        184      14016     997920   ELF Image Totals (compressed)
     44532       3336       1920        184          0          0   ROM Totals

==============================================================================

    Total RO  Size (Code + RO Data)                46452 (  45.36kB)
    Total RW  Size (RW Data + ZI Data)             14392 (  14.05kB)
    Total ROM Size (Code + RO Data + RW Data)      46636 (  45.54kB)

==============================================================================

