Component: ARM Compiler 5.06 update 7 (build 960) Tool: armlink [4d3601]

==============================================================================

Section Cross References

    startup_stm32f407xx.o(RESET) refers to startup_stm32f407xx.o(STACK) for __initial_sp
    startup_stm32f407xx.o(RESET) refers to startup_stm32f407xx.o(.text) for Reset_Handler
    startup_stm32f407xx.o(RESET) refers to stm32f4xx_it.o(i.NMI_Handler) for NMI_Handler
    startup_stm32f407xx.o(RESET) refers to stm32f4xx_it.o(i.HardFault_Handler) for HardFault_Handler
    startup_stm32f407xx.o(RESET) refers to stm32f4xx_it.o(i.MemManage_Handler) for MemManage_Handler
    startup_stm32f407xx.o(RESET) refers to stm32f4xx_it.o(i.BusFault_Handler) for BusFault_Handler
    startup_stm32f407xx.o(RESET) refers to stm32f4xx_it.o(i.UsageFault_Handler) for UsageFault_Handler
    startup_stm32f407xx.o(RESET) refers to stm32f4xx_it.o(i.SVC_Handler) for SVC_Handler
    startup_stm32f407xx.o(RESET) refers to stm32f4xx_it.o(i.DebugMon_Handler) for DebugMon_Handler
    startup_stm32f407xx.o(RESET) refers to stm32f4xx_it.o(i.PendSV_Handler) for PendSV_Handler
    startup_stm32f407xx.o(RESET) refers to stm32f4xx_it.o(i.SysTick_Handler) for SysTick_Handler
    startup_stm32f407xx.o(RESET) refers to stm32f4xx_it.o(i.EXTI3_IRQHandler) for EXTI3_IRQHandler
    startup_stm32f407xx.o(RESET) refers to stm32f4xx_it.o(i.ADC_IRQHandler) for ADC_IRQHandler
    startup_stm32f407xx.o(RESET) refers to stm32f4xx_it.o(i.TIM2_IRQHandler) for TIM2_IRQHandler
    startup_stm32f407xx.o(RESET) refers to stm32f4xx_it.o(i.TIM6_DAC_IRQHandler) for TIM6_DAC_IRQHandler
    startup_stm32f407xx.o(RESET) refers to stm32f4xx_it.o(i.OTG_FS_IRQHandler) for OTG_FS_IRQHandler
    startup_stm32f407xx.o(.text) refers to system_stm32f4xx.o(i.SystemInit) for SystemInit
    startup_stm32f407xx.o(.text) refers to entry.o(.ARM.Collect$$$$00000000) for __main
    main.o(i.HAL_TIM_PeriodElapsedCallback) refers to mt6816.o(i.REIN_MT6816_GetAngleData) for REIN_MT6816_GetAngleData
    main.o(i.HAL_TIM_PeriodElapsedCallback) refers to pid.o(i.Encoder_Update) for Encoder_Update
    main.o(i.HAL_TIM_PeriodElapsedCallback) refers to pid.o(i.Calculate_Speed) for Calculate_Speed
    main.o(i.HAL_TIM_PeriodElapsedCallback) refers to pid.o(i.PID_Controller_Update) for PID_Controller_Update
    main.o(i.HAL_TIM_PeriodElapsedCallback) refers to foc.o(i.Sector_tracker) for Sector_tracker
    main.o(i.HAL_TIM_PeriodElapsedCallback) refers to foc.o(i.set_uduq) for set_uduq
    main.o(i.HAL_TIM_PeriodElapsedCallback) refers to foc.o(i.foc_open) for foc_open
    main.o(i.HAL_TIM_PeriodElapsedCallback) refers to pid.o(.data) for mt6816_count
    main.o(i.HAL_TIM_PeriodElapsedCallback) refers to main.o(.data) for .data
    main.o(i.HAL_TIM_PeriodElapsedCallback) refers to pid.o(.bss) for speed_pi
    main.o(i.HAL_TIM_PeriodElapsedCallback) refers to foc.o(.bss) for m1_foc
    main.o(i.SystemClock_Config) refers to memseta.o(.text) for __aeabi_memclr4
    main.o(i.SystemClock_Config) refers to stm32f4xx_hal_rcc.o(i.HAL_RCC_OscConfig) for HAL_RCC_OscConfig
    main.o(i.SystemClock_Config) refers to stm32f4xx_hal_rcc.o(i.HAL_RCC_ClockConfig) for HAL_RCC_ClockConfig
    main.o(i.main) refers to stm32f4xx_hal.o(i.HAL_Init) for HAL_Init
    main.o(i.main) refers to main.o(i.SystemClock_Config) for SystemClock_Config
    main.o(i.main) refers to gpio.o(i.MX_GPIO_Init) for MX_GPIO_Init
    main.o(i.main) refers to usb_device.o(i.MX_USB_DEVICE_Init) for MX_USB_DEVICE_Init
    main.o(i.main) refers to tim.o(i.MX_TIM1_Init) for MX_TIM1_Init
    main.o(i.main) refers to tim.o(i.MX_TIM8_Init) for MX_TIM8_Init
    main.o(i.main) refers to tim.o(i.MX_TIM6_Init) for MX_TIM6_Init
    main.o(i.main) refers to adc.o(i.MX_ADC1_Init) for MX_ADC1_Init
    main.o(i.main) refers to tim.o(i.MX_TIM2_Init) for MX_TIM2_Init
    main.o(i.main) refers to spi.o(i.MX_SPI3_Init) for MX_SPI3_Init
    main.o(i.main) refers to vofa.o(i.VOFA_Init) for VOFA_Init
    main.o(i.main) refers to stm32f4xx_hal_gpio.o(i.HAL_GPIO_WritePin) for HAL_GPIO_WritePin
    main.o(i.main) refers to stm32f4xx_hal.o(i.HAL_Delay) for HAL_Delay
    main.o(i.main) refers to mt6816.o(i.check_mt6816) for check_mt6816
    main.o(i.main) refers to foc.o(i.FOC_Init) for FOC_Init
    main.o(i.main) refers to pid.o(i.PID_Controller_Init) for PID_Controller_Init
    main.o(i.main) refers to foc.o(i.set_uduq) for set_uduq
    main.o(i.main) refers to foc.o(i.FOC_AllOff) for FOC_AllOff
    main.o(i.main) refers to stm32f4xx_hal_tim.o(i.HAL_TIM_Base_Start_IT) for HAL_TIM_Base_Start_IT
    main.o(i.main) refers to stm32f4xx_hal.o(i.HAL_GetTick) for HAL_GetTick
    main.o(i.main) refers to f2d.o(.text) for __aeabi_f2d
    main.o(i.main) refers to printfa.o(i.__0printf) for __2printf
    main.o(i.main) refers to mt6816.o(.data) for mt6816_flag
    main.o(i.main) refers to pid.o(.bss) for speed_pi
    main.o(i.main) refers to main.o(.data) for .data
[...]
    .bss                                     0x20001198   Section       88  spi.o(.bss)
    .bss                                     0x200011f0   Section      288  tim.o(.bss)
    .bss                                     0x20001310   Section      732  usb_device.o(.bss)
    .bss                                     0x200015ec   Section      512  usbd_desc.o(.bss)
    .bss                                     0x200017ec   Section     4096  usbd_cdc_if.o(.bss)
    .bss                                     0x200027ec   Section     1836  usbd_conf.o(.bss)
    mem                                      0x200027ec   Data         544  usbd_conf.o(.bss)
    .bss                                     0x20002f18   Section      932  foc.o(.bss)
    .bss                                     0x200032bc   Section     1804  vofa.o(.bss)
    .bss                                     0x200039c8   Section       36  pid.o(.bss)
    STACK                                    0x200039f0   Section     1024  startup_stm32f407xx.o(STACK)

    Global Symbols

    Symbol Name                              Value     Ov Type        Size  Object(Section)

    BuildAttributes$$THM_ISAv4$E$P$D$K$B$S$7EM$VFPi3$EXTD16$VFPS$VFMA$PE$A:L22UL41UL21$X:L11$S22US41US21$IEEE1$IW$USESV6$~STKCKD$USESV7$~SHL$OTIME$ROPI$IEEEJ$EBA8$MICROLIB$REQ8$PRES8$EABIv2 0x00000000   Number         0  anon$$obj.o ABSOLUTE
    __ARM_use_no_argv                        0x00000000   Number         0  main.o ABSOLUTE
    _printf_a                                0x00000000   Number         0  stubs.o ABSOLUTE
    _printf_c                                0x00000000   Number         0  stubs.o ABSOLUTE
    _printf_charcount                        0x00000000   Number         0  stubs.o ABSOLUTE
    _printf_d                                0x00000000   Number         0  stubs.o ABSOLUTE
    _printf_e                                0x00000000   Number         0  stubs.o ABSOLUTE
    _printf_f                                0x00000000   Number         0  stubs.o ABSOLUTE
    _printf_flags                            0x00000000   Number         0  stubs.o ABSOLUTE
    _printf_fp_dec                           0x00000000   Number         0  stubs.o ABSOLUTE
    _printf_fp_hex                           0x00000000   Number         0  stubs.o ABSOLUTE
    _printf_g                                0x00000000   Number         0  stubs.o ABSOLUTE
    _printf_i                                0x00000000   Number         0  stubs.o ABSOLUTE
    _printf_int_dec                          0x00000000   Number         0  stubs.o ABSOLUTE
    _printf_l                                0x00000000   Number         0  stubs.o ABSOLUTE
    _printf_lc                               0x00000000   Number         0  stubs.o ABSOLUTE
    _printf_ll                               0x00000000   Number         0  stubs.o ABSOLUTE
    _printf_lld                              0x00000000   Number         0  stubs.o ABSOLUTE
    _printf_lli                              0x00000000   Number         0  stubs.o ABSOLUTE
    _printf_llo                              0x00000000   Number         0  stubs.o ABSOLUTE
    _printf_llu                              0x00000000   Number         0  stubs.o ABSOLUTE
    _printf_llx                              0x00000000   Number         0  stubs.o ABSOLUTE
    _printf_longlong_dec                     0x00000000   Number         0  stubs.o ABSOLUTE
    _printf_longlong_hex                     0x00000000   Number         0  stubs.o ABSOLUTE
    _printf_longlong_oct                     0x00000000   Number         0  stubs.o ABSOLUTE
    _printf_ls                               0x00000000   Number         0  stubs.o ABSOLUTE
    _printf_mbtowc                           0x00000000   Number         0  stubs.o ABSOLUTE
    _printf_n                                0x00000000   Number         0  stubs.o ABSOLUTE
    _printf_o                                0x00000000   Number         0  stubs.o ABSOLUTE
    _printf_p                                0x00000000   Number         0  stubs.o ABSOLUTE
    _printf_percent                          0x00000000   Number         0  stubs.o ABSOLUTE
    _printf_pre_padding                      0x00000000   Number         0  stubs.o ABSOLUTE
    _printf_return_value                     0x00000000   Number         0  stubs.o ABSOLUTE
    _printf_s                                0x00000000   Number         0  stubs.o ABSOLUTE
    _printf_sizespec                         0x00000000   Number         0  stubs.o ABSOLUTE
    _printf_str                              0x00000000   Number         0  stubs.o ABSOLUTE
    _printf_truncate_signed                  0x00000000   Number         0  stubs.o ABSOLUTE
    _printf_truncate_unsigned                0x00000000   Number         0  stubs.o ABSOLUTE
    _printf_u                                0x00000000   Number         0  stubs.o ABSOLUTE
    _printf_wc                               0x00000000   Number         0  stubs.o ABSOLUTE
    _printf_wctomb                           0x00000000   Number         0  stubs.o ABSOLUTE
    _printf_widthprec                        0x00000000   Number         0  stubs.o ABSOLUTE
    _printf_x                                0x00000000   Number         0  stubs.o ABSOLUTE
    __arm_fini_                               - Undefined Weak Reference
    __cpp_initialize__aeabi_                  - Undefined Weak Reference
    __cxa_finalize                            - Undefined Weak Reference
    _clock_init                               - Undefined Weak Reference
    _microlib_exit                            - Undefined Weak Reference
    __Vectors_Size                           0x00000188   Number         0  startup_stm32f407xx.o ABSOLUTE
    __Vectors                                0x08000000   Data           4  startup_stm32f407xx.o(RESET)
    __Vectors_End                            0x08000188   Data           0  startup_stm32f407xx.o(RESET)
    __main                                   0x08000189   Thumb Code     0  entry.o(.ARM.Collect$$$$00000000)
    _main_stk                                0x08000189   Thumb Code     0  entry2.o(.ARM.Collect$$$$00000001)
    _main_scatterload                        0x0800018d   Thumb Code     0  entry5.o(.ARM.Collect$$$$00000004)
    __main_after_scatterload                 0x08000191   Thumb Code     0  entry5.o(.ARM.Collect$$$$00000004)
    _main_clock                              0x08000191   Thumb Code     0  entry7b.o(.ARM.Collect$$$$00000008)
    _main_cpp_init                           0x08000191   Thumb Code     0  entry8b.o(.ARM.Collect$$$$0000000A)
    _main_init                               0x08000191   Thumb Code     0  entry9a.o(.ARM.Collect$$$$0000000B)
    __rt_lib_shutdown_fini                   0x08000199   Thumb Code     0  entry12b.o(.ARM.Collect$$$$0000000E)
    __rt_final_cpp                           0x0800019d   Thumb Code     0  entry10a.o(.ARM.Collect$$$$0000000F)
    __rt_final_exit                          0x0800019d   Thumb Code     0  entry11a.o(.ARM.Collect$$$$00000011)
    Reset_Handler                            0x080001a1   Thumb Code     8  startup_stm32f407xx.o(.text)
    CAN1_RX0_IRQHandler                      0x080001bb   Thumb Code     0  startup_stm32f407xx.o(.text)
    CAN1_RX1_IRQHandler                      0x080001bb   Thumb Code     0  startup_stm32f407xx.o(.text)
    CAN1_SCE_IRQHandler                      0x080001bb   Thumb Code     0  startup_stm32f407xx.o(.text)
    CAN1_TX_IRQHandler                       0x080001bb   Thumb Code     0  startup_stm32f407xx.o(.text)
    CAN2_RX0_IRQHandler                      0x080001bb   Thumb Code     0  startup_stm32f407xx.o(.text)
    CAN2_RX1_IRQHandler                      0x080001bb   Thumb Code     0  startup_stm32f407xx.o(.text)
    CAN2_SCE_IRQHandler                      0x080001bb   Thumb Code     0  startup_stm32f407xx.o(.text)
    CAN2_TX_IRQHandler                       0x080001bb   Thumb Code     0  startup_stm32f407xx.o(.text)
    DCMI_IRQHandler                          0x080001bb   Thumb Code     0  startup_stm32f407xx.o(.text)
    DMA1_Stream0_IRQHandler                  0x080001bb   Thumb Code     0  startup_stm32f407xx.o(.text)
    DMA1_Stream1_IRQHandler                  0x080001bb   Thumb Code     0  startup_stm32f407xx.o(.text)
    DMA1_Stream2_IRQHandler                  0x080001bb   Thumb Code     0  startup_stm32f407xx.o(.text)
    DMA1_Stream3_IRQHandler                  0x080001bb   Thumb Code     0  startup_stm32f407xx.o(.text)
    DMA1_Stream4_IRQHandler                  0x080001bb   Thumb Code     0  startup_stm32f407xx.o(.text)
    DMA1_Stream5_IRQHandler                  0x080001bb   Thumb Code     0  startup_stm32f407xx.o(.text)
    DMA1_Stream6_IRQHandler                  0x080001bb   Thumb Code     0  startup_stm32f407xx.o(.text)
    DMA1_Stream7_IRQHandler                  0x080001bb   Thumb Code     0  startup_stm32f407xx.o(.text)
    DMA2_Stream0_IRQHandler                  0x080001bb   Thumb Code     0  startup_stm32f407xx.o(.text)
    DMA2_Stream1_IRQHandler                  0x080001bb   Thumb Code     0  startup_stm32f407xx.o(.text)
    DMA2_Stream2_IRQHandler                  0x080001bb   Thumb Code     0  startup_stm32f407xx.o(.text)
    DMA2_Stream3_IRQHandler                  0x080001bb   Thumb Code     0  startup_stm32f407xx.o(.text)
    DMA2_Stream4_IRQHandler                  0x080001bb   Thumb Code     0  startup_stm32f407xx.o(.text)
    DMA2_Stream5_IRQHandler                  0x080001bb   Thumb Code     0  startup_stm32f407xx.o(.text)
    DMA2_Stream6_IRQHandler                  0x080001bb   Thumb Code     0  startup_stm32f407xx.o(.text)
    DMA2_Stream7_IRQHandler                  0x080001bb   Thumb Code     0  startup_stm32f407xx.o(.text)
    ETH_IRQHandler                           0x080001bb   Thumb Code     0  startup_stm32f407xx.o(.text)
    ETH_WKUP_IRQHandler                      0x080001bb   Thumb Code     0  startup_stm32f407xx.o(.text)
    EXTI0_IRQHandler                         0x080001bb   Thumb Code     0  startup_stm32f407xx.o(.text)
    EXTI15_10_IRQHandler                     0x080001bb   Thumb Code     0  startup_stm32f407xx.o(.text)
    EXTI1_IRQHandler                         0x080001bb   Thumb Code     0  startup_stm32f407xx.o(.text)
    EXTI2_IRQHandler                         0x080001bb   Thumb Code     0  startup_stm32f407xx.o(.text)
    EXTI4_IRQHandler                         0x080001bb   Thumb Code     0  startup_stm32f407xx.o(.text)
    EXTI9_5_IRQHandler                       0x080001bb   Thumb Code     0  startup_stm32f407xx.o(.text)
    FLASH_IRQHandler                         0x080001bb   Thumb Code     0  startup_stm32f407xx.o(.text)
    FMC_IRQHandler                           0x080001bb   Thumb Code     0  startup_stm32f407xx.o(.text)
    FPU_IRQHandler                           0x080001bb   Thumb Code     0  startup_stm32f407xx.o(.text)
    HASH_RNG_IRQHandler                      0x080001bb   Thumb Code     0  startup_stm32f407xx.o(.text)
    I2C1_ER_IRQHandler                       0x080001bb   Thumb Code     0  startup_stm32f407xx.o(.text)
    I2C1_EV_IRQHandler                       0x080001bb   Thumb Code     0  startup_stm32f407xx.o(.text)
    I2C2_ER_IRQHandler                       0x080001bb   Thumb Code     0  startup_stm32f407xx.o(.text)
    I2C2_EV_IRQHandler                       0x080001bb   Thumb Code     0  startup_stm32f407xx.o(.text)
    I2C3_ER_IRQHandler                       0x080001bb   Thumb Code     0  startup_stm32f407xx.o(.text)
    I2C3_EV_IRQHandler                       0x080001bb   Thumb Code     0  startup_stm32f407xx.o(.text)
    OTG_FS_WKUP_IRQHandler                   0x080001bb   Thumb Code     0  startup_stm32f407xx.o(.text)
    OTG_HS_EP1_IN_IRQHandler                 0x080001bb   Thumb Code     0  startup_stm32f407xx.o(.text)
    OTG_HS_EP1_OUT_IRQHandler                0x080001bb   Thumb Code     0  startup_stm32f407xx.o(.text)
    OTG_HS_IRQHandler                        0x080001bb   Thumb Code     0  startup_stm32f407xx.o(.text)
    OTG_HS_WKUP_IRQHandler                   0x080001bb   Thumb Code     0  startup_stm32f407xx.o(.text)
    PVD_IRQHandler                           0x080001bb   Thumb Code     0  startup_stm32f407xx.o(.text)
    RCC_IRQHandler                           0x080001bb   Thumb Code     0  startup_stm32f407xx.o(.text)
    RTC_Alarm_IRQHandler                     0x080001bb   Thumb Code     0  startup_stm32f407xx.o(.text)
    RTC_WKUP_IRQHandler                      0x080001bb   Thumb Code     0  startup_stm32f407xx.o(.text)
    SDIO_IRQHandler                          0x080001bb   Thumb Code     0  startup_stm32f407xx.o(.text)
    SPI1_IRQHandler                          0x080001bb   Thumb Code     0  startup_stm32f407xx.o(.text)
    SPI2_IRQHandler                          0x080001bb   Thumb Code     0  startup_stm32f407xx.o(.text)
    SPI3_IRQHandler                          0x080001bb   Thumb Code     0  startup_stm32f407xx.o(.text)
    TAMP_STAMP_IRQHandler                    0x080001bb   Thumb Code     0  startup_stm32f407xx.o(.text)
    TIM1_BRK_TIM9_IRQHandler                 0x080001bb   Thumb Code     0  startup_stm32f407xx.o(.text)
    TIM1_CC_IRQHandler                       0x080001bb   Thumb Code     0  startup_stm32f407xx.o(.text)
    TIM1_TRG_COM_TIM11_IRQHandler            0x080001bb   Thumb Code     0  startup_stm32f407xx.o(.text)
    TIM1_UP_TIM10_IRQHandler                 0x080001bb   Thumb Code     0  startup_stm32f407xx.o(.text)
    TIM3_IRQHandler                          0x080001bb   Thumb Code     0  startup_stm32f407xx.o(.text)
    TIM4_IRQHandler                          0x080001bb   Thumb Code     0  startup_stm32f407xx.o(.text)
    TIM5_IRQHandler                          0x080001bb   Thumb Code     0  startup_stm32f407xx.o(.text)
    TIM7_IRQHandler                          0x080001bb   Thumb Code     0  startup_stm32f407xx.o(.text)
    TIM8_BRK_TIM12_IRQHandler                0x080001bb   Thumb Code     0  startup_stm32f407xx.o(.text)
    TIM8_CC_IRQHandler                       0x080001bb   Thumb Code     0  startup_stm32f407xx.o(.text)
    TIM8_TRG_COM_TIM14_IRQHandler            0x080001bb   Thumb Code     0  startup_stm32f407xx.o(.text)
    TIM8_UP_TIM13_IRQHandler                 0x080001bb   Thumb Code     0  startup_stm32f407xx.o(.text)
    UART4_IRQHandler                         0x080001bb   Thumb Code     0  startup_stm32f407xx.o(.text)
    UART5_IRQHandler                         0x080001bb   Thumb Code     0  startup_stm32f407xx.o(.text)
    USART1_IRQHandler                        0x080001bb   Thumb Code     0  startup_stm32f407xx.o(.text)
    USART2_IRQHandler                        0x080001bb   Thumb Code     0  startup_stm32f407xx.o(.text)
    USART3_IRQHandler                        0x080001bb   Thumb Code     0  startup_stm32f407xx.o(.text)
    USART6_IRQHandler                        0x080001bb   Thumb Code     0  startup_stm32f407xx.o(.text)
    WWDG_IRQHandler                          0x080001bb   Thumb Code     0  startup_stm32f407xx.o(.text)
    __aeabi_uldivmod                         0x080001c5   Thumb Code    98  uldiv.o(.text)
    __aeabi_memcpy                           0x08000227   Thumb Code    36  memcpya.o(.text)
    __aeabi_memcpy4                          0x08000227   Thumb Code     0  memcpya.o(.text)
    __aeabi_memcpy8                          0x08000227   Thumb Code     0  memcpya.o(.text)
    __aeabi_memset                           0x0800024b   Thumb Code    14  memseta.o(.text)
    __aeabi_memset4                          0x0800024b   Thumb Code     0  memseta.o(.text)
    __aeabi_memset8                          0x0800024b   Thumb Code     0  memseta.o(.text)
    __aeabi_memclr                           0x08000259   Thumb Code     4  memseta.o(.text)
    __aeabi_memclr4                          0x08000259   Thumb Code     0  memseta.o(.text)
    __aeabi_memclr8                          0x08000259   Thumb Code     0  memseta.o(.text)
    _memset$wrapper                          0x0800025d   Thumb Code    18  memseta.o(.text)
    memcmp                                   0x0800026f   Thumb Code    26  memcmp.o(.text)
    __aeabi_dmul                             0x08000289   Thumb Code   228  dmul.o(.text)
    __aeabi_f2d                              0x0800036d   Thumb Code    38  f2d.o(.text)
    __aeabi_uidiv                            0x08000393   Thumb Code     0  uidiv.o(.text)
    __aeabi_uidivmod                         0x08000393   Thumb Code    44  uidiv.o(.text)
    __aeabi_llsl                             0x080003bf   Thumb Code    30  llshl.o(.text)
    _ll_shift_l                              0x080003bf   Thumb Code     0  llshl.o(.text)
    __aeabi_llsr                             0x080003dd   Thumb Code    32  llushr.o(.text)
    _ll_ushift_r                             0x080003dd   Thumb Code     0  llushr.o(.text)
    __I$use$fp                               0x080003fd   Thumb Code     0  iusefp.o(.text)
    _double_round                            0x080003fd   Thumb Code    30  depilogue.o(.text)
    _double_epilogue                         0x0800041b   Thumb Code   156  depilogue.o(.text)
    __aeabi_dadd                             0x080004b7   Thumb Code   322  dadd.o(.text)
    __aeabi_dsub                             0x080005f9   Thumb Code     6  dadd.o(.text)
    __aeabi_drsub                            0x080005ff   Thumb Code     6  dadd.o(.text)
    __aeabi_ddiv                             0x08000605   Thumb Code   222  ddiv.o(.text)
    __aeabi_d2ulz                            0x080006e3   Thumb Code    48  dfixul.o(.text)
    __aeabi_cdrcmple                         0x08000715   Thumb Code    48  cdrcmple.o(.text)
    __scatterload                            0x08000745   Thumb Code    28  init.o(.text)
    __scatterload_rt2                        0x08000745   Thumb Code     0  init.o(.text)
    __aeabi_lasr                             0x08000769   Thumb Code    36  llsshr.o(.text)
    _ll_sshift_r                             0x08000769   Thumb Code     0  llsshr.o(.text)
    __decompress                             0x0800078d   Thumb Code     0  __dclz77c.o(.text)
    __decompress2                            0x0800078d   Thumb Code    94  __dclz77c.o(.text)
    ADC_IRQHandler                           0x080007ed   Thumb Code     6  stm32f4xx_it.o(i.ADC_IRQHandler)
    BusFault_Handler                         0x08000921   Thumb Code     2  stm32f4xx_it.o(i.BusFault_Handler)
    CDC_Transmit_FS                          0x080009e5   Thumb Code    38  usbd_cdc_if.o(i.CDC_Transmit_FS)
    Calculate_Speed                          0x08000a11   Thumb Code    36  pid.o(i.Calculate_Speed)
    DebugMon_Handler                         0x08000a41   Thumb Code     2  stm32f4xx_it.o(i.DebugMon_Handler)
    EXTI3_IRQHandler                         0x08000a43   Thumb Code     6  stm32f4xx_it.o(i.EXTI3_IRQHandler)
    Encoder_GetDiff                          0x08000a49   Thumb Code    38  pid.o(i.Encoder_GetDiff)
    Encoder_Update                           0x08000a75   Thumb Code    24  pid.o(i.Encoder_Update)
    Error_Handler                            0x08000a91   Thumb Code     4  main.o(i.Error_Handler)
    FOC_AllOff                               0x08000a95   Thumb Code    22  foc.o(i.FOC_AllOff)
    FOC_BaseInit                             0x08000aad   Thumb Code   106  foc.o(i.FOC_BaseInit)
    FOC_Init                                 0x08000b2d   Thumb Code    72  foc.o(i.FOC_Init)
    Flash_HAL_Read_N_Data                    0x08000b85   Thumb Code    24  myflash.o(i.Flash_HAL_Read_N_Data)
    Flash_Read_Angle                         0x08000b9d   Thumb Code    10  myflash.o(i.Flash_Read_Angle)
    HAL_ADCEx_InjectedConfigChannel          0x08000bad   Thumb Code   428  stm32f4xx_hal_adc_ex.o(i.HAL_ADCEx_InjectedConfigChannel)
    HAL_ADCEx_InjectedConvCpltCallback       0x08000d69   Thumb Code     2  stm32f4xx_hal_adc_ex.o(i.HAL_ADCEx_InjectedConvCpltCallback)
    HAL_ADC_ConfigChannel                    0x08000d6d   Thumb Code   316  stm32f4xx_hal_adc.o(i.HAL_ADC_ConfigChannel)
    HAL_ADC_ConvCpltCallback                 0x08000eb9   Thumb Code     2  stm32f4xx_hal_adc.o(i.HAL_ADC_ConvCpltCallback)
    HAL_ADC_ErrorCallback                    0x08000ebb   Thumb Code     2  stm32f4xx_hal_adc.o(i.HAL_ADC_ErrorCallback)
    HAL_ADC_IRQHandler                       0x08000ebd   Thumb Code   302  stm32f4xx_hal_adc.o(i.HAL_ADC_IRQHandler)
    HAL_ADC_Init                             0x08000feb   Thumb Code    84  stm32f4xx_hal_adc.o(i.HAL_ADC_Init)
    HAL_ADC_LevelOutOfWindowCallback         0x0800103f   Thumb Code     2  stm32f4xx_hal_adc.o(i.HAL_ADC_LevelOutOfWindowCallback)
    HAL_ADC_MspInit                          0x08001041   Thumb Code   100  adc.o(i.HAL_ADC_MspInit)
    HAL_Delay                                0x080010b1   Thumb Code    32  stm32f4xx_hal.o(i.HAL_Delay)
    HAL_GPIO_EXTI_Callback                   0x080010d5   Thumb Code     2  stm32f4xx_hal_gpio.o(i.HAL_GPIO_EXTI_Callback)
    HAL_GPIO_EXTI_IRQHandler                 0x080010d9   Thumb Code    18  stm32f4xx_hal_gpio.o(i.HAL_GPIO_EXTI_IRQHandler)
    HAL_GPIO_Init                            0x080010f1   Thumb Code   450  stm32f4xx_hal_gpio.o(i.HAL_GPIO_Init)
    HAL_GPIO_WritePin                        0x080012e1   Thumb Code    10  stm32f4xx_hal_gpio.o(i.HAL_GPIO_WritePin)
    HAL_GetTick                              0x080012ed   Thumb Code     6  stm32f4xx_hal.o(i.HAL_GetTick)
    HAL_IncTick                              0x080012f9   Thumb Code    12  stm32f4xx_hal.o(i.HAL_IncTick)
    HAL_Init                                 0x08001309   Thumb Code    48  stm32f4xx_hal.o(i.HAL_Init)
    HAL_InitTick                             0x0800133d   Thumb Code    54  stm32f4xx_hal.o(i.HAL_InitTick)
    HAL_MspInit                              0x0800137d   Thumb Code    42  stm32f4xx_hal_msp.o(i.HAL_MspInit)
    HAL_NVIC_EnableIRQ                       0x080013ad   Thumb Code    26  stm32f4xx_hal_cortex.o(i.HAL_NVIC_EnableIRQ)
    HAL_NVIC_SetPriority                     0x080013c9   Thumb Code    60  stm32f4xx_hal_cortex.o(i.HAL_NVIC_SetPriority)
    HAL_NVIC_SetPriorityGrouping             0x08001409   Thumb Code    26  stm32f4xx_hal_cortex.o(i.HAL_NVIC_SetPriorityGrouping)
    HAL_PCDEx_LPM_Callback                   0x0800142d   Thumb Code     2  stm32f4xx_hal_pcd_ex.o(i.HAL_PCDEx_LPM_Callback)
    HAL_PCDEx_SetRxFiFo                      0x0800142f   Thumb Code     8  stm32f4xx_hal_pcd_ex.o(i.HAL_PCDEx_SetRxFiFo)
    HAL_PCDEx_SetTxFiFo                      0x08001437   Thumb Code    68  stm32f4xx_hal_pcd_ex.o(i.HAL_PCDEx_SetTxFiFo)
    HAL_PCD_ConnectCallback                  0x0800147b   Thumb Code     8  usbd_conf.o(i.HAL_PCD_ConnectCallback)
    HAL_PCD_DataInStageCallback              0x08001483   Thumb Code    18  usbd_conf.o(i.HAL_PCD_DataInStageCallback)
    HAL_PCD_DataOutStageCallback             0x08001495   Thumb Code    20  usbd_conf.o(i.HAL_PCD_DataOutStageCallback)
    HAL_PCD_DisconnectCallback               0x080014a9   Thumb Code     8  usbd_conf.o(i.HAL_PCD_DisconnectCallback)
    HAL_PCD_EP_Abort                         0x080014b1   Thumb Code    30  stm32f4xx_hal_pcd.o(i.HAL_PCD_EP_Abort)
    HAL_PCD_EP_Close                         0x080014cf   Thumb Code    76  stm32f4xx_hal_pcd.o(i.HAL_PCD_EP_Close)
    HAL_PCD_EP_ClrStall                      0x0800151b   Thumb Code    92  stm32f4xx_hal_pcd.o(i.HAL_PCD_EP_ClrStall)
    HAL_PCD_EP_GetRxCount                    0x08001577   Thumb Code    18  stm32f4xx_hal_pcd.o(i.HAL_PCD_EP_GetRxCount)
    HAL_PCD_EP_Open                          0x08001589   Thumb Code    96  stm32f4xx_hal_pcd.o(i.HAL_PCD_EP_Open)
    HAL_PCD_EP_Receive                       0x080015e9   Thumb Code    72  stm32f4xx_hal_pcd.o(i.HAL_PCD_EP_Receive)
    HAL_PCD_EP_SetStall                      0x08001631   Thumb Code   116  stm32f4xx_hal_pcd.o(i.HAL_PCD_EP_SetStall)
    HAL_PCD_EP_Transmit                      0x080016a5   Thumb Code    64  stm32f4xx_hal_pcd.o(i.HAL_PCD_EP_Transmit)
    HAL_PCD_IRQHandler                       0x080016e5   Thumb Code  1376  stm32f4xx_hal_pcd.o(i.HAL_PCD_IRQHandler)
    HAL_PCD_ISOINIncompleteCallback          0x08001c45   Thumb Code     8  usbd_conf.o(i.HAL_PCD_ISOINIncompleteCallback)
    HAL_PCD_ISOOUTIncompleteCallback         0x08001c4d   Thumb Code     8  usbd_conf.o(i.HAL_PCD_ISOOUTIncompleteCallback)
    HAL_PCD_Init                             0x08001c55   Thumb Code   226  stm32f4xx_hal_pcd.o(i.HAL_PCD_Init)
    HAL_PCD_MspInit                          0x08001d39   Thumb Code   122  usbd_conf.o(i.HAL_PCD_MspInit)
    HAL_PCD_ResetCallback                    0x08001dbd   Thumb Code    44  usbd_conf.o(i.HAL_PCD_ResetCallback)
    HAL_PCD_ResumeCallback                   0x08001de9   Thumb Code     8  usbd_conf.o(i.HAL_PCD_ResumeCallback)
    HAL_PCD_SOFCallback                      0x08001df1   Thumb Code     8  usbd_conf.o(i.HAL_PCD_SOFCallback)
    HAL_PCD_SetAddress                       0x08001df9   Thumb Code    40  stm32f4xx_hal_pcd.o(i.HAL_PCD_SetAddress)
    HAL_PCD_SetupStageCallback               0x08001e21   Thumb Code    14  usbd_conf.o(i.HAL_PCD_SetupStageCallback)
    HAL_PCD_Start                            0x08001e2f   Thumb Code    66  stm32f4xx_hal_pcd.o(i.HAL_PCD_Start)
    HAL_PCD_SuspendCallback                  0x08001e71   Thumb Code    44  usbd_conf.o(i.HAL_PCD_SuspendCallback)
    HAL_RCC_ClockConfig                      0x08001ea1   Thumb Code   288  stm32f4xx_hal_rcc.o(i.HAL_RCC_ClockConfig)
    HAL_RCC_GetHCLKFreq                      0x08001fd5   Thumb Code     6  stm32f4xx_hal_rcc.o(i.HAL_RCC_GetHCLKFreq)
    HAL_RCC_GetSysClockFreq                  0x08001fe1   Thumb Code    88  stm32f4xx_hal_rcc.o(i.HAL_RCC_GetSysClockFreq)
    HAL_RCC_OscConfig                        0x08002041   Thumb Code   856  stm32f4xx_hal_rcc.o(i.HAL_RCC_OscConfig)
    HAL_SPI_Init                             0x080023ad   Thumb Code   188  stm32f4xx_hal_spi.o(i.HAL_SPI_Init)
    HAL_SPI_MspInit                          0x08002469   Thumb Code    92  spi.o(i.HAL_SPI_MspInit)
    HAL_SPI_TransmitReceive                  0x080024d1   Thumb Code   482  stm32f4xx_hal_spi.o(i.HAL_SPI_TransmitReceive)
    HAL_SYSTICK_Config                       0x080026b3   Thumb Code    40  stm32f4xx_hal_cortex.o(i.HAL_SYSTICK_Config)
    HAL_TIMEx_BreakCallback                  0x080026db   Thumb Code     2  stm32f4xx_hal_tim_ex.o(i.HAL_TIMEx_BreakCallback)
    HAL_TIMEx_CommutCallback                 0x080026dd   Thumb Code     2  stm32f4xx_hal_tim_ex.o(i.HAL_TIMEx_CommutCallback)
    HAL_TIMEx_ConfigBreakDeadTime            0x080026df   Thumb Code    84  stm32f4xx_hal_tim_ex.o(i.HAL_TIMEx_ConfigBreakDeadTime)
    HAL_TIMEx_MasterConfigSynchronization    0x08002735   Thumb Code   116  stm32f4xx_hal_tim_ex.o(i.HAL_TIMEx_MasterConfigSynchronization)
    HAL_TIMEx_PWMN_Start                     0x080027c5   Thumb Code   164  stm32f4xx_hal_tim_ex.o(i.HAL_TIMEx_PWMN_Start)
    HAL_TIMEx_PWMN_Stop                      0x08002885   Thumb Code   104  stm32f4xx_hal_tim_ex.o(i.HAL_TIMEx_PWMN_Stop)
    HAL_TIM_Base_Init                        0x080028ed   Thumb Code    90  stm32f4xx_hal_tim.o(i.HAL_TIM_Base_Init)
    HAL_TIM_Base_MspInit                     0x08002949   Thumb Code   192  tim.o(i.HAL_TIM_Base_MspInit)
    HAL_TIM_Base_Start_IT                    0x08002a21   Thumb Code   100  stm32f4xx_hal_tim.o(i.HAL_TIM_Base_Start_IT)
    HAL_TIM_ConfigClockSource                0x08002aa1   Thumb Code   220  stm32f4xx_hal_tim.o(i.HAL_TIM_ConfigClockSource)
    HAL_TIM_Encoder_Init                     0x08002b7d   Thumb Code   164  stm32f4xx_hal_tim.o(i.HAL_TIM_Encoder_Init)
    HAL_TIM_Encoder_MspInit                  0x08002c21   Thumb Code   106  tim.o(i.HAL_TIM_Encoder_MspInit)
    HAL_TIM_IC_CaptureCallback               0x08002c95   Thumb Code     2  stm32f4xx_hal_tim.o(i.HAL_TIM_IC_CaptureCallback)
    HAL_TIM_IRQHandler                       0x08002c97   Thumb Code   358  stm32f4xx_hal_tim.o(i.HAL_TIM_IRQHandler)
    HAL_TIM_MspPostInit                      0x08002dfd   Thumb Code   178  tim.o(i.HAL_TIM_MspPostInit)
    HAL_TIM_OC_DelayElapsedCallback          0x08002ec9   Thumb Code     2  stm32f4xx_hal_tim.o(i.HAL_TIM_OC_DelayElapsedCallback)
    HAL_TIM_PWM_ConfigChannel                0x08002ecb   Thumb Code   204  stm32f4xx_hal_tim.o(i.HAL_TIM_PWM_ConfigChannel)
    HAL_TIM_PWM_Init                         0x08002f97   Thumb Code    90  stm32f4xx_hal_tim.o(i.HAL_TIM_PWM_Init)
    HAL_TIM_PWM_MspInit                      0x08002ff1   Thumb Code     2  stm32f4xx_hal_tim.o(i.HAL_TIM_PWM_MspInit)
    HAL_TIM_PWM_PulseFinishedCallback        0x08002ff3   Thumb Code     2  stm32f4xx_hal_tim.o(i.HAL_TIM_PWM_PulseFinishedCallback)
    HAL_TIM_PWM_Start                        0x08002ff5   Thumb Code   172  stm32f4xx_hal_tim.o(i.HAL_TIM_PWM_Start)
    HAL_TIM_PWM_Stop                         0x080030bd   Thumb Code   114  stm32f4xx_hal_tim.o(i.HAL_TIM_PWM_Stop)
    HAL_TIM_PeriodElapsedCallback            0x08003139   Thumb Code   130  main.o(i.HAL_TIM_PeriodElapsedCallback)
    HAL_TIM_TriggerCallback                  0x080031d5   Thumb Code     2  stm32f4xx_hal_tim.o(i.HAL_TIM_TriggerCallback)
    HardFault_Handler                        0x08003209   Thumb Code     2  stm32f4xx_it.o(i.HardFault_Handler)
    MX_ADC1_Init                             0x08003245   Thumb Code   162  adc.o(i.MX_ADC1_Init)
    MX_GPIO_Init                             0x080032f5   Thumb Code   214  gpio.o(i.MX_GPIO_Init)
    MX_SPI3_Init                             0x080033d9   Thumb Code    68  spi.o(i.MX_SPI3_Init)
    MX_TIM1_Init                             0x08003425   Thumb Code   258  tim.o(i.MX_TIM1_Init)
    MX_TIM2_Init                             0x08003531   Thumb Code   100  tim.o(i.MX_TIM2_Init)
    MX_TIM6_Init                             0x08003599   Thumb Code    58  tim.o(i.MX_TIM6_Init)
    MX_TIM8_Init                             0x080035dd   Thumb Code   196  tim.o(i.MX_TIM8_Init)
    MX_USB_DEVICE_Init                       0x080036a9   Thumb Code    66  usb_device.o(i.MX_USB_DEVICE_Init)
    MemManage_Handler                        0x080036fd   Thumb Code     2  stm32f4xx_it.o(i.MemManage_Handler)
    NMI_Handler                              0x080036ff   Thumb Code     2  stm32f4xx_it.o(i.NMI_Handler)
    OTG_FS_IRQHandler                        0x08003701   Thumb Code     6  stm32f4xx_it.o(i.OTG_FS_IRQHandler)
    PID_Controller_Init                      0x0800387d   Thumb Code    54  pid.o(i.PID_Controller_Init)
    PID_Controller_Update                    0x080038c1   Thumb Code   120  pid.o(i.PID_Controller_Update)
    PendSV_Handler                           0x08003939   Thumb Code     2  stm32f4xx_it.o(i.PendSV_Handler)
    REIN_MT6816_GetAngleData                 0x0800393d   Thumb Code    46  mt6816.o(i.REIN_MT6816_GetAngleData)
    RINE_mt6816_spi_data_Get_AngleData       0x08003971   Thumb Code   218  mt6816.o(i.RINE_mt6816_spi_data_Get_AngleData)
    SVC_Handler                              0x08003b69   Thumb Code     2  stm32f4xx_it.o(i.SVC_Handler)
    Sector_tracker                           0x08003b75   Thumb Code   240  foc.o(i.Sector_tracker)
    SysTick_Handler                          0x08003c79   Thumb Code     4  stm32f4xx_it.o(i.SysTick_Handler)
    SystemClock_Config                       0x08003c7d   Thumb Code   142  main.o(i.SystemClock_Config)
    SystemInit                               0x08003d15   Thumb Code    12  system_stm32f4xx.o(i.SystemInit)
    TIM2_IRQHandler                          0x08003d25   Thumb Code     6  stm32f4xx_it.o(i.TIM2_IRQHandler)
    TIM6_DAC_IRQHandler                      0x08003d31   Thumb Code     6  stm32f4xx_it.o(i.TIM6_DAC_IRQHandler)
    TIM_Base_SetConfig                       0x08003d3d   Thumb Code   156  stm32f4xx_hal_tim.o(i.TIM_Base_SetConfig)
    TIM_CCxChannelCmd                        0x08003e05   Thumb Code    26  stm32f4xx_hal_tim.o(i.TIM_CCxChannelCmd)
    TIM_ETR_SetConfig                        0x08003e39   Thumb Code    20  stm32f4xx_hal_tim.o(i.TIM_ETR_SetConfig)
    TIM_OC2_SetConfig                        0x08003ebd   Thumb Code    98  stm32f4xx_hal_tim.o(i.TIM_OC2_SetConfig)
    USBD_CDC_GetDeviceQualifierDescriptor    0x080041a1   Thumb Code     8  usbd_cdc.o(i.USBD_CDC_GetDeviceQualifierDescriptor)
    USBD_CDC_ReceivePacket                   0x0800437d   Thumb Code    50  usbd_cdc.o(i.USBD_CDC_ReceivePacket)
    USBD_CDC_RegisterInterface               0x080043b5   Thumb Code    22  usbd_cdc.o(i.USBD_CDC_RegisterInterface)
    USBD_CDC_SetRxBuffer                     0x080043cb   Thumb Code    26  usbd_cdc.o(i.USBD_CDC_SetRxBuffer)
    USBD_CDC_SetTxBuffer                     0x080043e5   Thumb Code    30  usbd_cdc.o(i.USBD_CDC_SetTxBuffer)
    USBD_CDC_TransmitPacket                  0x080044d9   Thumb Code    76  usbd_cdc.o(i.USBD_CDC_TransmitPacket)
    USBD_ClrClassConfig                      0x08004529   Thumb Code    20  usbd_core.o(i.USBD_ClrClassConfig)
    USBD_CoreFindEP                          0x0800453d   Thumb Code     4  usbd_core.o(i.USBD_CoreFindEP)
    USBD_CoreFindIF                          0x08004541   Thumb Code     4  usbd_core.o(i.USBD_CoreFindIF)
    USBD_CtlContinueRx                       0x08004545   Thumb Code    16  usbd_ioreq.o(i.USBD_CtlContinueRx)
    USBD_CtlContinueSendData                 0x08004555   Thumb Code    16  usbd_ioreq.o(i.USBD_CtlContinueSendData)
    USBD_CtlError                            0x08004565   Thumb Code    22  usbd_ctlreq.o(i.USBD_CtlError)
    USBD_CtlPrepareRx                        0x0800457b   Thumb Code    30  usbd_ioreq.o(i.USBD_CtlPrepareRx)
    USBD_CtlReceiveStatus                    0x08004599   Thumb Code    22  usbd_ioreq.o(i.USBD_CtlReceiveStatus)
    USBD_CtlSendData                         0x080045af   Thumb Code    26  usbd_ioreq.o(i.USBD_CtlSendData)
    USBD_CtlSendStatus                       0x080045c9   Thumb Code    22  usbd_ioreq.o(i.USBD_CtlSendStatus)
    USBD_FS_ConfigStrDescriptor              0x080045e1   Thumb Code    16  usbd_desc.o(i.USBD_FS_ConfigStrDescriptor)
    USBD_FS_DeviceDescriptor                 0x08004601   Thumb Code     8  usbd_desc.o(i.USBD_FS_DeviceDescriptor)
    USBD_FS_InterfaceStrDescriptor           0x0800460d   Thumb Code    16  usbd_desc.o(i.USBD_FS_InterfaceStrDescriptor)
    USBD_FS_LangIDStrDescriptor              0x08004631   Thumb Code     8  usbd_desc.o(i.USBD_FS_LangIDStrDescriptor)
    USBD_FS_ManufacturerStrDescriptor        0x0800463d   Thumb Code    16  usbd_desc.o(i.USBD_FS_ManufacturerStrDescriptor)
    USBD_FS_ProductStrDescriptor             0x08004665   Thumb Code    16  usbd_desc.o(i.USBD_FS_ProductStrDescriptor)
    USBD_FS_SerialStrDescriptor              0x08004691   Thumb Code    48  usbd_desc.o(i.USBD_FS_SerialStrDescriptor)
    USBD_GetEpDesc                           0x080047af   Thumb Code    58  usbd_core.o(i.USBD_GetEpDesc)
    USBD_GetNextDesc                         0x080047e9   Thumb Code    14  usbd_core.o(i.USBD_GetNextDesc)
    USBD_GetString                           0x080047f7   Thumb Code    72  usbd_ctlreq.o(i.USBD_GetString)
    USBD_Get_USB_Status                      0x0800483f   Thumb Code    24  usbd_conf.o(i.USBD_Get_USB_Status)
    USBD_Init                                0x08004857   Thumb Code    38  usbd_core.o(i.USBD_Init)
    USBD_LL_ClearStallEP                     0x0800487d   Thumb Code    18  usbd_conf.o(i.USBD_LL_ClearStallEP)
    USBD_LL_CloseEP                          0x0800488f   Thumb Code    18  usbd_conf.o(i.USBD_LL_CloseEP)
    USBD_LL_DataInStage                      0x080048a1   Thumb Code   182  usbd_core.o(i.USBD_LL_DataInStage)
    USBD_LL_DataOutStage                     0x08004957   Thumb Code   142  usbd_core.o(i.USBD_LL_DataOutStage)
    USBD_LL_DevConnected                     0x080049e5   Thumb Code     4  usbd_core.o(i.USBD_LL_DevConnected)
    USBD_LL_DevDisconnected                  0x080049e9   Thumb Code    30  usbd_core.o(i.USBD_LL_DevDisconnected)
    USBD_LL_GetRxDataSize                    0x08004a07   Thumb Code     8  usbd_conf.o(i.USBD_LL_GetRxDataSize)
    USBD_LL_Init                             0x08004a11   Thumb Code    90  usbd_conf.o(i.USBD_LL_Init)
    USBD_LL_IsStallEP                        0x08004a71   Thumb Code    32  usbd_conf.o(i.USBD_LL_IsStallEP)
    USBD_LL_IsoINIncomplete                  0x08004a91   Thumb Code    40  usbd_core.o(i.USBD_LL_IsoINIncomplete)
    USBD_LL_IsoOUTIncomplete                 0x08004ab9   Thumb Code    40  usbd_core.o(i.USBD_LL_IsoOUTIncomplete)
    USBD_LL_OpenEP                           0x08004ae1   Thumb Code    24  usbd_conf.o(i.USBD_LL_OpenEP)
    USBD_LL_PrepareReceive                   0x08004af9   Thumb Code    18  usbd_conf.o(i.USBD_LL_PrepareReceive)
    USBD_LL_Reset                            0x08004b0b   Thumb Code    92  usbd_core.o(i.USBD_LL_Reset)
    USBD_LL_Resume                           0x08004b67   Thumb Code    20  usbd_core.o(i.USBD_LL_Resume)
    USBD_LL_SOF                              0x08004b7b   Thumb Code    26  usbd_core.o(i.USBD_LL_SOF)
    USBD_LL_SetSpeed                         0x08004b95   Thumb Code     6  usbd_core.o(i.USBD_LL_SetSpeed)
    USBD_LL_SetUSBAddress                    0x08004b9b   Thumb Code    18  usbd_conf.o(i.USBD_LL_SetUSBAddress)
    USBD_LL_SetupStage                       0x08004bad   Thumb Code    96  usbd_core.o(i.USBD_LL_SetupStage)
    USBD_LL_StallEP                          0x08004c0d   Thumb Code    18  usbd_conf.o(i.USBD_LL_StallEP)
    USBD_LL_Start                            0x08004c1f   Thumb Code    18  usbd_conf.o(i.USBD_LL_Start)
    USBD_LL_Suspend                          0x08004c31   Thumb Code    18  usbd_core.o(i.USBD_LL_Suspend)
    USBD_LL_Transmit                         0x08004c43   Thumb Code    18  usbd_conf.o(i.USBD_LL_Transmit)
    USBD_ParseSetupRequest                   0x08004c55   Thumb Code    44  usbd_ctlreq.o(i.USBD_ParseSetupRequest)
    USBD_RegisterClass                       0x08004c81   Thumb Code    58  usbd_core.o(i.USBD_RegisterClass)
    USBD_SetClassConfig                      0x08004cbb   Thumb Code    20  usbd_core.o(i.USBD_SetClassConfig)
    USBD_Start                               0x08004d89   Thumb Code     4  usbd_core.o(i.USBD_Start)
    USBD_StdDevReq                           0x08004d8d   Thumb Code   300  usbd_ctlreq.o(i.USBD_StdDevReq)
    USBD_StdEPReq                            0x08004eb9   Thumb Code   352  usbd_ctlreq.o(i.USBD_StdEPReq)
    USBD_StdItfReq                           0x08005019   Thumb Code   114  usbd_ctlreq.o(i.USBD_StdItfReq)
    USBD_static_free                         0x0800508b   Thumb Code     2  usbd_conf.o(i.USBD_static_free)
    USBD_static_malloc                       0x0800508d   Thumb Code     4  usbd_conf.o(i.USBD_static_malloc)
    USB_ActivateEndpoint                     0x08005095   Thumb Code   122  stm32f4xx_ll_usb.o(i.USB_ActivateEndpoint)
    USB_ActivateSetup                        0x08005115   Thumb Code    28  stm32f4xx_ll_usb.o(i.USB_ActivateSetup)
    USB_CoreInit                             0x08005131   Thumb Code   112  stm32f4xx_ll_usb.o(i.USB_CoreInit)
    USB_DeactivateEndpoint                   0x080051e5   Thumb Code   194  stm32f4xx_ll_usb.o(i.USB_DeactivateEndpoint)
    USB_DevConnect                           0x080052b1   Thumb Code    28  stm32f4xx_ll_usb.o(i.USB_DevConnect)
    USB_DevDisconnect                        0x080052cd   Thumb Code    28  stm32f4xx_ll_usb.o(i.USB_DevDisconnect)
    USB_DevInit                              0x080052e9   Thumb Code   362  stm32f4xx_ll_usb.o(i.USB_DevInit)
    USB_DisableGlobalInt                     0x0800545d   Thumb Code    12  stm32f4xx_ll_usb.o(i.USB_DisableGlobalInt)
    USB_EP0StartXfer                         0x08005469   Thumb Code   280  stm32f4xx_ll_usb.o(i.USB_EP0StartXfer)
    USB_EP0_OutStart                         0x08005585   Thumb Code    84  stm32f4xx_ll_usb.o(i.USB_EP0_OutStart)
    USB_EPClearStall                         0x080055dd   Thumb Code    88  stm32f4xx_ll_usb.o(i.USB_EPClearStall)
    USB_EPSetStall                           0x08005635   Thumb Code    88  stm32f4xx_ll_usb.o(i.USB_EPSetStall)
    USB_EPStartXfer                          0x0800568d   Thumb Code   480  stm32f4xx_ll_usb.o(i.USB_EPStartXfer)
    USB_EPStopXfer                           0x08005871   Thumb Code   158  stm32f4xx_ll_usb.o(i.USB_EPStopXfer)
    USB_EnableGlobalInt                      0x0800590f   Thumb Code    12  stm32f4xx_ll_usb.o(i.USB_EnableGlobalInt)
    USB_FlushRxFifo                          0x0800591d   Thumb Code    54  stm32f4xx_ll_usb.o(i.USB_FlushRxFifo)
    USB_FlushTxFifo                          0x08005959   Thumb Code    58  stm32f4xx_ll_usb.o(i.USB_FlushTxFifo)
    USB_GetDevSpeed                          0x08005999   Thumb Code    26  stm32f4xx_ll_usb.o(i.USB_GetDevSpeed)
    USB_GetMode                              0x080059b3   Thumb Code     8  stm32f4xx_ll_usb.o(i.USB_GetMode)
    USB_ReadDevAllInEpInterrupt              0x080059bb   Thumb Code    14  stm32f4xx_ll_usb.o(i.USB_ReadDevAllInEpInterrupt)
    USB_ReadDevAllOutEpInterrupt             0x080059c9   Thumb Code    14  stm32f4xx_ll_usb.o(i.USB_ReadDevAllOutEpInterrupt)
    USB_ReadDevInEPInterrupt                 0x080059d7   Thumb Code    36  stm32f4xx_ll_usb.o(i.USB_ReadDevInEPInterrupt)
    USB_ReadDevOutEPInterrupt                0x080059fb   Thumb Code    16  stm32f4xx_ll_usb.o(i.USB_ReadDevOutEPInterrupt)
    USB_ReadInterrupts                       0x08005a0b   Thumb Code     8  stm32f4xx_ll_usb.o(i.USB_ReadInterrupts)
    USB_ReadPacket                           0x08005a13   Thumb Code    62  stm32f4xx_ll_usb.o(i.USB_ReadPacket)
    USB_SetCurrentMode                       0x08005a51   Thumb Code    92  stm32f4xx_ll_usb.o(i.USB_SetCurrentMode)
    USB_SetDevAddress                        0x08005aad   Thumb Code    34  stm32f4xx_ll_usb.o(i.USB_SetDevAddress)
    USB_SetTurnaroundTime                    0x08005ad1   Thumb Code   158  stm32f4xx_ll_usb.o(i.USB_SetTurnaroundTime)
    USB_WritePacket                          0x08005bb9   Thumb Code    40  stm32f4xx_ll_usb.o(i.USB_WritePacket)
    UsageFault_Handler                       0x08005be1   Thumb Code     2  stm32f4xx_it.o(i.UsageFault_Handler)
    VOFA_Init                                0x08005be5   Thumb Code    10  vofa.o(i.VOFA_Init)
    VOFA_TxCpltCallback                      0x08005bf5   Thumb Code    30  vofa.o(i.VOFA_TxCpltCallback)
    __0printf                                0x08005c19   Thumb Code    22  printfa.o(i.__0printf)
    __1printf                                0x08005c19   Thumb Code     0  printfa.o(i.__0printf)
    __2printf                                0x08005c19   Thumb Code     0  printfa.o(i.__0printf)
    __c89printf                              0x08005c19   Thumb Code     0  printfa.o(i.__0printf)
    printf                                   0x08005c19   Thumb Code     0  printfa.o(i.__0printf)
    __scatterload_copy                       0x08005c59   Thumb Code    14  handlers.o(i.__scatterload_copy)
    __scatterload_null                       0x08005c67   Thumb Code     2  handlers.o(i.__scatterload_null)
    __scatterload_zeroinit                   0x08005c69   Thumb Code    14  handlers.o(i.__scatterload_zeroinit)
    check_mt6816                             0x08006505   Thumb Code    60  mt6816.o(i.check_mt6816)
    flash_read_dir                           0x08006555   Thumb Code     8  myflash.o(i.flash_read_dir)
    foc_open                                 0x08006561   Thumb Code    30  foc.o(i.foc_open)
    fputc                                    0x0800657f   Thumb Code    24  usbd_cdc_if.o(i.fputc)
    get_scope                                0x08006599   Thumb Code   166  foc.o(i.get_scope)
    main                                     0x080066cd   Thumb Code   264  main.o(i.main)
    repark_transfer                          0x08006841   Thumb Code    42  foc.o(i.repark_transfer)
    set_duty_by_sector                       0x0800686d   Thumb Code   354  foc.o(i.set_duty_by_sector)
    set_uduq                                 0x080069d9   Thumb Code    74  foc.o(i.set_uduq)
    setfoc_angle                             0x08006a25   Thumb Code    40  foc.o(i.setfoc_angle)
    svpwmctr                                 0x08006a51   Thumb Code   276  foc.o(i.svpwmctr)
    AHBPrescTable                            0x08006b74   Data          16  system_stm32f4xx.o(.constdata)
    Region$$Table$$Base                      0x08006b84   Number         0  anon$$obj.o(Region$$Table)
    Region$$Table$$Limit                     0x08006ba4   Number         0  anon$$obj.o(Region$$Table)
    speed_div                                0x20000000   Data           1  main.o(.data)
    b_step                                   0x20000002   Data           2  main.o(.data)
    Uq_ref                                   0x20000004   Data           4  main.o(.data)
    Ud_ref                                   0x20000008   Data           4  main.o(.data)
    FS_Desc                                  0x20000010   Data          28  usbd_desc.o(.data)
    USBD_LangIDDesc                          0x2000002c   Data           4  usbd_desc.o(.data)
    USBD_FS_DeviceDesc                       0x20000030   Data          18  usbd_desc.o(.data)
    USBD_StringSerial                        0x20000044   Data          26  usbd_desc.o(.data)
    USBD_Interface_fops_FS                   0x20000060   Data          20  usbd_cdc_if.o(.data)
    g_cmd_start                              0x20000074   Data           1  usbd_cdc_if.o(.data)
    g_cmd_stop                               0x20000075   Data           1  usbd_cdc_if.o(.data)
    g_cmd_zero                               0x20000076   Data           1  usbd_cdc_if.o(.data)
    uwTickFreq                               0x20000078   Data           1  stm32f4xx_hal.o(.data)
    uwTickPrio                               0x2000007c   Data           4  stm32f4xx_hal.o(.data)
    uwTick                                   0x20000080   Data           4  stm32f4xx_hal.o(.data)
    SystemCoreClock                          0x20000084   Data           4  system_stm32f4xx.o(.data)
    USBD_CDC                                 0x200000e0   Data          56  usbd_cdc.o(.data)
    bias                                     0x20000118   Data           2  foc.o(.data)
    PID_factor                               0x2000011c   Data           4  foc.o(.data)
    sin_value                                0x20000120   Data        4096  foc.o(.data)
    encoder_adjust_flag                      0x20001120   Data           1  mt6816.o(.data)
    DIR                                      0x20001124   Data           4  mt6816.o(.data)
    dir_desirde                              0x20001128   Data           4  mt6816.o(.data)
    mt6816_spi_data                          0x2000112c   Data           6  mt6816.o(.data)
    aglc                                     0x20001132   Data           8  mt6816.o(.data)
    aglc1                                    0x2000113a   Data           8  mt6816.o(.data)
    mt6816_flag                              0x20001142   Data           1  mt6816.o(.data)
    mt6816_count                             0x20001144   Data           2  pid.o(.data)
    encoder_last_count                       0x20001146   Data           2  pid.o(.data)
    encoder_count_accum                      0x20001148   Data           4  pid.o(.data)
    __stdout                                 0x2000114c   Data           4  stdout.o(.data)
    hadc1                                    0x20001150   Data          72  adc.o(.bss)
    hspi3                                    0x20001198   Data          88  spi.o(.bss)
    htim1                                    0x200011f0   Data          72  tim.o(.bss)
    htim2                                    0x20001238   Data          72  tim.o(.bss)
    htim6                                    0x20001280   Data          72  tim.o(.bss)
    htim8                                    0x200012c8   Data          72  tim.o(.bss)
    hUsbDeviceFS                             0x20001310   Data         732  usb_device.o(.bss)
    USBD_StrDesc                             0x200015ec   Data         512  usbd_desc.o(.bss)
    UserRxBufferFS                           0x200017ec   Data        2048  usbd_cdc_if.o(.bss)
    UserTxBufferFS                           0x20001fec   Data        2048  usbd_cdc_if.o(.bss)
    hpcd_USB_OTG_FS                          0x20002a0c   Data        1292  usbd_conf.o(.bss)
    angledata                                0x20002f18   Data         400  foc.o(.bss)
    m1_foc                                   0x200030a8   Data         132  foc.o(.bss)
    Scope                                    0x2000312c   Data         400  foc.o(.bss)
    g_vofa                                   0x200032bc   Data        1804  vofa.o(.bss)
    speed_pi                                 0x200039c8   Data          36  pid.o(.bss)
    __initial_sp                             0x20003df0   Data           0  startup_stm32f407xx.o(STACK)



==============================================================================

Memory Map of the image

  Image Entry point : 0x08000189

  Load Region LR_IROM1 (Base: 0x08000000, Size: 0x00007cf4, Max: 0x00080000, ABSOLUTE, COMPRESSED[0x000079a8])

    Execution Region ER_IROM1 (Exec base: 0x08000000, Load base: 0x08000000, Size: 0x00006ba4, Max: 0x00080000, ABSOLUTE)

    Exec Addr    Load Addr    Size         Type   Attr      Idx    E Section Name        Object

    0x08000000   0x08000000   0x00000188   Data   RO            3    RESET               startup_stm32f407xx.o
    0x08000188   0x08000188   0x00000000   Code   RO         5351  * .ARM.Collect$$$$00000000  mc_w.l(entry.o)
    0x08000188   0x08000188   0x00000004   Code   RO         5633    .ARM.Collect$$$$00000001  mc_w.l(entry2.o)
    0x0800018c   0x0800018c   0x00000004   Code   RO         5636    .ARM.Collect$$$$00000004  mc_w.l(entry5.o)
    0x08000190   0x08000190   0x00000000   Code   RO         5638    .ARM.Collect$$$$00000008  mc_w.l(entry7b.o)
    0x08000190   0x08000190   0x00000000   Code   RO         5640    .ARM.Collect$$$$0000000A  mc_w.l(entry8b.o)
    0x08000190   0x08000190   0x00000008   Code   RO         5641    .ARM.Collect$$$$0000000B  mc_w.l(entry9a.o)
    0x08000198   0x08000198   0x00000004   Code   RO         5648    .ARM.Collect$$$$0000000E  mc_w.l(entry12b.o)
    0x0800019c   0x0800019c   0x00000000   Code   RO         5643    .ARM.Collect$$$$0000000F  mc_w.l(entry10a.o)
    0x0800019c   0x0800019c   0x00000000   Code   RO         5645    .ARM.Collect$$$$00000011  mc_w.l(entry11a.o)
    0x0800019c   0x0800019c   0x00000004   Code   RO         5634    .ARM.Collect$$$$00002712  mc_w.l(entry2.o)
    0x080001a0   0x080001a0   0x00000024   Code   RO            4    .text               startup_stm32f407xx.o
    0x080001c4   0x080001c4   0x00000062   Code   RO         5354    .text               mc_w.l(uldiv.o)
    0x08000226   0x08000226   0x00000024   Code   RO         5358    .text               mc_w.l(memcpya.o)
    0x0800024a   0x0800024a   0x00000024   Code   RO         5360    .text               mc_w.l(memseta.o)
    0x0800026e   0x0800026e   0x0000001a   Code   RO         5362    .text               mc_w.l(memcmp.o)
    0x08000288   0x08000288   0x000000e4   Code   RO         5627    .text               mf_w.l(dmul.o)
    0x0800036c   0x0800036c   0x00000026   Code   RO         5629    .text               mf_w.l(f2d.o)
    0x08000392   0x08000392   0x0000002c   Code   RO         5650    .text               mc_w.l(uidiv.o)
    0x080003be   0x080003be   0x0000001e   Code   RO         5652    .text               mc_w.l(llshl.o)
    0x080003dc   0x080003dc   0x00000020   Code   RO         5654    .text               mc_w.l(llushr.o)
    0x080003fc   0x080003fc   0x00000000   Code   RO         5663    .text               mc_w.l(iusefp.o)
    0x080003fc   0x080003fc   0x000000ba   Code   RO         5666    .text               mf_w.l(depilogue.o)
    0x080004b6   0x080004b6   0x0000014e   Code   RO         5668    .text               mf_w.l(dadd.o)
    0x08000604   0x08000604   0x000000de   Code   RO         5670    .text               mf_w.l(ddiv.o)
    0x080006e2   0x080006e2   0x00000030   Code   RO         5672    .text               mf_w.l(dfixul.o)
    0x08000712   0x08000712   0x00000002   PAD
    0x08000714   0x08000714   0x00000030   Code   RO         5674    .text               mf_w.l(cdrcmple.o)
    0x08000744   0x08000744   0x00000024   Code   RO         5676    .text               mc_w.l(init.o)
    0x08000768   0x08000768   0x00000024   Code   RO         5678    .text               mc_w.l(llsshr.o)
    0x0800078c   0x0800078c   0x0000005e   Code   RO         5688    .text               mc_w.l(__dclz77c.o)
    0x080007ea   0x080007ea   0x00000002   PAD
    0x080007ec   0x080007ec   0x0000000c   Code   RO          438    i.ADC_IRQHandler    stm32f4xx_it.o
    0x080007f8   0x080007f8   0x00000128   Code   RO         2692    i.ADC_Init          stm32f4xx_hal_adc.o
    0x08000920   0x08000920   0x00000002   Code   RO          439    i.BusFault_Handler  stm32f4xx_it.o
    0x08000922   0x08000922   0x00000004   Code   RO          702    i.CDC_Control_FS    usbd_cdc_if.o
    0x08000926   0x08000926   0x00000004   Code   RO          703    i.CDC_DeInit_FS     usbd_cdc_if.o
    0x0800092a   0x0800092a   0x00000002   PAD
    0x0800092c   0x0800092c   0x00000024   Code   RO          704    i.CDC_Init_FS       usbd_cdc_if.o
    0x08000950   0x08000950   0x00000088   Code   RO          705    i.CDC_Receive_FS    usbd_cdc_if.o
    0x080009d8   0x080009d8   0x0000000a   Code   RO          706    i.CDC_TransmitCplt_FS  usbd_cdc_if.o
    0x080009e2   0x080009e2   0x00000002   PAD
    0x080009e4   0x080009e4   0x0000002c   Code   RO          707    i.CDC_Transmit_FS   usbd_cdc_if.o
    0x08000a10   0x08000a10   0x00000030   Code   RO         5262    i.Calculate_Speed   pid.o
    0x08000a40   0x08000a40   0x00000002   Code   RO          440    i.DebugMon_Handler  stm32f4xx_it.o
    0x08000a42   0x08000a42   0x00000006   Code   RO          441    i.EXTI3_IRQHandler  stm32f4xx_it.o
    0x08000a48   0x08000a48   0x0000002c   Code   RO         5263    i.Encoder_GetDiff   pid.o
    0x08000a74   0x08000a74   0x0000001c   Code   RO         5264    i.Encoder_Update    pid.o
    0x08000a90   0x08000a90   0x00000004   Code   RO           13    i.Error_Handler     main.o
    0x08000a94   0x08000a94   0x00000016   Code   RO         4744    i.FOC_AllOff        foc.o
    0x08000aaa   0x08000aaa   0x00000002   PAD
    0x08000aac   0x08000aac   0x00000080   Code   RO         4745    i.FOC_BaseInit      foc.o
    0x08000b2c   0x08000b2c   0x00000058   Code   RO         4746    i.FOC_Init          foc.o
    0x08000b84   0x08000b84   0x00000018   Code   RO         5204    i.Flash_HAL_Read_N_Data  myflash.o
    0x08000b9c   0x08000b9c   0x00000010   Code   RO         5207    i.Flash_Read_Angle  myflash.o
    0x08000bac   0x08000bac   0x000001bc   Code   RO         2862    i.HAL_ADCEx_InjectedConfigChannel  stm32f4xx_hal_adc_ex.o
    0x08000d68   0x08000d68   0x00000002   Code   RO         2863    i.HAL_ADCEx_InjectedConvCpltCallback  stm32f4xx_hal_adc_ex.o
    0x08000d6a   0x08000d6a   0x00000002   PAD
    0x08000d6c   0x08000d6c   0x0000014c   Code   RO         2694    i.HAL_ADC_ConfigChannel  stm32f4xx_hal_adc.o
    0x08000eb8   0x08000eb8   0x00000002   Code   RO         2695    i.HAL_ADC_ConvCpltCallback  stm32f4xx_hal_adc.o
    0x08000eba   0x08000eba   0x00000002   Code   RO         2698    i.HAL_ADC_ErrorCallback  stm32f4xx_hal_adc.o
    0x08000ebc   0x08000ebc   0x0000012e   Code   RO         2702    i.HAL_ADC_IRQHandler  stm32f4xx_hal_adc.o
    0x08000fea   0x08000fea   0x00000054   Code   RO         2703    i.HAL_ADC_Init      stm32f4xx_hal_adc.o
    0x0800103e   0x0800103e   0x00000002   Code   RO         2704    i.HAL_ADC_LevelOutOfWindowCallback  stm32f4xx_hal_adc.o
    0x08001040   0x08001040   0x00000070   Code   RO          277    i.HAL_ADC_MspInit   adc.o
    0x080010b0   0x080010b0   0x00000024   Code   RO         2438    i.HAL_Delay         stm32f4xx_hal.o
    0x080010d4   0x080010d4   0x00000002   Code   RO         1910    i.HAL_GPIO_EXTI_Callback  stm32f4xx_hal_gpio.o
    0x080010d6   0x080010d6   0x00000002   PAD
    0x080010d8   0x080010d8   0x00000018   Code   RO         1911    i.HAL_GPIO_EXTI_IRQHandler  stm32f4xx_hal_gpio.o
    0x080010f0   0x080010f0   0x000001f0   Code   RO         1912    i.HAL_GPIO_Init     stm32f4xx_hal_gpio.o
    0x080012e0   0x080012e0   0x0000000a   Code   RO         1916    i.HAL_GPIO_WritePin  stm32f4xx_hal_gpio.o
    0x080012ea   0x080012ea   0x00000002   PAD
    0x080012ec   0x080012ec   0x0000000c   Code   RO         2444    i.HAL_GetTick       stm32f4xx_hal.o
    0x080012f8   0x080012f8   0x00000010   Code   RO         2450    i.HAL_IncTick       stm32f4xx_hal.o
    0x08001308   0x08001308   0x00000034   Code   RO         2451    i.HAL_Init          stm32f4xx_hal.o
    0x0800133c   0x0800133c   0x00000040   Code   RO         2452    i.HAL_InitTick      stm32f4xx_hal.o
    0x0800137c   0x0800137c   0x00000030   Code   RO          544    i.HAL_MspInit       stm32f4xx_hal_msp.o
    0x080013ac   0x080013ac   0x0000001a   Code   RO         2301    i.HAL_NVIC_EnableIRQ  stm32f4xx_hal_cortex.o
    0x080013c6   0x080013c6   0x00000002   PAD
    0x080013c8   0x080013c8   0x00000040   Code   RO         2307    i.HAL_NVIC_SetPriority  stm32f4xx_hal_cortex.o
    0x08001408   0x08001408   0x00000024   Code   RO         2308    i.HAL_NVIC_SetPriorityGrouping  stm32f4xx_hal_cortex.o
    0x0800142c   0x0800142c   0x00000002   Code   RO         1211    i.HAL_PCDEx_LPM_Callback  stm32f4xx_hal_pcd_ex.o
    0x0800142e   0x0800142e   0x00000008   Code   RO         1212    i.HAL_PCDEx_SetRxFiFo  stm32f4xx_hal_pcd_ex.o
    0x08001436   0x08001436   0x00000044   Code   RO         1213    i.HAL_PCDEx_SetTxFiFo  stm32f4xx_hal_pcd_ex.o
    0x0800147a   0x0800147a   0x00000008   Code   RO          765    i.HAL_PCD_ConnectCallback  usbd_conf.o
    0x08001482   0x08001482   0x00000012   Code   RO          766    i.HAL_PCD_DataInStageCallback  usbd_conf.o
    0x08001494   0x08001494   0x00000014   Code   RO          767    i.HAL_PCD_DataOutStageCallback  usbd_conf.o
    0x080014a8   0x080014a8   0x00000008   Code   RO          768    i.HAL_PCD_DisconnectCallback  usbd_conf.o
    0x080014b0   0x080014b0   0x0000001e   Code   RO          981    i.HAL_PCD_EP_Abort  stm32f4xx_hal_pcd.o
    0x080014ce   0x080014ce   0x0000004c   Code   RO          982    i.HAL_PCD_EP_Close  stm32f4xx_hal_pcd.o
    0x0800151a   0x0800151a   0x0000005c   Code   RO          983    i.HAL_PCD_EP_ClrStall  stm32f4xx_hal_pcd.o
    0x08001576   0x08001576   0x00000012   Code   RO          985    i.HAL_PCD_EP_GetRxCount  stm32f4xx_hal_pcd.o
    0x08001588   0x08001588   0x00000060   Code   RO          986    i.HAL_PCD_EP_Open   stm32f4xx_hal_pcd.o
    0x080015e8   0x080015e8   0x00000048   Code   RO          987    i.HAL_PCD_EP_Receive  stm32f4xx_hal_pcd.o
    0x08001630   0x08001630   0x00000074   Code   RO          988    i.HAL_PCD_EP_SetStall  stm32f4xx_hal_pcd.o
    0x080016a4   0x080016a4   0x00000040   Code   RO          989    i.HAL_PCD_EP_Transmit  stm32f4xx_hal_pcd.o
    0x080016e4   0x080016e4   0x00000560   Code   RO          991    i.HAL_PCD_IRQHandler  stm32f4xx_hal_pcd.o
    0x08001c44   0x08001c44   0x00000008   Code   RO          769    i.HAL_PCD_ISOINIncompleteCallback  usbd_conf.o
    0x08001c4c   0x08001c4c   0x00000008   Code   RO          770    i.HAL_PCD_ISOOUTIncompleteCallback  usbd_conf.o
    0x08001c54   0x08001c54   0x000000e2   Code   RO          994    i.HAL_PCD_Init      stm32f4xx_hal_pcd.o
    0x08001d36   0x08001d36   0x00000002   PAD
    0x08001d38   0x08001d38   0x00000084   Code   RO          772    i.HAL_PCD_MspInit   usbd_conf.o
    0x08001dbc   0x08001dbc   0x0000002c   Code   RO          773    i.HAL_PCD_ResetCallback  usbd_conf.o
    0x08001de8   0x08001de8   0x00000008   Code   RO          774    i.HAL_PCD_ResumeCallback  usbd_conf.o
    0x08001df0   0x08001df0   0x00000008   Code   RO          775    i.HAL_PCD_SOFCallback  usbd_conf.o
    0x08001df8   0x08001df8   0x00000028   Code   RO         1000    i.HAL_PCD_SetAddress  stm32f4xx_hal_pcd.o
    0x08001e20   0x08001e20   0x0000000e   Code   RO          776    i.HAL_PCD_SetupStageCallback  usbd_conf.o
    0x08001e2e   0x08001e2e   0x00000042   Code   RO         1003    i.HAL_PCD_Start     stm32f4xx_hal_pcd.o
    0x08001e70   0x08001e70   0x00000030   Code   RO          777    i.HAL_PCD_SuspendCallback  usbd_conf.o
    0x08001ea0   0x08001ea0   0x00000134   Code   RO         1558    i.HAL_RCC_ClockConfig  stm32f4xx_hal_rcc.o
    0x08001fd4   0x08001fd4   0x0000000c   Code   RO         1563    i.HAL_RCC_GetHCLKFreq  stm32f4xx_hal_rcc.o
    0x08001fe0   0x08001fe0   0x00000060   Code   RO         1567    i.HAL_RCC_GetSysClockFreq  stm32f4xx_hal_rcc.o
    0x08002040   0x08002040   0x0000036c   Code   RO         1570    i.HAL_RCC_OscConfig  stm32f4xx_hal_rcc.o
    0x080023ac   0x080023ac   0x000000bc   Code   RO         2978    i.HAL_SPI_Init      stm32f4xx_hal_spi.o
    0x08002468   0x08002468   0x00000068   Code   RO          319    i.HAL_SPI_MspInit   spi.o
    0x080024d0   0x080024d0   0x000001e2   Code   RO         2987    i.HAL_SPI_TransmitReceive  stm32f4xx_hal_spi.o
    0x080026b2   0x080026b2   0x00000028   Code   RO         2312    i.HAL_SYSTICK_Config  stm32f4xx_hal_cortex.o
    0x080026da   0x080026da   0x00000002   Code   RO         3995    i.HAL_TIMEx_BreakCallback  stm32f4xx_hal_tim_ex.o
    0x080026dc   0x080026dc   0x00000002   Code   RO         3996    i.HAL_TIMEx_CommutCallback  stm32f4xx_hal_tim_ex.o
    0x080026de   0x080026de   0x00000054   Code   RO         3998    i.HAL_TIMEx_ConfigBreakDeadTime  stm32f4xx_hal_tim_ex.o
    0x08002732   0x08002732   0x00000002   PAD
    0x08002734   0x08002734   0x00000090   Code   RO         4014    i.HAL_TIMEx_MasterConfigSynchronization  stm32f4xx_hal_tim_ex.o
    0x080027c4   0x080027c4   0x000000c0   Code   RO         4025    i.HAL_TIMEx_PWMN_Start  stm32f4xx_hal_tim_ex.o
    0x08002884   0x08002884   0x00000068   Code   RO         4028    i.HAL_TIMEx_PWMN_Stop  stm32f4xx_hal_tim_ex.o
    0x080028ec   0x080028ec   0x0000005a   Code   RO         3291    i.HAL_TIM_Base_Init  stm32f4xx_hal_tim.o
    0x08002946   0x08002946   0x00000002   PAD
    0x08002948   0x08002948   0x000000d8   Code   RO          361    i.HAL_TIM_Base_MspInit  tim.o
    0x08002a20   0x08002a20   0x00000080   Code   RO         3296    i.HAL_TIM_Base_Start_IT  stm32f4xx_hal_tim.o
    0x08002aa0   0x08002aa0   0x000000dc   Code   RO         3300    i.HAL_TIM_ConfigClockSource  stm32f4xx_hal_tim.o
    0x08002b7c   0x08002b7c   0x000000a4   Code   RO         3312    i.HAL_TIM_Encoder_Init  stm32f4xx_hal_tim.o
    0x08002c20   0x08002c20   0x00000074   Code   RO          363    i.HAL_TIM_Encoder_MspInit  tim.o
    0x08002c94   0x08002c94   0x00000002   Code   RO         3325    i.HAL_TIM_IC_CaptureCallback  stm32f4xx_hal_tim.o
    0x08002c96   0x08002c96   0x00000166   Code   RO         3339    i.HAL_TIM_IRQHandler  stm32f4xx_hal_tim.o
    0x08002dfc   0x08002dfc   0x000000cc   Code   RO          364    i.HAL_TIM_MspPostInit  tim.o
    0x08002ec8   0x08002ec8   0x00000002   Code   RO         3342    i.HAL_TIM_OC_DelayElapsedCallback  stm32f4xx_hal_tim.o
    0x08002eca   0x08002eca   0x000000cc   Code   RO         3363    i.HAL_TIM_PWM_ConfigChannel  stm32f4xx_hal_tim.o
    0x08002f96   0x08002f96   0x0000005a   Code   RO         3366    i.HAL_TIM_PWM_Init  stm32f4xx_hal_tim.o
    0x08002ff0   0x08002ff0   0x00000002   Code   RO         3368    i.HAL_TIM_PWM_MspInit  stm32f4xx_hal_tim.o
    0x08002ff2   0x08002ff2   0x00000002   Code   RO         3369    i.HAL_TIM_PWM_PulseFinishedCallback  stm32f4xx_hal_tim.o
    0x08002ff4   0x08002ff4   0x000000c8   Code   RO         3371    i.HAL_TIM_PWM_Start  stm32f4xx_hal_tim.o
    0x080030bc   0x080030bc   0x0000007c   Code   RO         3374    i.HAL_TIM_PWM_Stop  stm32f4xx_hal_tim.o
    0x08003138   0x08003138   0x0000009c   Code   RO           14    i.HAL_TIM_PeriodElapsedCallback  main.o
    0x080031d4   0x080031d4   0x00000002   Code   RO         3382    i.HAL_TIM_TriggerCallback  stm32f4xx_hal_tim.o
    0x080031d6   0x080031d6   0x00000002   PAD
    0x080031d8   0x080031d8   0x0000000c   Code   RO         4748    i.HN1_off           foc.o
    0x080031e4   0x080031e4   0x0000000c   Code   RO         4749    i.HN2_off           foc.o
    0x080031f0   0x080031f0   0x0000000c   Code   RO         4750    i.HN3_off           foc.o
    0x080031fc   0x080031fc   0x0000000c   Code   RO         4751    i.HN4_off           foc.o
    0x08003208   0x08003208   0x00000002   Code   RO          442    i.HardFault_Handler  stm32f4xx_it.o
    0x0800320a   0x0800320a   0x00000002   PAD
    0x0800320c   0x0800320c   0x00000038   Code   RO          616    i.IntToUnicode      usbd_desc.o
    0x08003244   0x08003244   0x000000b0   Code   RO          278    i.MX_ADC1_Init      adc.o
    0x080032f4   0x080032f4   0x000000e4   Code   RO          252    i.MX_GPIO_Init      gpio.o
    0x080033d8   0x080033d8   0x0000004c   Code   RO          320    i.MX_SPI3_Init      spi.o
    0x08003424   0x08003424   0x0000010c   Code   RO          365    i.MX_TIM1_Init      tim.o
    0x08003530   0x08003530   0x00000068   Code   RO          366    i.MX_TIM2_Init      tim.o
    0x08003598   0x08003598   0x00000044   Code   RO          367    i.MX_TIM6_Init      tim.o
    0x080035dc   0x080035dc   0x000000cc   Code   RO          368    i.MX_TIM8_Init      tim.o
    0x080036a8   0x080036a8   0x00000054   Code   RO          568    i.MX_USB_DEVICE_Init  usb_device.o
    0x080036fc   0x080036fc   0x00000002   Code   RO          443    i.MemManage_Handler  stm32f4xx_it.o
    0x080036fe   0x080036fe   0x00000002   Code   RO          444    i.NMI_Handler       stm32f4xx_it.o
    0x08003700   0x08003700   0x0000000c   Code   RO          445    i.OTG_FS_IRQHandler  stm32f4xx_it.o
    0x0800370c   0x0800370c   0x000000cc   Code   RO         1007    i.PCD_EP_OutXfrComplete_int  stm32f4xx_hal_pcd.o
    0x080037d8   0x080037d8   0x000000a2   Code   RO         1008    i.PCD_WriteEmptyTxFifo  stm32f4xx_hal_pcd.o
    0x0800387a   0x0800387a   0x00000002   PAD
    0x0800387c   0x0800387c   0x00000044   Code   RO         5265    i.PID_Controller_Init  pid.o
    0x080038c0   0x080038c0   0x00000078   Code   RO         5266    i.PID_Controller_Update  pid.o
    0x08003938   0x08003938   0x00000002   Code   RO          446    i.PendSV_Handler    stm32f4xx_it.o
    0x0800393a   0x0800393a   0x00000002   PAD
    0x0800393c   0x0800393c   0x00000034   Code   RO         5129    i.REIN_MT6816_GetAngleData  mt6816.o
    0x08003970   0x08003970   0x000000e8   Code   RO         5131    i.RINE_mt6816_spi_data_Get_AngleData  mt6816.o
    0x08003a58   0x08003a58   0x00000058   Code   RO         3016    i.SPI_EndRxTxTransaction  stm32f4xx_hal_spi.o
    0x08003ab0   0x08003ab0   0x000000b8   Code   RO         3021    i.SPI_WaitFlagStateUntilTimeout  stm32f4xx_hal_spi.o
    0x08003b68   0x08003b68   0x00000002   Code   RO          447    i.SVC_Handler       stm32f4xx_it.o
    0x08003b6a   0x08003b6a   0x0000000a   Code   RO         4459    i.SWAPBYTE          usbd_ctlreq.o
    0x08003b74   0x08003b74   0x00000104   Code   RO         4752    i.Sector_tracker    foc.o
    0x08003c78   0x08003c78   0x00000004   Code   RO          448    i.SysTick_Handler   stm32f4xx_it.o
    0x08003c7c   0x08003c7c   0x00000098   Code   RO           15    i.SystemClock_Config  main.o
    0x08003d14   0x08003d14   0x00000010   Code   RO         4263    i.SystemInit        system_stm32f4xx.o
    0x08003d24   0x08003d24   0x0000000c   Code   RO          449    i.TIM2_IRQHandler   stm32f4xx_it.o
    0x08003d30   0x08003d30   0x0000000c   Code   RO          450    i.TIM6_DAC_IRQHandler  stm32f4xx_it.o
    0x08003d3c   0x08003d3c   0x000000c8   Code   RO         3384    i.TIM_Base_SetConfig  stm32f4xx_hal_tim.o
    0x08003e04   0x08003e04   0x0000001a   Code   RO         3385    i.TIM_CCxChannelCmd  stm32f4xx_hal_tim.o
    0x08003e1e   0x08003e1e   0x0000001a   Code   RO         4034    i.TIM_CCxNChannelCmd  stm32f4xx_hal_tim_ex.o
    0x08003e38   0x08003e38   0x00000014   Code   RO         3395    i.TIM_ETR_SetConfig  stm32f4xx_hal_tim.o
    0x08003e4c   0x08003e4c   0x00000010   Code   RO         3396    i.TIM_ITRx_SetConfig  stm32f4xx_hal_tim.o
    0x08003e5c   0x08003e5c   0x00000060   Code   RO         3397    i.TIM_OC1_SetConfig  stm32f4xx_hal_tim.o
    0x08003ebc   0x08003ebc   0x0000006c   Code   RO         3398    i.TIM_OC2_SetConfig  stm32f4xx_hal_tim.o
    0x08003f28   0x08003f28   0x00000068   Code   RO         3399    i.TIM_OC3_SetConfig  stm32f4xx_hal_tim.o
    0x08003f90   0x08003f90   0x00000050   Code   RO         3400    i.TIM_OC4_SetConfig  stm32f4xx_hal_tim.o
    0x08003fe0   0x08003fe0   0x00000022   Code   RO         3402    i.TIM_TI1_ConfigInputStage  stm32f4xx_hal_tim.o
    0x08004002   0x08004002   0x00000024   Code   RO         3404    i.TIM_TI2_ConfigInputStage  stm32f4xx_hal_tim.o
    0x08004026   0x08004026   0x00000076   Code   RO         4592    i.USBD_CDC_DataIn   usbd_cdc.o
    0x0800409c   0x0800409c   0x0000003c   Code   RO         4593    i.USBD_CDC_DataOut  usbd_cdc.o
    0x080040d8   0x080040d8   0x00000090   Code   RO         4594    i.USBD_CDC_DeInit   usbd_cdc.o
    0x08004168   0x08004168   0x00000036   Code   RO         4595    i.USBD_CDC_EP0_RxReady  usbd_cdc.o
    0x0800419e   0x0800419e   0x00000002   PAD
    0x080041a0   0x080041a0   0x0000000c   Code   RO         4596    i.USBD_CDC_GetDeviceQualifierDescriptor  usbd_cdc.o
    0x080041ac   0x080041ac   0x0000003c   Code   RO         4597    i.USBD_CDC_GetFSCfgDesc  usbd_cdc.o
    0x080041e8   0x080041e8   0x00000040   Code   RO         4598    i.USBD_CDC_GetHSCfgDesc  usbd_cdc.o
    0x08004228   0x08004228   0x0000003c   Code   RO         4599    i.USBD_CDC_GetOtherSpeedCfgDesc  usbd_cdc.o
    0x08004264   0x08004264   0x00000118   Code   RO         4600    i.USBD_CDC_Init     usbd_cdc.o
    0x0800437c   0x0800437c   0x00000038   Code   RO         4601    i.USBD_CDC_ReceivePacket  usbd_cdc.o
    0x080043b4   0x080043b4   0x00000016   Code   RO         4602    i.USBD_CDC_RegisterInterface  usbd_cdc.o
    0x080043ca   0x080043ca   0x0000001a   Code   RO         4603    i.USBD_CDC_SetRxBuffer  usbd_cdc.o
    0x080043e4   0x080043e4   0x0000001e   Code   RO         4604    i.USBD_CDC_SetTxBuffer  usbd_cdc.o
    0x08004402   0x08004402   0x000000d4   Code   RO         4605    i.USBD_CDC_Setup    usbd_cdc.o
    0x080044d6   0x080044d6   0x00000002   PAD
    0x080044d8   0x080044d8   0x00000050   Code   RO         4606    i.USBD_CDC_TransmitPacket  usbd_cdc.o
    0x08004528   0x08004528   0x00000014   Code   RO         4300    i.USBD_ClrClassConfig  usbd_core.o
    0x0800453c   0x0800453c   0x00000004   Code   RO         4301    i.USBD_CoreFindEP   usbd_core.o
    0x08004540   0x08004540   0x00000004   Code   RO         4302    i.USBD_CoreFindIF   usbd_core.o
    0x08004544   0x08004544   0x00000010   Code   RO         4532    i.USBD_CtlContinueRx  usbd_ioreq.o
    0x08004554   0x08004554   0x00000010   Code   RO         4533    i.USBD_CtlContinueSendData  usbd_ioreq.o
    0x08004564   0x08004564   0x00000016   Code   RO         4460    i.USBD_CtlError     usbd_ctlreq.o
    0x0800457a   0x0800457a   0x0000001e   Code   RO         4534    i.USBD_CtlPrepareRx  usbd_ioreq.o
    0x08004598   0x08004598   0x00000016   Code   RO         4535    i.USBD_CtlReceiveStatus  usbd_ioreq.o
    0x080045ae   0x080045ae   0x0000001a   Code   RO         4536    i.USBD_CtlSendData  usbd_ioreq.o
    0x080045c8   0x080045c8   0x00000016   Code   RO         4537    i.USBD_CtlSendStatus  usbd_ioreq.o
    0x080045de   0x080045de   0x00000002   PAD
    0x080045e0   0x080045e0   0x00000020   Code   RO          617    i.USBD_FS_ConfigStrDescriptor  usbd_desc.o
    0x08004600   0x08004600   0x0000000c   Code   RO          618    i.USBD_FS_DeviceDescriptor  usbd_desc.o
    0x0800460c   0x0800460c   0x00000024   Code   RO          619    i.USBD_FS_InterfaceStrDescriptor  usbd_desc.o
    0x08004630   0x08004630   0x0000000c   Code   RO          620    i.USBD_FS_LangIDStrDescriptor  usbd_desc.o
    0x0800463c   0x0800463c   0x00000028   Code   RO          621    i.USBD_FS_ManufacturerStrDescriptor  usbd_desc.o
    0x08004664   0x08004664   0x0000002c   Code   RO          622    i.USBD_FS_ProductStrDescriptor  usbd_desc.o
    0x08004690   0x08004690   0x00000038   Code   RO          623    i.USBD_FS_SerialStrDescriptor  usbd_desc.o
    0x080046c8   0x080046c8   0x000000e6   Code   RO         4461    i.USBD_GetDescriptor  usbd_ctlreq.o
    0x080047ae   0x080047ae   0x0000003a   Code   RO         4304    i.USBD_GetEpDesc    usbd_core.o
    0x080047e8   0x080047e8   0x0000000e   Code   RO         4305    i.USBD_GetNextDesc  usbd_core.o
    0x080047f6   0x080047f6   0x00000048   Code   RO         4462    i.USBD_GetString    usbd_ctlreq.o
    0x0800483e   0x0800483e   0x00000018   Code   RO          778    i.USBD_Get_USB_Status  usbd_conf.o
    0x08004856   0x08004856   0x00000026   Code   RO         4306    i.USBD_Init         usbd_core.o
    0x0800487c   0x0800487c   0x00000012   Code   RO          779    i.USBD_LL_ClearStallEP  usbd_conf.o
    0x0800488e   0x0800488e   0x00000012   Code   RO          780    i.USBD_LL_CloseEP   usbd_conf.o
    0x080048a0   0x080048a0   0x000000b6   Code   RO         4307    i.USBD_LL_DataInStage  usbd_core.o
    0x08004956   0x08004956   0x0000008e   Code   RO         4308    i.USBD_LL_DataOutStage  usbd_core.o
    0x080049e4   0x080049e4   0x00000004   Code   RO         4309    i.USBD_LL_DevConnected  usbd_core.o
    0x080049e8   0x080049e8   0x0000001e   Code   RO         4310    i.USBD_LL_DevDisconnected  usbd_core.o
    0x08004a06   0x08004a06   0x00000008   Code   RO          784    i.USBD_LL_GetRxDataSize  usbd_conf.o
    0x08004a0e   0x08004a0e   0x00000002   PAD
    0x08004a10   0x08004a10   0x00000060   Code   RO          785    i.USBD_LL_Init      usbd_conf.o
    0x08004a70   0x08004a70   0x00000020   Code   RO          786    i.USBD_LL_IsStallEP  usbd_conf.o
    0x08004a90   0x08004a90   0x00000028   Code   RO         4311    i.USBD_LL_IsoINIncomplete  usbd_core.o
    0x08004ab8   0x08004ab8   0x00000028   Code   RO         4312    i.USBD_LL_IsoOUTIncomplete  usbd_core.o
    0x08004ae0   0x08004ae0   0x00000018   Code   RO          787    i.USBD_LL_OpenEP    usbd_conf.o
    0x08004af8   0x08004af8   0x00000012   Code   RO          788    i.USBD_LL_PrepareReceive  usbd_conf.o
    0x08004b0a   0x08004b0a   0x0000005c   Code   RO         4313    i.USBD_LL_Reset     usbd_core.o
    0x08004b66   0x08004b66   0x00000014   Code   RO         4314    i.USBD_LL_Resume    usbd_core.o
    0x08004b7a   0x08004b7a   0x0000001a   Code   RO         4315    i.USBD_LL_SOF       usbd_core.o
    0x08004b94   0x08004b94   0x00000006   Code   RO         4316    i.USBD_LL_SetSpeed  usbd_core.o
    0x08004b9a   0x08004b9a   0x00000012   Code   RO          789    i.USBD_LL_SetUSBAddress  usbd_conf.o
    0x08004bac   0x08004bac   0x00000060   Code   RO         4317    i.USBD_LL_SetupStage  usbd_core.o
    0x08004c0c   0x08004c0c   0x00000012   Code   RO          790    i.USBD_LL_StallEP   usbd_conf.o
    0x08004c1e   0x08004c1e   0x00000012   Code   RO          791    i.USBD_LL_Start     usbd_conf.o
    0x08004c30   0x08004c30   0x00000012   Code   RO         4318    i.USBD_LL_Suspend   usbd_core.o
    0x08004c42   0x08004c42   0x00000012   Code   RO          793    i.USBD_LL_Transmit  usbd_conf.o
    0x08004c54   0x08004c54   0x0000002c   Code   RO         4463    i.USBD_ParseSetupRequest  usbd_ctlreq.o
    0x08004c80   0x08004c80   0x0000003a   Code   RO         4319    i.USBD_RegisterClass  usbd_core.o
    0x08004cba   0x08004cba   0x00000014   Code   RO         4321    i.USBD_SetClassConfig  usbd_core.o
    0x08004cce   0x08004cce   0x00000002   PAD
    0x08004cd0   0x08004cd0   0x000000b8   Code   RO         4464    i.USBD_SetConfig    usbd_ctlreq.o
    0x08004d88   0x08004d88   0x00000004   Code   RO         4322    i.USBD_Start        usbd_core.o
    0x08004d8c   0x08004d8c   0x0000012c   Code   RO         4465    i.USBD_StdDevReq    usbd_ctlreq.o
    0x08004eb8   0x08004eb8   0x00000160   Code   RO         4466    i.USBD_StdEPReq     usbd_ctlreq.o
    0x08005018   0x08005018   0x00000072   Code   RO         4467    i.USBD_StdItfReq    usbd_ctlreq.o
    0x0800508a   0x0800508a   0x00000002   Code   RO          794    i.USBD_static_free  usbd_conf.o
    0x0800508c   0x0800508c   0x00000008   Code   RO          795    i.USBD_static_malloc  usbd_conf.o
    0x08005094   0x08005094   0x00000080   Code   RO         1253    i.USB_ActivateEndpoint  stm32f4xx_ll_usb.o
    0x08005114   0x08005114   0x0000001c   Code   RO         1255    i.USB_ActivateSetup  stm32f4xx_ll_usb.o
    0x08005130   0x08005130   0x00000074   Code   RO         1257    i.USB_CoreInit      stm32f4xx_ll_usb.o
    0x080051a4   0x080051a4   0x00000040   Code   RO         1258    i.USB_CoreReset     stm32f4xx_ll_usb.o
    0x080051e4   0x080051e4   0x000000cc   Code   RO         1261    i.USB_DeactivateEndpoint  stm32f4xx_ll_usb.o
    0x080052b0   0x080052b0   0x0000001c   Code   RO         1262    i.USB_DevConnect    stm32f4xx_ll_usb.o
    0x080052cc   0x080052cc   0x0000001c   Code   RO         1263    i.USB_DevDisconnect  stm32f4xx_ll_usb.o
    0x080052e8   0x080052e8   0x00000174   Code   RO         1264    i.USB_DevInit       stm32f4xx_ll_usb.o
    0x0800545c   0x0800545c   0x0000000c   Code   RO         1265    i.USB_DisableGlobalInt  stm32f4xx_ll_usb.o
    0x08005468   0x08005468   0x0000011c   Code   RO         1268    i.USB_EP0StartXfer  stm32f4xx_ll_usb.o
    0x08005584   0x08005584   0x00000058   Code   RO         1269    i.USB_EP0_OutStart  stm32f4xx_ll_usb.o
    0x080055dc   0x080055dc   0x00000058   Code   RO         1270    i.USB_EPClearStall  stm32f4xx_ll_usb.o
    0x08005634   0x08005634   0x00000058   Code   RO         1271    i.USB_EPSetStall    stm32f4xx_ll_usb.o
    0x0800568c   0x0800568c   0x000001e4   Code   RO         1272    i.USB_EPStartXfer   stm32f4xx_ll_usb.o
    0x08005870   0x08005870   0x0000009e   Code   RO         1273    i.USB_EPStopXfer    stm32f4xx_ll_usb.o
    0x0800590e   0x0800590e   0x0000000c   Code   RO         1274    i.USB_EnableGlobalInt  stm32f4xx_ll_usb.o
    0x0800591a   0x0800591a   0x00000002   PAD
    0x0800591c   0x0800591c   0x0000003c   Code   RO         1275    i.USB_FlushRxFifo   stm32f4xx_ll_usb.o
    0x08005958   0x08005958   0x00000040   Code   RO         1276    i.USB_FlushTxFifo   stm32f4xx_ll_usb.o
    0x08005998   0x08005998   0x0000001a   Code   RO         1278    i.USB_GetDevSpeed   stm32f4xx_ll_usb.o
    0x080059b2   0x080059b2   0x00000008   Code   RO         1280    i.USB_GetMode       stm32f4xx_ll_usb.o
    0x080059ba   0x080059ba   0x0000000e   Code   RO         1287    i.USB_ReadDevAllInEpInterrupt  stm32f4xx_ll_usb.o
    0x080059c8   0x080059c8   0x0000000e   Code   RO         1288    i.USB_ReadDevAllOutEpInterrupt  stm32f4xx_ll_usb.o
    0x080059d6   0x080059d6   0x00000024   Code   RO         1289    i.USB_ReadDevInEPInterrupt  stm32f4xx_ll_usb.o
    0x080059fa   0x080059fa   0x00000010   Code   RO         1290    i.USB_ReadDevOutEPInterrupt  stm32f4xx_ll_usb.o
    0x08005a0a   0x08005a0a   0x00000008   Code   RO         1291    i.USB_ReadInterrupts  stm32f4xx_ll_usb.o
    0x08005a12   0x08005a12   0x0000003e   Code   RO         1292    i.USB_ReadPacket    stm32f4xx_ll_usb.o
    0x08005a50   0x08005a50   0x0000005c   Code   RO         1294    i.USB_SetCurrentMode  stm32f4xx_ll_usb.o
    0x08005aac   0x08005aac   0x00000022   Code   RO         1295    i.USB_SetDevAddress  stm32f4xx_ll_usb.o
    0x08005ace   0x08005ace   0x00000002   PAD
    0x08005ad0   0x08005ad0   0x000000e8   Code   RO         1297    i.USB_SetTurnaroundTime  stm32f4xx_ll_usb.o
    0x08005bb8   0x08005bb8   0x00000028   Code   RO         1300    i.USB_WritePacket   stm32f4xx_ll_usb.o
    0x08005be0   0x08005be0   0x00000002   Code   RO          451    i.UsageFault_Handler  stm32f4xx_it.o
    0x08005be2   0x08005be2   0x00000002   PAD
    0x08005be4   0x08005be4   0x00000010   Code   RO         5021    i.VOFA_Init         vofa.o
    0x08005bf4   0x08005bf4   0x00000024   Code   RO         5024    i.VOFA_TxCpltCallback  vofa.o
    0x08005c18   0x08005c18   0x00000020   Code   RO         5599    i.__0printf         mc_w.l(printfa.o)
    0x08005c38   0x08005c38   0x00000020   Code   RO         2314    i.__NVIC_SetPriority  stm32f4xx_hal_cortex.o
    0x08005c58   0x08005c58   0x0000000e   Code   RO         5682    i.__scatterload_copy  mc_w.l(handlers.o)
    0x08005c66   0x08005c66   0x00000002   Code   RO         5683    i.__scatterload_null  mc_w.l(handlers.o)
    0x08005c68   0x08005c68   0x0000000e   Code   RO         5684    i.__scatterload_zeroinit  mc_w.l(handlers.o)
    0x08005c76   0x08005c76   0x00000002   PAD
    0x08005c78   0x08005c78   0x00000184   Code   RO         5606    i._fp_digits        mc_w.l(printfa.o)
    0x08005dfc   0x08005dfc   0x000006b4   Code   RO         5607    i._printf_core      mc_w.l(printfa.o)
    0x080064b0   0x080064b0   0x00000024   Code   RO         5608    i._printf_post_padding  mc_w.l(printfa.o)
    0x080064d4   0x080064d4   0x0000002e   Code   RO         5609    i._printf_pre_padding  mc_w.l(printfa.o)
    0x08006502   0x08006502   0x00000002   PAD
    0x08006504   0x08006504   0x00000040   Code   RO         5132    i.check_mt6816      mt6816.o
    0x08006544   0x08006544   0x00000010   Code   RO         4754    i.f_abs             foc.o
    0x08006554   0x08006554   0x0000000c   Code   RO         5208    i.flash_read_dir    myflash.o
    0x08006560   0x08006560   0x0000001e   Code   RO         4755    i.foc_open          foc.o
    0x0800657e   0x0800657e   0x00000018   Code   RO          708    i.fputc             usbd_cdc_if.o
    0x08006596   0x08006596   0x00000002   PAD
    0x08006598   0x08006598   0x000000b4   Code   RO         4756    i.get_scope         foc.o
    0x0800664c   0x0800664c   0x00000034   Code   RO         4757    i.hb_low            foc.o
    0x08006680   0x08006680   0x00000016   Code   RO         4758    i.hb_off            foc.o
    0x08006696   0x08006696   0x00000034   Code   RO         4759    i.hb_pwm            foc.o
    0x080066ca   0x080066ca   0x00000002   PAD
    0x080066cc   0x080066cc   0x00000174   Code   RO           16    i.main              main.o
    0x08006840   0x08006840   0x0000002a   Code   RO         4760    i.repark_transfer   foc.o
    0x0800686a   0x0800686a   0x00000002   PAD
    0x0800686c   0x0800686c   0x0000016c   Code   RO         4761    i.set_duty_by_sector  foc.o
    0x080069d8   0x080069d8   0x0000004a   Code   RO         4762    i.set_uduq          foc.o
    0x08006a22   0x08006a22   0x00000002   PAD
    0x08006a24   0x08006a24   0x0000002c   Code   RO         4763    i.setfoc_angle      foc.o
    0x08006a50   0x08006a50   0x00000118   Code   RO         4764    i.svpwmctr          foc.o
    0x08006b68   0x08006b68   0x0000000c   Code   RO         5025    i.vofa_next_index   vofa.o
    0x08006b74   0x08006b74   0x00000010   Data   RO         4264    .constdata          system_stm32f4xx.o
    0x08006b84   0x08006b84   0x00000020   Data   RO         5680    Region$$Table       anon$$obj.o


    Execution Region RW_IRAM1 (Exec base: 0x20000000, Load base: 0x08006ba4, Size: 0x00003df0, Max: 0x0001c000, ABSOLUTE, COMPRESSED[0x00000e04])

    Exec Addr    Load Addr    Size         Type   Attr      Idx    E Section Name        Object

    0x20000000   COMPRESSED   0x00000010   Data   RW           24    .data               main.o
    0x20000010   COMPRESSED   0x0000001c   Data   RW          625    .data               usbd_desc.o
    0x2000002c   COMPRESSED   0x00000032   Data   RW          626    .data               usbd_desc.o
    0x2000005e   COMPRESSED   0x00000002   PAD
    0x20000060   COMPRESSED   0x00000014   Data   RW          710    .data               usbd_cdc_if.o
    0x20000074   COMPRESSED   0x00000003   Data   RW          711    .data               usbd_cdc_if.o
    0x20000077   COMPRESSED   0x00000001   PAD
    0x20000078   COMPRESSED   0x0000000c   Data   RW         2458    .data               stm32f4xx_hal.o
    0x20000084   COMPRESSED   0x00000004   Data   RW         4266    .data               system_stm32f4xx.o
    0x20000088   COMPRESSED   0x00000001   Data   RW         4468    .data               usbd_ctlreq.o
    0x20000089   COMPRESSED   0x00000003   PAD
    0x2000008c   COMPRESSED   0x00000053   Data   RW         4607    .data               usbd_cdc.o
    0x200000df   COMPRESSED   0x00000001   PAD
    0x200000e0   COMPRESSED   0x00000038   Data   RW         4608    .data               usbd_cdc.o
    0x20000118   COMPRESSED   0x00001008   Data   RW         4766    .data               foc.o
    0x20001120   COMPRESSED   0x00000022   Data   RW         5135    .data               mt6816.o
    0x20001142   COMPRESSED   0x00000001   Data   RW         5137    .data               mt6816.o
    0x20001143   COMPRESSED   0x00000001   PAD
    0x20001144   COMPRESSED   0x00000008   Data   RW         5269    .data               pid.o
    0x2000114c   COMPRESSED   0x00000004   Data   RW         5649    .data               mc_w.l(stdout.o)
    0x20001150        -       0x00000048   Zero   RW          279    .bss                adc.o
    0x20001198        -       0x00000058   Zero   RW          321    .bss                spi.o
    0x200011f0        -       0x00000120   Zero   RW          369    .bss                tim.o
    0x20001310        -       0x000002dc   Zero   RW          569    .bss                usb_device.o
    0x200015ec        -       0x00000200   Zero   RW          624    .bss                usbd_desc.o
    0x200017ec        -       0x00001000   Zero   RW          709    .bss                usbd_cdc_if.o
    0x200027ec        -       0x0000072c   Zero   RW          796    .bss                usbd_conf.o
    0x20002f18        -       0x000003a4   Zero   RW         4765    .bss                foc.o
    0x200032bc        -       0x0000070c   Zero   RW         5026    .bss                vofa.o
    0x200039c8        -       0x00000024   Zero   RW         5267    .bss                pid.o
    0x200039ec   COMPRESSED   0x00000004   PAD
    0x200039f0        -       0x00000400   Zero   RW            1    STACK               startup_stm32f407xx.o


    Execution Region RW_IRAM2 (Exec base: 0x2001c000, Load base: 0x080079a8, Size: 0x00000000, Max: 0x00004000, ABSOLUTE)

    **** No section assigned to this execution region ****


==============================================================================

Image component sizes


      Code (inc. data)   RO Data    RW Data    ZI Data      Debug   Object Name

       288         26          0          0         72       2009   adc.o
      1702        106          0       4104        932      14675   foc.o
       228         14          0          0          0       1123   gpio.o
       684        144          0         16          0     728254   main.o
       348         24          0         35          0       4305   mt6816.o
        52         10          0          0          0       2212   myflash.o
       308         36          0          8         36       5087   pid.o
       180         20          0          0         88       1885   spi.o
        36          8        392          0       1024        884   startup_stm32f407xx.o
       180         28          0         12          0       9785   stm32f4xx_hal.o
      1020         28          0          0          0       5886   stm32f4xx_hal_adc.o
       446         16          0          0          0       2235   stm32f4xx_hal_adc_ex.o
       198         14          0          0          0      34223   stm32f4xx_hal_cortex.o
       532         52          0          0          0       3608   stm32f4xx_hal_gpio.o
        48          6          0          0          0        950   stm32f4xx_hal_msp.o
      2638         12          0          0          0      14400   stm32f4xx_hal_pcd.o
        78          0          0          0          0       2585   stm32f4xx_hal_pcd_ex.o
      1292         54          0          0          0       4762   stm32f4xx_hal_rcc.o
       942         12          0          0          0       5145   stm32f4xx_hal_spi.o
      2308        146          0          0          0      19716   stm32f4xx_hal_tim.o
       554         56          0          0          0       5870   stm32f4xx_hal_tim_ex.o
        74         24          0          0          0       7150   stm32f4xx_it.o
      2888        134          0          0          0      25451   stm32f4xx_ll_usb.o
        16          4         16          4          0       1271   system_stm32f4xx.o
      1180         92          0          0        288       6133   tim.o
        84         18          0          0        732       2763   usb_device.o
      1278         36          0        139          0      15253   usbd_cdc.o
       258         50          0         23       4096       5344   usbd_cdc_if.o
       644         24          0          0       1836      18132   usbd_conf.o
       916          0          0          0          0      16491   usbd_core.o
      1328         28          0          1          0      15412   usbd_ctlreq.o
       288        104          0         78        512       7877   usbd_desc.o
       132          0          0          0          0       4856   usbd_ioreq.o
        64         12          0          0       1804       2851   vofa.o

    ----------------------------------------------------------------------
     23264       1338        440       4428      11424     998583   Object Totals
         0          0         32          0          0          0   (incl. Generated)
        52          0          0          8          4          0   (incl. Padding)

    ----------------------------------------------------------------------

      Code (inc. data)   RO Data    RW Data    ZI Data      Debug   Library Member Name

        94          0          0          0          0          0   __dclz77c.o
         0          0          0          0          0          0   entry.o
         0          0          0          0          0          0   entry10a.o
         0          0          0          0          0          0   entry11a.o
         4          0          0          0          0          0   entry12b.o
         8          4          0          0          0          0   entry2.o
         4          0          0          0          0          0   entry5.o
         0          0          0          0          0          0   entry7b.o
         0          0          0          0          0          0   entry8b.o
         8          4          0          0          0          0   entry9a.o
        30          0          0          0          0          0   handlers.o
        36          8          0          0          0         68   init.o
         0          0          0          0          0          0   iusefp.o
        30          0          0          0          0         68   llshl.o
        36          0          0          0          0         68   llsshr.o
        32          0          0          0          0         68   llushr.o
        26          0          0          0          0         80   memcmp.o
        36          0          0          0          0         68   memcpya.o
        36          0          0          0          0        108   memseta.o
      2218         90          0          0          0        464   printfa.o
         0          0          0          4          0          0   stdout.o
        44          0          0          0          0         80   uidiv.o
        98          0          0          0          0         92   uldiv.o
        48          0          0          0          0         68   cdrcmple.o
       334          0          0          0          0        148   dadd.o
       222          0          0          0          0        100   ddiv.o
       186          0          0          0          0        176   depilogue.o
        48          0          0          0          0         68   dfixul.o
       228          0          0          0          0         96   dmul.o
        38          0          0          0          0         68   f2d.o

    ----------------------------------------------------------------------
      3852        106          0          4          0       1888   Library Totals
         8          0          0          0          0          0   (incl. Padding)

    ----------------------------------------------------------------------

      Code (inc. data)   RO Data    RW Data    ZI Data      Debug   Library Name

      2740        106          0          4          0       1164   mc_w.l
      1104          0          0          0          0        724   mf_w.l

    ----------------------------------------------------------------------
      3852        106          0          4          0       1888   Library Totals

    ----------------------------------------------------------------------

==============================================================================


      Code (inc. data)   RO Data    RW Data    ZI Data      Debug   

     27116       1444        440       4432      11424     974519   Grand Totals
     27116       1444        440       3588      11424     974519   ELF Image Totals (compressed)
     27116       1444        440       3588          0          0   ROM Totals

==============================================================================

    Total RO  Size (Code + RO Data)                27556 (  26.91kB)
    Total RW  Size (RW Data + ZI Data)             15856 (  15.48kB)
    Total ROM Size (Code + RO Data + RW Data)      31144 (  30.41kB)

==============================================================================

