<html>
<body>
<pre>
<h1>µVision Build Log</h1>
<h2>Tool Versions:</h2>
IDE-Version: ¦ÌVision V5.32.0.0
Copyright (C) 2020 ARM Ltd and ARM Germany GmbH. All rights reserved.
License Information: 1 424175462@qq.com, 1, LIC=CRMW3-AF65I-17VRR-KB0CW-SG497-LP7RM
 
Tool Versions:
Toolchain:       MDK-ARM Professional  Version: 5.32.0.0
Toolchain Path:  E:\Keil5\ARM\ARMCC\Bin
C Compiler:      Armcc.exe V5.06 update 7 (build 960)
Assembler:       Armasm.exe V5.06 update 7 (build 960)
Linker/Locator:  ArmLink.exe V5.06 update 7 (build 960)
Library Manager: ArmAr.exe V5.06 update 7 (build 960)
Hex Converter:   FromElf.exe V5.06 update 7 (build 960)
CPU DLL:         SARMCM3.DLL V5.32.0.0
Dialog DLL:      DCM.DLL V1.17.3.0
Target DLL:      STLink\ST-LINKIII-KEIL_SWO.dll V3.0.8.0
Dialog DLL:      TCM.DLL V1.46.0.0
 
<h2>Project:</h2>
C:\Users\42417\Desktop\motordriver_4.16openloop_encoder_ti_bilibili_qi_mt6816_n\MDK-ARM\motordriver.uvprojx
Project File Date:  04/17/2026

<h2>Output:</h2>
*** Using Compiler 'V5.06 update 7 (build 960)', folder: 'E:\Keil5\ARM\ARMCC\Bin'
Build target 'motordriver'
compiling FOC.c...
..\Application\myflash.h(34): warning:  #1-D: last line of file ends without a newline
  #endif
..\Application\mt6816.h(50): warning:  #1-D: last line of file ends without a newline
  #endif
..\Application\FOC.c(140): warning:  #223-D: function "abs" declared implicitly
          if(abs(Scope[i]) > 2000)
..\Application\FOC.c(38): warning:  #177-D: function "f_abs"  was declared but never referenced
  static inline float f_abs(float x)
..\Application\FOC.c: 4 warnings, 0 errors
linking...
Program Size: Code=29326 RO-data=506 RW-data=4476 ZI-data=12340  
FromELF: creating hex file...
"motordriver\motordriver.axf" - 0 Error(s), 4 Warning(s).

<h2>Software Packages used:</h2>

Package Vendor: ARM
                http://www.keil.com/pack/ARM.CMSIS.5.7.0.pack
                ARM.CMSIS.5.7.0
                CMSIS (Cortex Microcontroller Software Interface Standard)
   * Component: CORE Version: 5.4.0

Package Vendor: Keil
                http://www.keil.com/pack/Keil.STM32F4xx_DFP.2.15.0.pack
                Keil.STM32F4xx_DFP.2.15.0
                STMicroelectronics STM32F4 Series Device Support, Drivers and Examples

<h2>Collection of Component include folders:</h2>
  .\RTE\_motordriver
  E:\Keil5\Arm\Packs\ARM\CMSIS\5.7.0\CMSIS\Core\Include
  E:\Keil5\Arm\Packs\Keil\STM32F4xx_DFP\2.15.0\Drivers\CMSIS\Device\ST\STM32F4xx\Include

<h2>Collection of Component Files used:</h2>

   * Component: ARM::CMSIS:CORE:5.4.0
      Include file:  CMSIS\Core\Include\tz_context.h
Build Time Elapsed:  00:00:02
</pre>
</body>
</html>
