Component: ARM Compiler 5.06 update 7 (build 960) Tool: armlink [4d3601]

==============================================================================

Section Cross References

    startup_stm32f407xx.o(RESET) refers to startup_stm32f407xx.o(STACK) for __initial_sp
    startup_stm32f407xx.o(RESET) refers to startup_stm32f407xx.o(.text) for Reset_Handler
    startup_stm32f407xx.o(RESET) refers to stm32f4xx_it.o(i.NMI_Handler) for NMI_Handler
    startup_stm32f407xx.o(RESET) refers to stm32f4xx_it.o(i.HardFault_Handler) for HardFault_Handler
    startup_stm32f407xx.o(RESET) refers to stm32f4xx_it.o(i.MemManage_Handler) for MemManage_Handler
    startup_stm32f407xx.o(RESET) refers to stm32f4xx_it.o(i.BusFault_Handler) for BusFault_Handler
    startup_stm32f407xx.o(RESET) refers to stm32f4xx_it.o(i.UsageFault_Handler) for UsageFault_Handler
    startup_stm32f407xx.o(RESET) refers to stm32f4xx_it.o(i.SVC_Handler) for SVC_Handler
    startup_stm32f407xx.o(RESET) refers to stm32f4xx_it.o(i.DebugMon_Handler) for DebugMon_Handler
    startup_stm32f407xx.o(RESET) refers to stm32f4xx_it.o(i.PendSV_Handler) for PendSV_Handler
    startup_stm32f407xx.o(RESET) refers to stm32f4xx_it.o(i.SysTick_Handler) for SysTick_Handler
    startup_stm32f407xx.o(RESET) refers to stm32f4xx_it.o(i.EXTI3_IRQHandler) for EXTI3_IRQHandler
    startup_stm32f407xx.o(RESET) refers to stm32f4xx_it.o(i.ADC_IRQHandler) for ADC_IRQHandler
    startup_stm32f407xx.o(RESET) refers to stm32f4xx_it.o(i.TIM6_DAC_IRQHandler) for TIM6_DAC_IRQHandler
    startup_stm32f407xx.o(RESET) refers to stm32f4xx_it.o(i.OTG_FS_IRQHandler) for OTG_FS_IRQHandler
    startup_stm32f407xx.o(.text) refers to system_stm32f4xx.o(i.SystemInit) for SystemInit
    startup_stm32f407xx.o(.text) refers to entry.o(.ARM.Collect$$$$00000000) for __main
    main.o(i.HAL_ADCEx_InjectedConvCpltCallback) refers to stm32f4xx_hal_adc_ex.o(i.HAL_ADCEx_InjectedGetValue) for HAL_ADCEx_InjectedGetValue
    main.o(i.HAL_ADCEx_InjectedConvCpltCallback) refers to mt6816.o(i.REIN_MT6816_GetAngleData) for REIN_MT6816_GetAngleData
    main.o(i.HAL_ADCEx_InjectedConvCpltCallback) refers to pid.o(i.Encoder_Update) for Encoder_Update
    main.o(i.HAL_ADCEx_InjectedConvCpltCallback) refers to foc.o(i.get_AB_current) for get_AB_current
    main.o(i.HAL_ADCEx_InjectedConvCpltCallback) refers to foc.o(i.Sector_tracker) for Sector_tracker
    main.o(i.HAL_ADCEx_InjectedConvCpltCallback) refers to foc.o(i.current_ctr) for current_ctr
    main.o(i.HAL_ADCEx_InjectedConvCpltCallback) refers to foc.o(i.adjust_I) for adjust_I
    main.o(i.HAL_ADCEx_InjectedConvCpltCallback) refers to vofa.o(i.VOFA_SendFrame6) for VOFA_SendFrame6
    main.o(i.HAL_ADCEx_InjectedConvCpltCallback) refers to adc.o(.bss) for hadc1
    main.o(i.HAL_ADCEx_InjectedConvCpltCallback) refers to main.o(.data) for .data
    main.o(i.HAL_ADCEx_InjectedConvCpltCallback) refers to mt6816.o(.data) for encoder_adjust_flag
    main.o(i.HAL_ADCEx_InjectedConvCpltCallback) refers to pid.o(.data) for mt6816_count
    main.o(i.HAL_ADCEx_InjectedConvCpltCallback) refers to connecting.o(.bss) for connect_crt
    main.o(i.HAL_ADCEx_InjectedConvCpltCallback) refers to foc.o(.bss) for m1_foc
    main.o(i.HAL_TIM_PeriodElapsedCallback) refers to stm32f4xx_hal_adc_ex.o(i.HAL_ADCEx_InjectedStart_IT) for HAL_ADCEx_InjectedStart_IT
    main.o(i.HAL_TIM_PeriodElapsedCallback) refers to main.o(i.speed_loop_run) for speed_loop_run
    main.o(i.HAL_TIM_PeriodElapsedCallback) refers to adc_task.o(i.get_vol) for get_vol
    main.o(i.HAL_TIM_PeriodElapsedCallback) refers to adc_task.o(i.get_temp) for get_temp
    main.o(i.HAL_TIM_PeriodElapsedCallback) refers to main.o(i.motor_protect) for motor_protect
    main.o(i.HAL_TIM_PeriodElapsedCallback) refers to adc.o(.bss) for hadc1
    main.o(i.HAL_TIM_PeriodElapsedCallback) refers to main.o(.data) for .data
    main.o(i.SystemClock_Config) refers to memseta.o(.text) for __aeabi_memclr4
    main.o(i.SystemClock_Config) refers to stm32f4xx_hal_rcc.o(i.HAL_RCC_OscConfig) for HAL_RCC_OscConfig
    main.o(i.SystemClock_Config) refers to stm32f4xx_hal_rcc.o(i.HAL_RCC_ClockConfig) for HAL_RCC_ClockConfig
    main.o(i.main) refers to stm32f4xx_hal.o(i.HAL_Init) for HAL_Init
    main.o(i.main) refers to main.o(i.SystemClock_Config) for SystemClock_Config
    main.o(i.main) refers to gpio.o(i.MX_GPIO_Init) for MX_GPIO_Init
    main.o(i.main) refers to usb_device.o(i.MX_USB_DEVICE_Init) for MX_USB_DEVICE_Init
    main.o(i.main) refers to tim.o(i.MX_TIM1_Init) for MX_TIM1_Init
    main.o(i.main) refers to tim.o(i.MX_TIM8_Init) for MX_TIM8_Init
    main.o(i.main) refers to tim.o(i.MX_TIM6_Init) for MX_TIM6_Init
    main.o(i.main) refers to adc.o(i.MX_ADC1_Init) for MX_ADC1_Init
    main.o(i.main) refers to tim.o(i.MX_TIM2_Init) for MX_TIM2_Init
    main.o(i.main) refers to spi.o(i.MX_SPI3_Init) for MX_SPI3_Init
    main.o(i.main) refers to main.o(i.motor_control_init) for motor_control_init
[...]
    DMA1_Stream1_IRQHandler                  0x080001bb   Thumb Code     0  startup_stm32f407xx.o(.text)
    DMA1_Stream2_IRQHandler                  0x080001bb   Thumb Code     0  startup_stm32f407xx.o(.text)
    DMA1_Stream3_IRQHandler                  0x080001bb   Thumb Code     0  startup_stm32f407xx.o(.text)
    DMA1_Stream4_IRQHandler                  0x080001bb   Thumb Code     0  startup_stm32f407xx.o(.text)
    DMA1_Stream5_IRQHandler                  0x080001bb   Thumb Code     0  startup_stm32f407xx.o(.text)
    DMA1_Stream6_IRQHandler                  0x080001bb   Thumb Code     0  startup_stm32f407xx.o(.text)
    DMA1_Stream7_IRQHandler                  0x080001bb   Thumb Code     0  startup_stm32f407xx.o(.text)
    DMA2_Stream0_IRQHandler                  0x080001bb   Thumb Code     0  startup_stm32f407xx.o(.text)
    DMA2_Stream1_IRQHandler                  0x080001bb   Thumb Code     0  startup_stm32f407xx.o(.text)
    DMA2_Stream2_IRQHandler                  0x080001bb   Thumb Code     0  startup_stm32f407xx.o(.text)
    DMA2_Stream3_IRQHandler                  0x080001bb   Thumb Code     0  startup_stm32f407xx.o(.text)
    DMA2_Stream4_IRQHandler                  0x080001bb   Thumb Code     0  startup_stm32f407xx.o(.text)
    DMA2_Stream5_IRQHandler                  0x080001bb   Thumb Code     0  startup_stm32f407xx.o(.text)
    DMA2_Stream6_IRQHandler                  0x080001bb   Thumb Code     0  startup_stm32f407xx.o(.text)
    DMA2_Stream7_IRQHandler                  0x080001bb   Thumb Code     0  startup_stm32f407xx.o(.text)
    ETH_IRQHandler                           0x080001bb   Thumb Code     0  startup_stm32f407xx.o(.text)
    ETH_WKUP_IRQHandler                      0x080001bb   Thumb Code     0  startup_stm32f407xx.o(.text)
    EXTI0_IRQHandler                         0x080001bb   Thumb Code     0  startup_stm32f407xx.o(.text)
    EXTI15_10_IRQHandler                     0x080001bb   Thumb Code     0  startup_stm32f407xx.o(.text)
    EXTI1_IRQHandler                         0x080001bb   Thumb Code     0  startup_stm32f407xx.o(.text)
    EXTI2_IRQHandler                         0x080001bb   Thumb Code     0  startup_stm32f407xx.o(.text)
    EXTI4_IRQHandler                         0x080001bb   Thumb Code     0  startup_stm32f407xx.o(.text)
    EXTI9_5_IRQHandler                       0x080001bb   Thumb Code     0  startup_stm32f407xx.o(.text)
    FLASH_IRQHandler                         0x080001bb   Thumb Code     0  startup_stm32f407xx.o(.text)
    FMC_IRQHandler                           0x080001bb   Thumb Code     0  startup_stm32f407xx.o(.text)
    FPU_IRQHandler                           0x080001bb   Thumb Code     0  startup_stm32f407xx.o(.text)
    HASH_RNG_IRQHandler                      0x080001bb   Thumb Code     0  startup_stm32f407xx.o(.text)
    I2C1_ER_IRQHandler                       0x080001bb   Thumb Code     0  startup_stm32f407xx.o(.text)
    I2C1_EV_IRQHandler                       0x080001bb   Thumb Code     0  startup_stm32f407xx.o(.text)
    I2C2_ER_IRQHandler                       0x080001bb   Thumb Code     0  startup_stm32f407xx.o(.text)
    I2C2_EV_IRQHandler                       0x080001bb   Thumb Code     0  startup_stm32f407xx.o(.text)
    I2C3_ER_IRQHandler                       0x080001bb   Thumb Code     0  startup_stm32f407xx.o(.text)
    I2C3_EV_IRQHandler                       0x080001bb   Thumb Code     0  startup_stm32f407xx.o(.text)
    OTG_FS_WKUP_IRQHandler                   0x080001bb   Thumb Code     0  startup_stm32f407xx.o(.text)
    OTG_HS_EP1_IN_IRQHandler                 0x080001bb   Thumb Code     0  startup_stm32f407xx.o(.text)
    OTG_HS_EP1_OUT_IRQHandler                0x080001bb   Thumb Code     0  startup_stm32f407xx.o(.text)
    OTG_HS_IRQHandler                        0x080001bb   Thumb Code     0  startup_stm32f407xx.o(.text)
    OTG_HS_WKUP_IRQHandler                   0x080001bb   Thumb Code     0  startup_stm32f407xx.o(.text)
    PVD_IRQHandler                           0x080001bb   Thumb Code     0  startup_stm32f407xx.o(.text)
    RCC_IRQHandler                           0x080001bb   Thumb Code     0  startup_stm32f407xx.o(.text)
    RTC_Alarm_IRQHandler                     0x080001bb   Thumb Code     0  startup_stm32f407xx.o(.text)
    RTC_WKUP_IRQHandler                      0x080001bb   Thumb Code     0  startup_stm32f407xx.o(.text)
    SDIO_IRQHandler                          0x080001bb   Thumb Code     0  startup_stm32f407xx.o(.text)
    SPI1_IRQHandler                          0x080001bb   Thumb Code     0  startup_stm32f407xx.o(.text)
    SPI2_IRQHandler                          0x080001bb   Thumb Code     0  startup_stm32f407xx.o(.text)
    SPI3_IRQHandler                          0x080001bb   Thumb Code     0  startup_stm32f407xx.o(.text)
    TAMP_STAMP_IRQHandler                    0x080001bb   Thumb Code     0  startup_stm32f407xx.o(.text)
    TIM1_BRK_TIM9_IRQHandler                 0x080001bb   Thumb Code     0  startup_stm32f407xx.o(.text)
    TIM1_CC_IRQHandler                       0x080001bb   Thumb Code     0  startup_stm32f407xx.o(.text)
    TIM1_TRG_COM_TIM11_IRQHandler            0x080001bb   Thumb Code     0  startup_stm32f407xx.o(.text)
    TIM1_UP_TIM10_IRQHandler                 0x080001bb   Thumb Code     0  startup_stm32f407xx.o(.text)
    TIM2_IRQHandler                          0x080001bb   Thumb Code     0  startup_stm32f407xx.o(.text)
    TIM3_IRQHandler                          0x080001bb   Thumb Code     0  startup_stm32f407xx.o(.text)
    TIM4_IRQHandler                          0x080001bb   Thumb Code     0  startup_stm32f407xx.o(.text)
    TIM5_IRQHandler                          0x080001bb   Thumb Code     0  startup_stm32f407xx.o(.text)
    TIM7_IRQHandler                          0x080001bb   Thumb Code     0  startup_stm32f407xx.o(.text)
    TIM8_BRK_TIM12_IRQHandler                0x080001bb   Thumb Code     0  startup_stm32f407xx.o(.text)
    TIM8_CC_IRQHandler                       0x080001bb   Thumb Code     0  startup_stm32f407xx.o(.text)
    TIM8_TRG_COM_TIM14_IRQHandler            0x080001bb   Thumb Code     0  startup_stm32f407xx.o(.text)
    TIM8_UP_TIM13_IRQHandler                 0x080001bb   Thumb Code     0  startup_stm32f407xx.o(.text)
    UART4_IRQHandler                         0x080001bb   Thumb Code     0  startup_stm32f407xx.o(.text)
    UART5_IRQHandler                         0x080001bb   Thumb Code     0  startup_stm32f407xx.o(.text)
    USART1_IRQHandler                        0x080001bb   Thumb Code     0  startup_stm32f407xx.o(.text)
    USART2_IRQHandler                        0x080001bb   Thumb Code     0  startup_stm32f407xx.o(.text)
    USART3_IRQHandler                        0x080001bb   Thumb Code     0  startup_stm32f407xx.o(.text)
    USART6_IRQHandler                        0x080001bb   Thumb Code     0  startup_stm32f407xx.o(.text)
    WWDG_IRQHandler                          0x080001bb   Thumb Code     0  startup_stm32f407xx.o(.text)
    __aeabi_uldivmod                         0x080001c5   Thumb Code    98  uldiv.o(.text)
    __aeabi_memcpy                           0x08000227   Thumb Code    36  memcpya.o(.text)
    __aeabi_memcpy4                          0x08000227   Thumb Code     0  memcpya.o(.text)
    __aeabi_memcpy8                          0x08000227   Thumb Code     0  memcpya.o(.text)
    __aeabi_memset                           0x0800024b   Thumb Code    14  memseta.o(.text)
    __aeabi_memset4                          0x0800024b   Thumb Code     0  memseta.o(.text)
    __aeabi_memset8                          0x0800024b   Thumb Code     0  memseta.o(.text)
    __aeabi_memclr                           0x08000259   Thumb Code     4  memseta.o(.text)
    __aeabi_memclr4                          0x08000259   Thumb Code     0  memseta.o(.text)
    __aeabi_memclr8                          0x08000259   Thumb Code     0  memseta.o(.text)
    _memset$wrapper                          0x0800025d   Thumb Code    18  memseta.o(.text)
    memcmp                                   0x0800026f   Thumb Code    26  memcmp.o(.text)
    __aeabi_llsl                             0x08000289   Thumb Code    30  llshl.o(.text)
    _ll_shift_l                              0x08000289   Thumb Code     0  llshl.o(.text)
    __aeabi_llsr                             0x080002a7   Thumb Code    32  llushr.o(.text)
    _ll_ushift_r                             0x080002a7   Thumb Code     0  llushr.o(.text)
    __I$use$fp                               0x080002c7   Thumb Code     0  iusefp.o(.text)
    __scatterload                            0x080002c9   Thumb Code    28  init.o(.text)
    __scatterload_rt2                        0x080002c9   Thumb Code     0  init.o(.text)
    __decompress                             0x080002ed   Thumb Code     0  __dclz77c.o(.text)
    __decompress2                            0x080002ed   Thumb Code    94  __dclz77c.o(.text)
    ADC_IRQHandler                           0x0800034d   Thumb Code     6  stm32f4xx_it.o(i.ADC_IRQHandler)
    BusFault_Handler                         0x08000481   Thumb Code     2  stm32f4xx_it.o(i.BusFault_Handler)
    CDC_Transmit_FS                          0x08000545   Thumb Code    38  usbd_cdc_if.o(i.CDC_Transmit_FS)
    Calculate_Speed                          0x08000571   Thumb Code    36  pid.o(i.Calculate_Speed)
    DebugMon_Handler                         0x080005a1   Thumb Code     2  stm32f4xx_it.o(i.DebugMon_Handler)
    EXTI3_IRQHandler                         0x080005a3   Thumb Code     6  stm32f4xx_it.o(i.EXTI3_IRQHandler)
    Encoder_Update                           0x080005a9   Thumb Code    52  pid.o(i.Encoder_Update)
    Error_Handler                            0x080005e5   Thumb Code     4  main.o(i.Error_Handler)
    FLASH_Erase_Sector                       0x080005e9   Thumb Code    74  stm32f4xx_hal_flash_ex.o(i.FLASH_Erase_Sector)
    FLASH_FlushCaches                        0x08000639   Thumb Code    80  stm32f4xx_hal_flash_ex.o(i.FLASH_FlushCaches)
    FLASH_WaitForLastOperation               0x080007b1   Thumb Code    72  stm32f4xx_hal_flash.o(i.FLASH_WaitForLastOperation)
    FOC_AllOff                               0x08000801   Thumb Code    22  foc.o(i.FOC_AllOff)
    FOC_Init                                 0x08000819   Thumb Code    66  foc.o(i.FOC_Init)
    Flash_HAL_Read_N_Data                    0x0800086d   Thumb Code    24  myflash.o(i.Flash_HAL_Read_N_Data)
    Flash_HAL_Write_N_Data                   0x08000885   Thumb Code   196  myflash.o(i.Flash_HAL_Write_N_Data)
    Flash_Read_Angle                         0x08000951   Thumb Code    10  myflash.o(i.Flash_Read_Angle)
    HAL_ADCEx_InjectedConfigChannel          0x080009c9   Thumb Code   428  stm32f4xx_hal_adc_ex.o(i.HAL_ADCEx_InjectedConfigChannel)
    HAL_ADCEx_InjectedConvCpltCallback       0x08000b85   Thumb Code   216  main.o(i.HAL_ADCEx_InjectedConvCpltCallback)
    HAL_ADCEx_InjectedGetValue               0x08000c7d   Thumb Code    58  stm32f4xx_hal_adc_ex.o(i.HAL_ADCEx_InjectedGetValue)
    HAL_ADCEx_InjectedPollForConversion      0x08000cb7   Thumb Code   144  stm32f4xx_hal_adc_ex.o(i.HAL_ADCEx_InjectedPollForConversion)
    HAL_ADCEx_InjectedStart                  0x08000d49   Thumb Code   202  stm32f4xx_hal_adc_ex.o(i.HAL_ADCEx_InjectedStart)
    HAL_ADCEx_InjectedStart_IT               0x08000e25   Thumb Code   212  stm32f4xx_hal_adc_ex.o(i.HAL_ADCEx_InjectedStart_IT)
    HAL_ADCEx_InjectedStop                   0x08000f09   Thumb Code    86  stm32f4xx_hal_adc_ex.o(i.HAL_ADCEx_InjectedStop)
    HAL_ADC_ConfigChannel                    0x08000f61   Thumb Code   316  stm32f4xx_hal_adc.o(i.HAL_ADC_ConfigChannel)
    HAL_ADC_ConvCpltCallback                 0x080010ad   Thumb Code     2  stm32f4xx_hal_adc.o(i.HAL_ADC_ConvCpltCallback)
    HAL_ADC_ErrorCallback                    0x080010af   Thumb Code     2  stm32f4xx_hal_adc.o(i.HAL_ADC_ErrorCallback)
    HAL_ADC_GetValue                         0x080010b1   Thumb Code     6  stm32f4xx_hal_adc.o(i.HAL_ADC_GetValue)
    HAL_ADC_IRQHandler                       0x080010b7   Thumb Code   302  stm32f4xx_hal_adc.o(i.HAL_ADC_IRQHandler)
    HAL_ADC_Init                             0x080011e5   Thumb Code    84  stm32f4xx_hal_adc.o(i.HAL_ADC_Init)
    HAL_ADC_LevelOutOfWindowCallback         0x08001239   Thumb Code     2  stm32f4xx_hal_adc.o(i.HAL_ADC_LevelOutOfWindowCallback)
    HAL_ADC_MspInit                          0x0800123d   Thumb Code   128  adc.o(i.HAL_ADC_MspInit)
    HAL_ADC_PollForConversion                0x080012cd   Thumb Code   170  stm32f4xx_hal_adc.o(i.HAL_ADC_PollForConversion)
    HAL_ADC_Start                            0x08001379   Thumb Code   228  stm32f4xx_hal_adc.o(i.HAL_ADC_Start)
    HAL_ADC_Stop                             0x08001475   Thumb Code    60  stm32f4xx_hal_adc.o(i.HAL_ADC_Stop)
    HAL_Delay                                0x080014b1   Thumb Code    32  stm32f4xx_hal.o(i.HAL_Delay)
    HAL_FLASHEx_Erase                        0x080014d5   Thumb Code   144  stm32f4xx_hal_flash_ex.o(i.HAL_FLASHEx_Erase)
    HAL_FLASH_Lock                           0x0800156d   Thumb Code    14  stm32f4xx_hal_flash.o(i.HAL_FLASH_Lock)
    HAL_FLASH_Program                        0x08001581   Thumb Code   116  stm32f4xx_hal_flash.o(i.HAL_FLASH_Program)
    HAL_FLASH_Unlock                         0x080015fd   Thumb Code    32  stm32f4xx_hal_flash.o(i.HAL_FLASH_Unlock)
    HAL_GPIO_EXTI_Callback                   0x08001629   Thumb Code     2  stm32f4xx_hal_gpio.o(i.HAL_GPIO_EXTI_Callback)
    HAL_GPIO_EXTI_IRQHandler                 0x0800162d   Thumb Code    18  stm32f4xx_hal_gpio.o(i.HAL_GPIO_EXTI_IRQHandler)
    HAL_GPIO_Init                            0x08001645   Thumb Code   450  stm32f4xx_hal_gpio.o(i.HAL_GPIO_Init)
    HAL_GPIO_WritePin                        0x08001835   Thumb Code    10  stm32f4xx_hal_gpio.o(i.HAL_GPIO_WritePin)
    HAL_GetTick                              0x08001841   Thumb Code     6  stm32f4xx_hal.o(i.HAL_GetTick)
    HAL_IncTick                              0x0800184d   Thumb Code    12  stm32f4xx_hal.o(i.HAL_IncTick)
    HAL_Init                                 0x0800185d   Thumb Code    48  stm32f4xx_hal.o(i.HAL_Init)
    HAL_InitTick                             0x08001891   Thumb Code    54  stm32f4xx_hal.o(i.HAL_InitTick)
    HAL_MspInit                              0x080018d1   Thumb Code    42  stm32f4xx_hal_msp.o(i.HAL_MspInit)
    HAL_NVIC_EnableIRQ                       0x08001901   Thumb Code    26  stm32f4xx_hal_cortex.o(i.HAL_NVIC_EnableIRQ)
    HAL_NVIC_SetPriority                     0x0800191d   Thumb Code    60  stm32f4xx_hal_cortex.o(i.HAL_NVIC_SetPriority)
    HAL_NVIC_SetPriorityGrouping             0x0800195d   Thumb Code    26  stm32f4xx_hal_cortex.o(i.HAL_NVIC_SetPriorityGrouping)
    HAL_NVIC_SystemReset                     0x08001981   Thumb Code    26  stm32f4xx_hal_cortex.o(i.HAL_NVIC_SystemReset)
    HAL_PCDEx_LPM_Callback                   0x080019a5   Thumb Code     2  stm32f4xx_hal_pcd_ex.o(i.HAL_PCDEx_LPM_Callback)
    HAL_PCDEx_SetRxFiFo                      0x080019a7   Thumb Code     8  stm32f4xx_hal_pcd_ex.o(i.HAL_PCDEx_SetRxFiFo)
    HAL_PCDEx_SetTxFiFo                      0x080019af   Thumb Code    68  stm32f4xx_hal_pcd_ex.o(i.HAL_PCDEx_SetTxFiFo)
    HAL_PCD_ConnectCallback                  0x080019f3   Thumb Code     8  usbd_conf.o(i.HAL_PCD_ConnectCallback)
    HAL_PCD_DataInStageCallback              0x080019fb   Thumb Code    18  usbd_conf.o(i.HAL_PCD_DataInStageCallback)
    HAL_PCD_DataOutStageCallback             0x08001a0d   Thumb Code    20  usbd_conf.o(i.HAL_PCD_DataOutStageCallback)
    HAL_PCD_DisconnectCallback               0x08001a21   Thumb Code     8  usbd_conf.o(i.HAL_PCD_DisconnectCallback)
    HAL_PCD_EP_Abort                         0x08001a29   Thumb Code    30  stm32f4xx_hal_pcd.o(i.HAL_PCD_EP_Abort)
    HAL_PCD_EP_Close                         0x08001a47   Thumb Code    76  stm32f4xx_hal_pcd.o(i.HAL_PCD_EP_Close)
    HAL_PCD_EP_ClrStall                      0x08001a93   Thumb Code    92  stm32f4xx_hal_pcd.o(i.HAL_PCD_EP_ClrStall)
    HAL_PCD_EP_GetRxCount                    0x08001aef   Thumb Code    18  stm32f4xx_hal_pcd.o(i.HAL_PCD_EP_GetRxCount)
    HAL_PCD_EP_Open                          0x08001b01   Thumb Code    96  stm32f4xx_hal_pcd.o(i.HAL_PCD_EP_Open)
    HAL_PCD_EP_Receive                       0x08001b61   Thumb Code    72  stm32f4xx_hal_pcd.o(i.HAL_PCD_EP_Receive)
    HAL_PCD_EP_SetStall                      0x08001ba9   Thumb Code   116  stm32f4xx_hal_pcd.o(i.HAL_PCD_EP_SetStall)
    HAL_PCD_EP_Transmit                      0x08001c1d   Thumb Code    64  stm32f4xx_hal_pcd.o(i.HAL_PCD_EP_Transmit)
    HAL_PCD_IRQHandler                       0x08001c5d   Thumb Code  1376  stm32f4xx_hal_pcd.o(i.HAL_PCD_IRQHandler)
    HAL_PCD_ISOINIncompleteCallback          0x080021bd   Thumb Code     8  usbd_conf.o(i.HAL_PCD_ISOINIncompleteCallback)
    HAL_PCD_ISOOUTIncompleteCallback         0x080021c5   Thumb Code     8  usbd_conf.o(i.HAL_PCD_ISOOUTIncompleteCallback)
    HAL_PCD_Init                             0x080021cd   Thumb Code   226  stm32f4xx_hal_pcd.o(i.HAL_PCD_Init)
    HAL_PCD_MspInit                          0x080022b1   Thumb Code   122  usbd_conf.o(i.HAL_PCD_MspInit)
    HAL_PCD_ResetCallback                    0x08002335   Thumb Code    44  usbd_conf.o(i.HAL_PCD_ResetCallback)
    HAL_PCD_ResumeCallback                   0x08002361   Thumb Code     8  usbd_conf.o(i.HAL_PCD_ResumeCallback)
    HAL_PCD_SOFCallback                      0x08002369   Thumb Code     8  usbd_conf.o(i.HAL_PCD_SOFCallback)
    HAL_PCD_SetAddress                       0x08002371   Thumb Code    40  stm32f4xx_hal_pcd.o(i.HAL_PCD_SetAddress)
    HAL_PCD_SetupStageCallback               0x08002399   Thumb Code    14  usbd_conf.o(i.HAL_PCD_SetupStageCallback)
    HAL_PCD_Start                            0x080023a7   Thumb Code    66  stm32f4xx_hal_pcd.o(i.HAL_PCD_Start)
    HAL_PCD_SuspendCallback                  0x080023e9   Thumb Code    44  usbd_conf.o(i.HAL_PCD_SuspendCallback)
    HAL_RCC_ClockConfig                      0x08002419   Thumb Code   288  stm32f4xx_hal_rcc.o(i.HAL_RCC_ClockConfig)
    HAL_RCC_GetHCLKFreq                      0x0800254d   Thumb Code     6  stm32f4xx_hal_rcc.o(i.HAL_RCC_GetHCLKFreq)
    HAL_RCC_GetSysClockFreq                  0x08002559   Thumb Code    88  stm32f4xx_hal_rcc.o(i.HAL_RCC_GetSysClockFreq)
    HAL_RCC_OscConfig                        0x080025b9   Thumb Code   856  stm32f4xx_hal_rcc.o(i.HAL_RCC_OscConfig)
    HAL_SPI_Init                             0x08002925   Thumb Code   188  stm32f4xx_hal_spi.o(i.HAL_SPI_Init)
    HAL_SPI_MspInit                          0x080029e1   Thumb Code    92  spi.o(i.HAL_SPI_MspInit)
    HAL_SPI_TransmitReceive                  0x08002a49   Thumb Code   482  stm32f4xx_hal_spi.o(i.HAL_SPI_TransmitReceive)
    HAL_SYSTICK_Config                       0x08002c2b   Thumb Code    40  stm32f4xx_hal_cortex.o(i.HAL_SYSTICK_Config)
    HAL_TIMEx_BreakCallback                  0x08002c53   Thumb Code     2  stm32f4xx_hal_tim_ex.o(i.HAL_TIMEx_BreakCallback)
    HAL_TIMEx_CommutCallback                 0x08002c55   Thumb Code     2  stm32f4xx_hal_tim_ex.o(i.HAL_TIMEx_CommutCallback)
    HAL_TIMEx_ConfigBreakDeadTime            0x08002c57   Thumb Code    84  stm32f4xx_hal_tim_ex.o(i.HAL_TIMEx_ConfigBreakDeadTime)
    HAL_TIMEx_MasterConfigSynchronization    0x08002cad   Thumb Code   116  stm32f4xx_hal_tim_ex.o(i.HAL_TIMEx_MasterConfigSynchronization)
    HAL_TIMEx_PWMN_Start                     0x08002d3d   Thumb Code   164  stm32f4xx_hal_tim_ex.o(i.HAL_TIMEx_PWMN_Start)
    HAL_TIMEx_PWMN_Stop                      0x08002dfd   Thumb Code   104  stm32f4xx_hal_tim_ex.o(i.HAL_TIMEx_PWMN_Stop)
    HAL_TIM_Base_Init                        0x08002e65   Thumb Code    90  stm32f4xx_hal_tim.o(i.HAL_TIM_Base_Init)
    HAL_TIM_Base_MspInit                     0x08002ec1   Thumb Code   192  tim.o(i.HAL_TIM_Base_MspInit)
    HAL_TIM_Base_Start_IT                    0x08002f99   Thumb Code   100  stm32f4xx_hal_tim.o(i.HAL_TIM_Base_Start_IT)
    HAL_TIM_ConfigClockSource                0x08003019   Thumb Code   220  stm32f4xx_hal_tim.o(i.HAL_TIM_ConfigClockSource)
    HAL_TIM_Encoder_Init                     0x080030f5   Thumb Code   164  stm32f4xx_hal_tim.o(i.HAL_TIM_Encoder_Init)
    HAL_TIM_Encoder_MspInit                  0x08003199   Thumb Code    90  tim.o(i.HAL_TIM_Encoder_MspInit)
    HAL_TIM_IC_CaptureCallback               0x080031fd   Thumb Code     2  stm32f4xx_hal_tim.o(i.HAL_TIM_IC_CaptureCallback)
    HAL_TIM_IRQHandler                       0x080031ff   Thumb Code   358  stm32f4xx_hal_tim.o(i.HAL_TIM_IRQHandler)
    HAL_TIM_MspPostInit                      0x08003365   Thumb Code   178  tim.o(i.HAL_TIM_MspPostInit)
    HAL_TIM_OC_DelayElapsedCallback          0x08003431   Thumb Code     2  stm32f4xx_hal_tim.o(i.HAL_TIM_OC_DelayElapsedCallback)
    HAL_TIM_PWM_ConfigChannel                0x08003433   Thumb Code   204  stm32f4xx_hal_tim.o(i.HAL_TIM_PWM_ConfigChannel)
    HAL_TIM_PWM_Init                         0x080034ff   Thumb Code    90  stm32f4xx_hal_tim.o(i.HAL_TIM_PWM_Init)
    HAL_TIM_PWM_MspInit                      0x08003559   Thumb Code     2  stm32f4xx_hal_tim.o(i.HAL_TIM_PWM_MspInit)
    HAL_TIM_PWM_PulseFinishedCallback        0x0800355b   Thumb Code     2  stm32f4xx_hal_tim.o(i.HAL_TIM_PWM_PulseFinishedCallback)
    HAL_TIM_PWM_Start                        0x0800355d   Thumb Code   172  stm32f4xx_hal_tim.o(i.HAL_TIM_PWM_Start)
    HAL_TIM_PWM_Stop                         0x08003625   Thumb Code   114  stm32f4xx_hal_tim.o(i.HAL_TIM_PWM_Stop)
    HAL_TIM_PeriodElapsedCallback            0x080036a1   Thumb Code    64  main.o(i.HAL_TIM_PeriodElapsedCallback)
    HAL_TIM_TriggerCallback                  0x080036ed   Thumb Code     2  stm32f4xx_hal_tim.o(i.HAL_TIM_TriggerCallback)
    HardFault_Handler                        0x08003721   Thumb Code     2  stm32f4xx_it.o(i.HardFault_Handler)
    MX_ADC1_Init                             0x0800375d   Thumb Code   166  adc.o(i.MX_ADC1_Init)
    MX_GPIO_Init                             0x08003815   Thumb Code   216  gpio.o(i.MX_GPIO_Init)
    MX_SPI3_Init                             0x080038f9   Thumb Code    68  spi.o(i.MX_SPI3_Init)
    MX_TIM1_Init                             0x08003945   Thumb Code   258  tim.o(i.MX_TIM1_Init)
    MX_TIM2_Init                             0x08003a51   Thumb Code   100  tim.o(i.MX_TIM2_Init)
    MX_TIM6_Init                             0x08003ab9   Thumb Code    58  tim.o(i.MX_TIM6_Init)
    MX_TIM8_Init                             0x08003afd   Thumb Code   196  tim.o(i.MX_TIM8_Init)
    MX_USB_DEVICE_Init                       0x08003bc9   Thumb Code    66  usb_device.o(i.MX_USB_DEVICE_Init)
    MemManage_Handler                        0x08003c1d   Thumb Code     2  stm32f4xx_it.o(i.MemManage_Handler)
    NMI_Handler                              0x08003c1f   Thumb Code     2  stm32f4xx_it.o(i.NMI_Handler)
    OTG_FS_IRQHandler                        0x08003c21   Thumb Code     6  stm32f4xx_it.o(i.OTG_FS_IRQHandler)
    PID_Controller_Init                      0x08003d9d   Thumb Code    66  pid.o(i.PID_Controller_Init)
    PID_Controller_Update                    0x08003ded   Thumb Code   120  pid.o(i.PID_Controller_Update)
    PendSV_Handler                           0x08003e65   Thumb Code     2  stm32f4xx_it.o(i.PendSV_Handler)
    REIN_MT6816_GetAngleData                 0x08003e69   Thumb Code    46  mt6816.o(i.REIN_MT6816_GetAngleData)
    REIN_mt6816_spi_data_Signal_Init         0x08003e9d   Thumb Code   684  mt6816.o(i.REIN_mt6816_spi_data_Signal_Init)
    RINE_mt6816_spi_data_Get_AngleData       0x08004169   Thumb Code   206  mt6816.o(i.RINE_mt6816_spi_data_Get_AngleData)
    SVC_Handler                              0x08004355   Thumb Code     2  stm32f4xx_it.o(i.SVC_Handler)
    Sector_tracker                           0x08004361   Thumb Code   240  foc.o(i.Sector_tracker)
    SysTick_Handler                          0x08004465   Thumb Code     4  stm32f4xx_it.o(i.SysTick_Handler)
    SystemClock_Config                       0x08004469   Thumb Code   142  main.o(i.SystemClock_Config)
    SystemInit                               0x08004501   Thumb Code    12  system_stm32f4xx.o(i.SystemInit)
    TIM6_DAC_IRQHandler                      0x08004511   Thumb Code     6  stm32f4xx_it.o(i.TIM6_DAC_IRQHandler)
    TIM_Base_SetConfig                       0x0800451d   Thumb Code   156  stm32f4xx_hal_tim.o(i.TIM_Base_SetConfig)
    TIM_CCxChannelCmd                        0x080045e5   Thumb Code    26  stm32f4xx_hal_tim.o(i.TIM_CCxChannelCmd)
    TIM_ETR_SetConfig                        0x08004619   Thumb Code    20  stm32f4xx_hal_tim.o(i.TIM_ETR_SetConfig)
    TIM_OC2_SetConfig                        0x0800469d   Thumb Code    98  stm32f4xx_hal_tim.o(i.TIM_OC2_SetConfig)
    USBD_CDC_GetDeviceQualifierDescriptor    0x08004981   Thumb Code     8  usbd_cdc.o(i.USBD_CDC_GetDeviceQualifierDescriptor)
    USBD_CDC_ReceivePacket                   0x08004b5d   Thumb Code    50  usbd_cdc.o(i.USBD_CDC_ReceivePacket)
    USBD_CDC_RegisterInterface               0x08004b95   Thumb Code    22  usbd_cdc.o(i.USBD_CDC_RegisterInterface)
    USBD_CDC_SetRxBuffer                     0x08004bab   Thumb Code    26  usbd_cdc.o(i.USBD_CDC_SetRxBuffer)
    USBD_CDC_SetTxBuffer                     0x08004bc5   Thumb Code    30  usbd_cdc.o(i.USBD_CDC_SetTxBuffer)
    USBD_CDC_TransmitPacket                  0x08004cb9   Thumb Code    76  usbd_cdc.o(i.USBD_CDC_TransmitPacket)
    USBD_ClrClassConfig                      0x08004d09   Thumb Code    20  usbd_core.o(i.USBD_ClrClassConfig)
    USBD_CoreFindEP                          0x08004d1d   Thumb Code     4  usbd_core.o(i.USBD_CoreFindEP)
    USBD_CoreFindIF                          0x08004d21   Thumb Code     4  usbd_core.o(i.USBD_CoreFindIF)
    USBD_CtlContinueRx                       0x08004d25   Thumb Code    16  usbd_ioreq.o(i.USBD_CtlContinueRx)
    USBD_CtlContinueSendData                 0x08004d35   Thumb Code    16  usbd_ioreq.o(i.USBD_CtlContinueSendData)
    USBD_CtlError                            0x08004d45   Thumb Code    22  usbd_ctlreq.o(i.USBD_CtlError)
    USBD_CtlPrepareRx                        0x08004d5b   Thumb Code    30  usbd_ioreq.o(i.USBD_CtlPrepareRx)
    USBD_CtlReceiveStatus                    0x08004d79   Thumb Code    22  usbd_ioreq.o(i.USBD_CtlReceiveStatus)
    USBD_CtlSendData                         0x08004d8f   Thumb Code    26  usbd_ioreq.o(i.USBD_CtlSendData)
    USBD_CtlSendStatus                       0x08004da9   Thumb Code    22  usbd_ioreq.o(i.USBD_CtlSendStatus)
    USBD_FS_ConfigStrDescriptor              0x08004dc1   Thumb Code    16  usbd_desc.o(i.USBD_FS_ConfigStrDescriptor)
    USBD_FS_DeviceDescriptor                 0x08004de1   Thumb Code     8  usbd_desc.o(i.USBD_FS_DeviceDescriptor)
    USBD_FS_InterfaceStrDescriptor           0x08004ded   Thumb Code    16  usbd_desc.o(i.USBD_FS_InterfaceStrDescriptor)
    USBD_FS_LangIDStrDescriptor              0x08004e11   Thumb Code     8  usbd_desc.o(i.USBD_FS_LangIDStrDescriptor)
    USBD_FS_ManufacturerStrDescriptor        0x08004e1d   Thumb Code    16  usbd_desc.o(i.USBD_FS_ManufacturerStrDescriptor)
    USBD_FS_ProductStrDescriptor             0x08004e45   Thumb Code    16  usbd_desc.o(i.USBD_FS_ProductStrDescriptor)
    USBD_FS_SerialStrDescriptor              0x08004e71   Thumb Code    48  usbd_desc.o(i.USBD_FS_SerialStrDescriptor)
    USBD_GetEpDesc                           0x08004f8f   Thumb Code    58  usbd_core.o(i.USBD_GetEpDesc)
    USBD_GetNextDesc                         0x08004fc9   Thumb Code    14  usbd_core.o(i.USBD_GetNextDesc)
    USBD_GetString                           0x08004fd7   Thumb Code    72  usbd_ctlreq.o(i.USBD_GetString)
    USBD_Get_USB_Status                      0x0800501f   Thumb Code    24  usbd_conf.o(i.USBD_Get_USB_Status)
    USBD_Init                                0x08005037   Thumb Code    38  usbd_core.o(i.USBD_Init)
    USBD_LL_ClearStallEP                     0x0800505d   Thumb Code    18  usbd_conf.o(i.USBD_LL_ClearStallEP)
    USBD_LL_CloseEP                          0x0800506f   Thumb Code    18  usbd_conf.o(i.USBD_LL_CloseEP)
    USBD_LL_DataInStage                      0x08005081   Thumb Code   182  usbd_core.o(i.USBD_LL_DataInStage)
    USBD_LL_DataOutStage                     0x08005137   Thumb Code   142  usbd_core.o(i.USBD_LL_DataOutStage)
    USBD_LL_DevConnected                     0x080051c5   Thumb Code     4  usbd_core.o(i.USBD_LL_DevConnected)
    USBD_LL_DevDisconnected                  0x080051c9   Thumb Code    30  usbd_core.o(i.USBD_LL_DevDisconnected)
    USBD_LL_GetRxDataSize                    0x080051e7   Thumb Code     8  usbd_conf.o(i.USBD_LL_GetRxDataSize)
    USBD_LL_Init                             0x080051f1   Thumb Code    90  usbd_conf.o(i.USBD_LL_Init)
    USBD_LL_IsStallEP                        0x08005251   Thumb Code    32  usbd_conf.o(i.USBD_LL_IsStallEP)
    USBD_LL_IsoINIncomplete                  0x08005271   Thumb Code    40  usbd_core.o(i.USBD_LL_IsoINIncomplete)
    USBD_LL_IsoOUTIncomplete                 0x08005299   Thumb Code    40  usbd_core.o(i.USBD_LL_IsoOUTIncomplete)
    USBD_LL_OpenEP                           0x080052c1   Thumb Code    24  usbd_conf.o(i.USBD_LL_OpenEP)
    USBD_LL_PrepareReceive                   0x080052d9   Thumb Code    18  usbd_conf.o(i.USBD_LL_PrepareReceive)
    USBD_LL_Reset                            0x080052eb   Thumb Code    92  usbd_core.o(i.USBD_LL_Reset)
    USBD_LL_Resume                           0x08005347   Thumb Code    20  usbd_core.o(i.USBD_LL_Resume)
    USBD_LL_SOF                              0x0800535b   Thumb Code    26  usbd_core.o(i.USBD_LL_SOF)
    USBD_LL_SetSpeed                         0x08005375   Thumb Code     6  usbd_core.o(i.USBD_LL_SetSpeed)
    USBD_LL_SetUSBAddress                    0x0800537b   Thumb Code    18  usbd_conf.o(i.USBD_LL_SetUSBAddress)
    USBD_LL_SetupStage                       0x0800538d   Thumb Code    96  usbd_core.o(i.USBD_LL_SetupStage)
    USBD_LL_StallEP                          0x080053ed   Thumb Code    18  usbd_conf.o(i.USBD_LL_StallEP)
    USBD_LL_Start                            0x080053ff   Thumb Code    18  usbd_conf.o(i.USBD_LL_Start)
    USBD_LL_Suspend                          0x08005411   Thumb Code    18  usbd_core.o(i.USBD_LL_Suspend)
    USBD_LL_Transmit                         0x08005423   Thumb Code    18  usbd_conf.o(i.USBD_LL_Transmit)
    USBD_ParseSetupRequest                   0x08005435   Thumb Code    44  usbd_ctlreq.o(i.USBD_ParseSetupRequest)
    USBD_RegisterClass                       0x08005461   Thumb Code    58  usbd_core.o(i.USBD_RegisterClass)
    USBD_SetClassConfig                      0x0800549b   Thumb Code    20  usbd_core.o(i.USBD_SetClassConfig)
    USBD_Start                               0x08005569   Thumb Code     4  usbd_core.o(i.USBD_Start)
    USBD_StdDevReq                           0x0800556d   Thumb Code   300  usbd_ctlreq.o(i.USBD_StdDevReq)
    USBD_StdEPReq                            0x08005699   Thumb Code   352  usbd_ctlreq.o(i.USBD_StdEPReq)
    USBD_StdItfReq                           0x080057f9   Thumb Code   114  usbd_ctlreq.o(i.USBD_StdItfReq)
    USBD_static_free                         0x0800586b   Thumb Code     2  usbd_conf.o(i.USBD_static_free)
    USBD_static_malloc                       0x0800586d   Thumb Code     4  usbd_conf.o(i.USBD_static_malloc)
    USB_ActivateEndpoint                     0x08005875   Thumb Code   122  stm32f4xx_ll_usb.o(i.USB_ActivateEndpoint)
    USB_ActivateSetup                        0x080058f5   Thumb Code    28  stm32f4xx_ll_usb.o(i.USB_ActivateSetup)
    USB_CoreInit                             0x08005911   Thumb Code   112  stm32f4xx_ll_usb.o(i.USB_CoreInit)
    USB_DeactivateEndpoint                   0x080059c5   Thumb Code   194  stm32f4xx_ll_usb.o(i.USB_DeactivateEndpoint)
    USB_DevConnect                           0x08005a91   Thumb Code    28  stm32f4xx_ll_usb.o(i.USB_DevConnect)
    USB_DevDisconnect                        0x08005aad   Thumb Code    28  stm32f4xx_ll_usb.o(i.USB_DevDisconnect)
    USB_DevInit                              0x08005ac9   Thumb Code   362  stm32f4xx_ll_usb.o(i.USB_DevInit)
    USB_DisableGlobalInt                     0x08005c3d   Thumb Code    12  stm32f4xx_ll_usb.o(i.USB_DisableGlobalInt)
    USB_EP0StartXfer                         0x08005c49   Thumb Code   280  stm32f4xx_ll_usb.o(i.USB_EP0StartXfer)
    USB_EP0_OutStart                         0x08005d65   Thumb Code    84  stm32f4xx_ll_usb.o(i.USB_EP0_OutStart)
    USB_EPClearStall                         0x08005dbd   Thumb Code    88  stm32f4xx_ll_usb.o(i.USB_EPClearStall)
    USB_EPSetStall                           0x08005e15   Thumb Code    88  stm32f4xx_ll_usb.o(i.USB_EPSetStall)
    USB_EPStartXfer                          0x08005e6d   Thumb Code   480  stm32f4xx_ll_usb.o(i.USB_EPStartXfer)
    USB_EPStopXfer                           0x08006051   Thumb Code   158  stm32f4xx_ll_usb.o(i.USB_EPStopXfer)
    USB_EnableGlobalInt                      0x080060ef   Thumb Code    12  stm32f4xx_ll_usb.o(i.USB_EnableGlobalInt)
    USB_FlushRxFifo                          0x080060fd   Thumb Code    54  stm32f4xx_ll_usb.o(i.USB_FlushRxFifo)
    USB_FlushTxFifo                          0x08006139   Thumb Code    58  stm32f4xx_ll_usb.o(i.USB_FlushTxFifo)
    USB_GetDevSpeed                          0x08006179   Thumb Code    26  stm32f4xx_ll_usb.o(i.USB_GetDevSpeed)
    USB_GetMode                              0x08006193   Thumb Code     8  stm32f4xx_ll_usb.o(i.USB_GetMode)
    USB_ReadDevAllInEpInterrupt              0x0800619b   Thumb Code    14  stm32f4xx_ll_usb.o(i.USB_ReadDevAllInEpInterrupt)
    USB_ReadDevAllOutEpInterrupt             0x080061a9   Thumb Code    14  stm32f4xx_ll_usb.o(i.USB_ReadDevAllOutEpInterrupt)
    USB_ReadDevInEPInterrupt                 0x080061b7   Thumb Code    36  stm32f4xx_ll_usb.o(i.USB_ReadDevInEPInterrupt)
    USB_ReadDevOutEPInterrupt                0x080061db   Thumb Code    16  stm32f4xx_ll_usb.o(i.USB_ReadDevOutEPInterrupt)
    USB_ReadInterrupts                       0x080061eb   Thumb Code     8  stm32f4xx_ll_usb.o(i.USB_ReadInterrupts)
    USB_ReadPacket                           0x080061f3   Thumb Code    62  stm32f4xx_ll_usb.o(i.USB_ReadPacket)
    USB_SetCurrentMode                       0x08006231   Thumb Code    92  stm32f4xx_ll_usb.o(i.USB_SetCurrentMode)
    USB_SetDevAddress                        0x0800628d   Thumb Code    34  stm32f4xx_ll_usb.o(i.USB_SetDevAddress)
    USB_SetTurnaroundTime                    0x080062b1   Thumb Code   158  stm32f4xx_ll_usb.o(i.USB_SetTurnaroundTime)
    USB_WritePacket                          0x08006399   Thumb Code    40  stm32f4xx_ll_usb.o(i.USB_WritePacket)
    UsageFault_Handler                       0x080063c1   Thumb Code     2  stm32f4xx_it.o(i.UsageFault_Handler)
    VOFA_Init                                0x080063c5   Thumb Code    10  vofa.o(i.VOFA_Init)
    VOFA_Process                             0x080063d5   Thumb Code    56  vofa.o(i.VOFA_Process)
    VOFA_SendFrame6                          0x08006411   Thumb Code    74  vofa.o(i.VOFA_SendFrame6)
    VOFA_TxCpltCallback                      0x08006461   Thumb Code    30  vofa.o(i.VOFA_TxCpltCallback)
    __hardfp_logf                            0x080064a5   Thumb Code   320  logf.o(i.__hardfp_logf)
    __mathlib_logf                           0x080064a5   Thumb Code     0  logf.o(i.__hardfp_logf)
    __mathlib_flt_divzero                    0x08006611   Thumb Code    14  funder.o(i.__mathlib_flt_divzero)
    __mathlib_flt_infnan                     0x08006625   Thumb Code     6  funder.o(i.__mathlib_flt_infnan)
    __mathlib_flt_invalid                    0x0800662d   Thumb Code    10  funder.o(i.__mathlib_flt_invalid)
    __scatterload_copy                       0x0800663d   Thumb Code    14  handlers.o(i.__scatterload_copy)
    __scatterload_null                       0x0800664b   Thumb Code     2  handlers.o(i.__scatterload_null)
    __scatterload_zeroinit                   0x0800664d   Thumb Code    14  handlers.o(i.__scatterload_zeroinit)
    __set_errno                              0x0800665d   Thumb Code     6  errno.o(i.__set_errno)
    adjust_I                                 0x08006669   Thumb Code    66  foc.o(i.adjust_I)
    b_foc_init                               0x080066b9   Thumb Code   118  foc.o(i.b_foc_init)
    calibrate_current_offset                 0x08006755   Thumb Code   164  adc_task.o(i.calibrate_current_offset)
    can_foc_init                             0x0800680d   Thumb Code   146  foc.o(i.can_foc_init)
    check_mt6816                             0x080068c1   Thumb Code    60  mt6816.o(i.check_mt6816)
    current_ctr                              0x08006901   Thumb Code    42  foc.o(i.current_ctr)
    flash_read_dir                           0x0800692d   Thumb Code    10  myflash.o(i.flash_read_dir)
    foc_current_pid                          0x0800693d   Thumb Code   330  foc.o(i.foc_current_pid)
    foc_open                                 0x08006a99   Thumb Code    30  foc.o(i.foc_open)
    get_AB_current                           0x08006ab9   Thumb Code   148  foc.o(i.get_AB_current)
    get_adc_xchannel                         0x08006b61   Thumb Code    84  adc_task.o(i.get_adc_xchannel)
    get_scope                                0x08006bb9   Thumb Code   168  foc.o(i.get_scope)
    get_temp                                 0x08006c6d   Thumb Code   114  adc_task.o(i.get_temp)
    get_vol                                  0x08006cf9   Thumb Code    42  adc_task.o(i.get_vol)
    init_connect_crt                         0x08006dad   Thumb Code   138  connecting.o(i.init_connect_crt)
    init_encoder_update                      0x08006e61   Thumb Code    12  pid.o(i.init_encoder_update)
    main                                     0x08006e71   Thumb Code    50  main.o(i.main)
    motor_protect                            0x08006f5d   Thumb Code   104  main.o(i.motor_protect)
    park_transform                           0x08006fe5   Thumb Code    42  foc.o(i.park_transform)
    repark_transfer                          0x0800700f   Thumb Code    42  foc.o(i.repark_transfer)
    set_duty_by_sector                       0x08007039   Thumb Code   456  foc.o(i.set_duty_by_sector)
    set_foc_Iqcurrent                        0x08007209   Thumb Code    36  foc.o(i.set_foc_Iqcurrent)
    set_uduq                                 0x08007235   Thumb Code    58  foc.o(i.set_uduq)
    setfoc_angle                             0x08007271   Thumb Code    40  foc.o(i.setfoc_angle)
    svpwmctr                                 0x0800735d   Thumb Code   174  foc.o(i.svpwmctr)
    AHBPrescTable                            0x08007416   Data          16  system_stm32f4xx.o(.constdata)
    Region$$Table$$Base                      0x08007468   Number         0  anon$$obj.o(Region$$Table)
    Region$$Table$$Limit                     0x08007488   Number         0  anon$$obj.o(Region$$Table)
    add_angle                                0x20000000   Data           4  main.o(.data)
    Iadjust                                  0x20000004   Data           1  main.o(.data)
    erro_flag                                0x20000005   Data           1  main.o(.data)
    iq_step_debug                            0x20000008   Data           2  main.o(.data)
    vol                                      0x2000000c   Data           4  main.o(.data)
    temperature                              0x20000010   Data           4  main.o(.data)
    adc_cb_debug                             0x20000014   Data           4  main.o(.data)
    current                                  0x20000018   Data           8  main.o(.data)
    adc_rank_debug                           0x20000020   Data           8  main.o(.data)
    limit_vol                                0x20000028   Data           1  main.o(.data)
    FS_Desc                                  0x2000002c   Data          28  usbd_desc.o(.data)
    USBD_LangIDDesc                          0x20000048   Data           4  usbd_desc.o(.data)
    USBD_FS_DeviceDesc                       0x2000004c   Data          18  usbd_desc.o(.data)
    USBD_StringSerial                        0x20000060   Data          26  usbd_desc.o(.data)
    USBD_Interface_fops_FS                   0x2000007c   Data          20  usbd_cdc_if.o(.data)
    g_cmd_start                              0x20000090   Data           1  usbd_cdc_if.o(.data)
    g_cmd_stop                               0x20000091   Data           1  usbd_cdc_if.o(.data)
    g_cmd_zero                               0x20000092   Data           1  usbd_cdc_if.o(.data)
    uwTickFreq                               0x20000094   Data           1  stm32f4xx_hal.o(.data)
    uwTickPrio                               0x20000098   Data           4  stm32f4xx_hal.o(.data)
    uwTick                                   0x2000009c   Data           4  stm32f4xx_hal.o(.data)
    SystemCoreClock                          0x200000a0   Data           4  system_stm32f4xx.o(.data)
    USBD_CDC                                 0x200000fc   Data          56  usbd_cdc.o(.data)
    bias                                     0x20000134   Data           2  foc.o(.data)
    PID_factor                               0x20000138   Data           4  foc.o(.data)
    sin_value                                0x2000013c   Data        4096  foc.o(.data)
    offet_I                                  0x2000113c   Data           8  adc_task.o(.data)
    mt6816_count                             0x20001144   Data           2  pid.o(.data)
    encoder_last_count                       0x20001146   Data           2  pid.o(.data)
    encoder_count_accum                      0x20001148   Data           4  pid.o(.data)
    speed_send                               0x2000114c   Data           4  connecting.o(.data)
    encoder_adjust_flag                      0x20001150   Data           1  mt6816.o(.data)
    last_data                                0x20001152   Data           2  mt6816.o(.data)
    DIR                                      0x20001154   Data           4  mt6816.o(.data)
    dir_desirde                              0x20001158   Data           4  mt6816.o(.data)
    mt6816_spi_data                          0x2000115c   Data           6  mt6816.o(.data)
    aglc                                     0x20001162   Data           8  mt6816.o(.data)
    aglc1                                    0x2000116a   Data           8  mt6816.o(.data)
    init_angle                               0x20001172   Data           2  mt6816.o(.data)
    mt6816_flag                              0x20001174   Data           1  mt6816.o(.data)
    hadc1                                    0x2000117c   Data          72  adc.o(.bss)
    hspi3                                    0x200011c4   Data          88  spi.o(.bss)
    htim1                                    0x2000121c   Data          72  tim.o(.bss)
    htim2                                    0x20001264   Data          72  tim.o(.bss)
    htim6                                    0x200012ac   Data          72  tim.o(.bss)
    htim8                                    0x200012f4   Data          72  tim.o(.bss)
    hUsbDeviceFS                             0x2000133c   Data         732  usb_device.o(.bss)
    USBD_StrDesc                             0x20001618   Data         512  usbd_desc.o(.bss)
    UserRxBufferFS                           0x20001818   Data        2048  usbd_cdc_if.o(.bss)
    UserTxBufferFS                           0x20002018   Data        2048  usbd_cdc_if.o(.bss)
    hpcd_USB_OTG_FS                          0x20002a38   Data        1292  usbd_conf.o(.bss)
    pFlash                                   0x20002f44   Data          32  stm32f4xx_hal_flash.o(.bss)
    angledata                                0x20002f64   Data         400  foc.o(.bss)
    m1_foc                                   0x200030f4   Data         128  foc.o(.bss)
    Scope                                    0x20003174   Data         400  foc.o(.bss)
    g_vofa                                   0x20003304   Data        1804  vofa.o(.bss)
    speed_pi                                 0x20003a10   Data          40  pid.o(.bss)
    AngleControl                             0x20003a38   Data          48  pid.o(.bss)
    connect_crt                              0x20003a68   Data          36  connecting.o(.bss)
    tetemp1                                  0x20003a8c   Data         400  mt6816.o(.bss)
    tetemp2                                  0x20003c1c   Data         400  mt6816.o(.bss)
    __initial_sp                             0x200041b0   Data           0  startup_stm32f407xx.o(STACK)



==============================================================================

Memory Map of the image

  Image Entry point : 0x08000189

  Load Region LR_IROM1 (Base: 0x08000000, Size: 0x00008604, Max: 0x00080000, ABSOLUTE, COMPRESSED[0x00008298])

    Execution Region ER_IROM1 (Exec base: 0x08000000, Load base: 0x08000000, Size: 0x00007488, Max: 0x00080000, ABSOLUTE)

    Exec Addr    Load Addr    Size         Type   Attr      Idx    E Section Name        Object

    0x08000000   0x08000000   0x00000188   Data   RO            3    RESET               startup_stm32f407xx.o
    0x08000188   0x08000188   0x00000000   Code   RO         5418  * .ARM.Collect$$$$00000000  mc_w.l(entry.o)
    0x08000188   0x08000188   0x00000004   Code   RO         5708    .ARM.Collect$$$$00000001  mc_w.l(entry2.o)
    0x0800018c   0x0800018c   0x00000004   Code   RO         5711    .ARM.Collect$$$$00000004  mc_w.l(entry5.o)
    0x08000190   0x08000190   0x00000000   Code   RO         5713    .ARM.Collect$$$$00000008  mc_w.l(entry7b.o)
    0x08000190   0x08000190   0x00000000   Code   RO         5715    .ARM.Collect$$$$0000000A  mc_w.l(entry8b.o)
    0x08000190   0x08000190   0x00000008   Code   RO         5716    .ARM.Collect$$$$0000000B  mc_w.l(entry9a.o)
    0x08000198   0x08000198   0x00000004   Code   RO         5723    .ARM.Collect$$$$0000000E  mc_w.l(entry12b.o)
    0x0800019c   0x0800019c   0x00000000   Code   RO         5718    .ARM.Collect$$$$0000000F  mc_w.l(entry10a.o)
    0x0800019c   0x0800019c   0x00000000   Code   RO         5720    .ARM.Collect$$$$00000011  mc_w.l(entry11a.o)
    0x0800019c   0x0800019c   0x00000004   Code   RO         5709    .ARM.Collect$$$$00002712  mc_w.l(entry2.o)
    0x080001a0   0x080001a0   0x00000024   Code   RO            4    .text               startup_stm32f407xx.o
    0x080001c4   0x080001c4   0x00000062   Code   RO         5421    .text               mc_w.l(uldiv.o)
    0x08000226   0x08000226   0x00000024   Code   RO         5425    .text               mc_w.l(memcpya.o)
    0x0800024a   0x0800024a   0x00000024   Code   RO         5427    .text               mc_w.l(memseta.o)
    0x0800026e   0x0800026e   0x0000001a   Code   RO         5429    .text               mc_w.l(memcmp.o)
    0x08000288   0x08000288   0x0000001e   Code   RO         5727    .text               mc_w.l(llshl.o)
    0x080002a6   0x080002a6   0x00000020   Code   RO         5729    .text               mc_w.l(llushr.o)
    0x080002c6   0x080002c6   0x00000000   Code   RO         5738    .text               mc_w.l(iusefp.o)
    0x080002c6   0x080002c6   0x00000002   PAD
    0x080002c8   0x080002c8   0x00000024   Code   RO         5749    .text               mc_w.l(init.o)
    0x080002ec   0x080002ec   0x0000005e   Code   RO         5763    .text               mc_w.l(__dclz77c.o)
    0x0800034a   0x0800034a   0x00000002   PAD
    0x0800034c   0x0800034c   0x0000000c   Code   RO          470    i.ADC_IRQHandler    stm32f4xx_it.o
    0x08000358   0x08000358   0x00000128   Code   RO         2701    i.ADC_Init          stm32f4xx_hal_adc.o
    0x08000480   0x08000480   0x00000002   Code   RO          471    i.BusFault_Handler  stm32f4xx_it.o
    0x08000482   0x08000482   0x00000004   Code   RO          711    i.CDC_Control_FS    usbd_cdc_if.o
    0x08000486   0x08000486   0x00000004   Code   RO          712    i.CDC_DeInit_FS     usbd_cdc_if.o
    0x0800048a   0x0800048a   0x00000002   PAD
    0x0800048c   0x0800048c   0x00000024   Code   RO          713    i.CDC_Init_FS       usbd_cdc_if.o
    0x080004b0   0x080004b0   0x00000088   Code   RO          714    i.CDC_Receive_FS    usbd_cdc_if.o
    0x08000538   0x08000538   0x0000000a   Code   RO          715    i.CDC_TransmitCplt_FS  usbd_cdc_if.o
    0x08000542   0x08000542   0x00000002   PAD
    0x08000544   0x08000544   0x0000002c   Code   RO          716    i.CDC_Transmit_FS   usbd_cdc_if.o
    0x08000570   0x08000570   0x00000030   Code   RO         5145    i.Calculate_Speed   pid.o
    0x080005a0   0x080005a0   0x00000002   Code   RO          472    i.DebugMon_Handler  stm32f4xx_it.o
    0x080005a2   0x080005a2   0x00000006   Code   RO          473    i.EXTI3_IRQHandler  stm32f4xx_it.o
    0x080005a8   0x080005a8   0x0000003c   Code   RO         5146    i.Encoder_Update    pid.o
    0x080005e4   0x080005e4   0x00000004   Code   RO           13    i.Error_Handler     main.o
    0x080005e8   0x080005e8   0x00000050   Code   RO         1840    i.FLASH_Erase_Sector  stm32f4xx_hal_flash_ex.o
    0x08000638   0x08000638   0x00000054   Code   RO         1841    i.FLASH_FlushCaches  stm32f4xx_hal_flash_ex.o
    0x0800068c   0x0800068c   0x00000028   Code   RO         1842    i.FLASH_MassErase   stm32f4xx_hal_flash_ex.o
    0x080006b4   0x080006b4   0x00000020   Code   RO         1722    i.FLASH_Program_Byte  stm32f4xx_hal_flash.o
    0x080006d4   0x080006d4   0x0000002c   Code   RO         1723    i.FLASH_Program_DoubleWord  stm32f4xx_hal_flash.o
    0x08000700   0x08000700   0x00000024   Code   RO         1724    i.FLASH_Program_HalfWord  stm32f4xx_hal_flash.o
    0x08000724   0x08000724   0x00000024   Code   RO         1725    i.FLASH_Program_Word  stm32f4xx_hal_flash.o
    0x08000748   0x08000748   0x00000068   Code   RO         1726    i.FLASH_SetErrorCode  stm32f4xx_hal_flash.o
    0x080007b0   0x080007b0   0x00000050   Code   RO         1727    i.FLASH_WaitForLastOperation  stm32f4xx_hal_flash.o
    0x08000800   0x08000800   0x00000016   Code   RO         4753    i.FOC_AllOff        foc.o
    0x08000816   0x08000816   0x00000002   PAD
    0x08000818   0x08000818   0x00000054   Code   RO         4754    i.FOC_Init          foc.o
    0x0800086c   0x0800086c   0x00000018   Code   RO         5337    i.Flash_HAL_Read_N_Data  myflash.o
    0x08000884   0x08000884   0x000000cc   Code   RO         5339    i.Flash_HAL_Write_N_Data  myflash.o
    0x08000950   0x08000950   0x00000010   Code   RO         5340    i.Flash_Read_Angle  myflash.o
    0x08000960   0x08000960   0x00000068   Code   RO         5341    i.GetSector         myflash.o
    0x080009c8   0x080009c8   0x000001bc   Code   RO         2871    i.HAL_ADCEx_InjectedConfigChannel  stm32f4xx_hal_adc_ex.o
    0x08000b84   0x08000b84   0x000000f8   Code   RO           14    i.HAL_ADCEx_InjectedConvCpltCallback  main.o
    0x08000c7c   0x08000c7c   0x0000003a   Code   RO         2873    i.HAL_ADCEx_InjectedGetValue  stm32f4xx_hal_adc_ex.o
    0x08000cb6   0x08000cb6   0x00000090   Code   RO         2874    i.HAL_ADCEx_InjectedPollForConversion  stm32f4xx_hal_adc_ex.o
    0x08000d46   0x08000d46   0x00000002   PAD
    0x08000d48   0x08000d48   0x000000dc   Code   RO         2875    i.HAL_ADCEx_InjectedStart  stm32f4xx_hal_adc_ex.o
    0x08000e24   0x08000e24   0x000000e4   Code   RO         2876    i.HAL_ADCEx_InjectedStart_IT  stm32f4xx_hal_adc_ex.o
    0x08000f08   0x08000f08   0x00000056   Code   RO         2877    i.HAL_ADCEx_InjectedStop  stm32f4xx_hal_adc_ex.o
    0x08000f5e   0x08000f5e   0x00000002   PAD
    0x08000f60   0x08000f60   0x0000014c   Code   RO         2703    i.HAL_ADC_ConfigChannel  stm32f4xx_hal_adc.o
    0x080010ac   0x080010ac   0x00000002   Code   RO         2704    i.HAL_ADC_ConvCpltCallback  stm32f4xx_hal_adc.o
    0x080010ae   0x080010ae   0x00000002   Code   RO         2707    i.HAL_ADC_ErrorCallback  stm32f4xx_hal_adc.o
    0x080010b0   0x080010b0   0x00000006   Code   RO         2710    i.HAL_ADC_GetValue  stm32f4xx_hal_adc.o
    0x080010b6   0x080010b6   0x0000012e   Code   RO         2711    i.HAL_ADC_IRQHandler  stm32f4xx_hal_adc.o
    0x080011e4   0x080011e4   0x00000054   Code   RO         2712    i.HAL_ADC_Init      stm32f4xx_hal_adc.o
    0x08001238   0x08001238   0x00000002   Code   RO         2713    i.HAL_ADC_LevelOutOfWindowCallback  stm32f4xx_hal_adc.o
    0x0800123a   0x0800123a   0x00000002   PAD
    0x0800123c   0x0800123c   0x00000090   Code   RO          309    i.HAL_ADC_MspInit   adc.o
    0x080012cc   0x080012cc   0x000000aa   Code   RO         2716    i.HAL_ADC_PollForConversion  stm32f4xx_hal_adc.o
    0x08001376   0x08001376   0x00000002   PAD
    0x08001378   0x08001378   0x000000fc   Code   RO         2718    i.HAL_ADC_Start     stm32f4xx_hal_adc.o
    0x08001474   0x08001474   0x0000003c   Code   RO         2721    i.HAL_ADC_Stop      stm32f4xx_hal_adc.o
    0x080014b0   0x080014b0   0x00000024   Code   RO         2447    i.HAL_Delay         stm32f4xx_hal.o
    0x080014d4   0x080014d4   0x00000098   Code   RO         1843    i.HAL_FLASHEx_Erase  stm32f4xx_hal_flash_ex.o
    0x0800156c   0x0800156c   0x00000014   Code   RO         1731    i.HAL_FLASH_Lock    stm32f4xx_hal_flash.o
    0x08001580   0x08001580   0x0000007c   Code   RO         1736    i.HAL_FLASH_Program  stm32f4xx_hal_flash.o
    0x080015fc   0x080015fc   0x0000002c   Code   RO         1738    i.HAL_FLASH_Unlock  stm32f4xx_hal_flash.o
    0x08001628   0x08001628   0x00000002   Code   RO         1919    i.HAL_GPIO_EXTI_Callback  stm32f4xx_hal_gpio.o
    0x0800162a   0x0800162a   0x00000002   PAD
    0x0800162c   0x0800162c   0x00000018   Code   RO         1920    i.HAL_GPIO_EXTI_IRQHandler  stm32f4xx_hal_gpio.o
    0x08001644   0x08001644   0x000001f0   Code   RO         1921    i.HAL_GPIO_Init     stm32f4xx_hal_gpio.o
    0x08001834   0x08001834   0x0000000a   Code   RO         1925    i.HAL_GPIO_WritePin  stm32f4xx_hal_gpio.o
    0x0800183e   0x0800183e   0x00000002   PAD
    0x08001840   0x08001840   0x0000000c   Code   RO         2453    i.HAL_GetTick       stm32f4xx_hal.o
    0x0800184c   0x0800184c   0x00000010   Code   RO         2459    i.HAL_IncTick       stm32f4xx_hal.o
    0x0800185c   0x0800185c   0x00000034   Code   RO         2460    i.HAL_Init          stm32f4xx_hal.o
    0x08001890   0x08001890   0x00000040   Code   RO         2461    i.HAL_InitTick      stm32f4xx_hal.o
    0x080018d0   0x080018d0   0x00000030   Code   RO          570    i.HAL_MspInit       stm32f4xx_hal_msp.o
    0x08001900   0x08001900   0x0000001a   Code   RO         2310    i.HAL_NVIC_EnableIRQ  stm32f4xx_hal_cortex.o
    0x0800191a   0x0800191a   0x00000002   PAD
    0x0800191c   0x0800191c   0x00000040   Code   RO         2316    i.HAL_NVIC_SetPriority  stm32f4xx_hal_cortex.o
    0x0800195c   0x0800195c   0x00000024   Code   RO         2317    i.HAL_NVIC_SetPriorityGrouping  stm32f4xx_hal_cortex.o
    0x08001980   0x08001980   0x00000024   Code   RO         2318    i.HAL_NVIC_SystemReset  stm32f4xx_hal_cortex.o
    0x080019a4   0x080019a4   0x00000002   Code   RO         1220    i.HAL_PCDEx_LPM_Callback  stm32f4xx_hal_pcd_ex.o
    0x080019a6   0x080019a6   0x00000008   Code   RO         1221    i.HAL_PCDEx_SetRxFiFo  stm32f4xx_hal_pcd_ex.o
    0x080019ae   0x080019ae   0x00000044   Code   RO         1222    i.HAL_PCDEx_SetTxFiFo  stm32f4xx_hal_pcd_ex.o
    0x080019f2   0x080019f2   0x00000008   Code   RO          774    i.HAL_PCD_ConnectCallback  usbd_conf.o
    0x080019fa   0x080019fa   0x00000012   Code   RO          775    i.HAL_PCD_DataInStageCallback  usbd_conf.o
    0x08001a0c   0x08001a0c   0x00000014   Code   RO          776    i.HAL_PCD_DataOutStageCallback  usbd_conf.o
    0x08001a20   0x08001a20   0x00000008   Code   RO          777    i.HAL_PCD_DisconnectCallback  usbd_conf.o
    0x08001a28   0x08001a28   0x0000001e   Code   RO          990    i.HAL_PCD_EP_Abort  stm32f4xx_hal_pcd.o
    0x08001a46   0x08001a46   0x0000004c   Code   RO          991    i.HAL_PCD_EP_Close  stm32f4xx_hal_pcd.o
    0x08001a92   0x08001a92   0x0000005c   Code   RO          992    i.HAL_PCD_EP_ClrStall  stm32f4xx_hal_pcd.o
    0x08001aee   0x08001aee   0x00000012   Code   RO          994    i.HAL_PCD_EP_GetRxCount  stm32f4xx_hal_pcd.o
    0x08001b00   0x08001b00   0x00000060   Code   RO          995    i.HAL_PCD_EP_Open   stm32f4xx_hal_pcd.o
    0x08001b60   0x08001b60   0x00000048   Code   RO          996    i.HAL_PCD_EP_Receive  stm32f4xx_hal_pcd.o
    0x08001ba8   0x08001ba8   0x00000074   Code   RO          997    i.HAL_PCD_EP_SetStall  stm32f4xx_hal_pcd.o
    0x08001c1c   0x08001c1c   0x00000040   Code   RO          998    i.HAL_PCD_EP_Transmit  stm32f4xx_hal_pcd.o
    0x08001c5c   0x08001c5c   0x00000560   Code   RO         1000    i.HAL_PCD_IRQHandler  stm32f4xx_hal_pcd.o
    0x080021bc   0x080021bc   0x00000008   Code   RO          778    i.HAL_PCD_ISOINIncompleteCallback  usbd_conf.o
    0x080021c4   0x080021c4   0x00000008   Code   RO          779    i.HAL_PCD_ISOOUTIncompleteCallback  usbd_conf.o
    0x080021cc   0x080021cc   0x000000e2   Code   RO         1003    i.HAL_PCD_Init      stm32f4xx_hal_pcd.o
    0x080022ae   0x080022ae   0x00000002   PAD
    0x080022b0   0x080022b0   0x00000084   Code   RO          781    i.HAL_PCD_MspInit   usbd_conf.o
    0x08002334   0x08002334   0x0000002c   Code   RO          782    i.HAL_PCD_ResetCallback  usbd_conf.o
    0x08002360   0x08002360   0x00000008   Code   RO          783    i.HAL_PCD_ResumeCallback  usbd_conf.o
    0x08002368   0x08002368   0x00000008   Code   RO          784    i.HAL_PCD_SOFCallback  usbd_conf.o
    0x08002370   0x08002370   0x00000028   Code   RO         1009    i.HAL_PCD_SetAddress  stm32f4xx_hal_pcd.o
    0x08002398   0x08002398   0x0000000e   Code   RO          785    i.HAL_PCD_SetupStageCallback  usbd_conf.o
    0x080023a6   0x080023a6   0x00000042   Code   RO         1012    i.HAL_PCD_Start     stm32f4xx_hal_pcd.o
    0x080023e8   0x080023e8   0x00000030   Code   RO          786    i.HAL_PCD_SuspendCallback  usbd_conf.o
    0x08002418   0x08002418   0x00000134   Code   RO         1567    i.HAL_RCC_ClockConfig  stm32f4xx_hal_rcc.o
    0x0800254c   0x0800254c   0x0000000c   Code   RO         1572    i.HAL_RCC_GetHCLKFreq  stm32f4xx_hal_rcc.o
    0x08002558   0x08002558   0x00000060   Code   RO         1576    i.HAL_RCC_GetSysClockFreq  stm32f4xx_hal_rcc.o
    0x080025b8   0x080025b8   0x0000036c   Code   RO         1579    i.HAL_RCC_OscConfig  stm32f4xx_hal_rcc.o
    0x08002924   0x08002924   0x000000bc   Code   RO         2987    i.HAL_SPI_Init      stm32f4xx_hal_spi.o
    0x080029e0   0x080029e0   0x00000068   Code   RO          351    i.HAL_SPI_MspInit   spi.o
    0x08002a48   0x08002a48   0x000001e2   Code   RO         2996    i.HAL_SPI_TransmitReceive  stm32f4xx_hal_spi.o
    0x08002c2a   0x08002c2a   0x00000028   Code   RO         2321    i.HAL_SYSTICK_Config  stm32f4xx_hal_cortex.o
    0x08002c52   0x08002c52   0x00000002   Code   RO         4004    i.HAL_TIMEx_BreakCallback  stm32f4xx_hal_tim_ex.o
    0x08002c54   0x08002c54   0x00000002   Code   RO         4005    i.HAL_TIMEx_CommutCallback  stm32f4xx_hal_tim_ex.o
    0x08002c56   0x08002c56   0x00000054   Code   RO         4007    i.HAL_TIMEx_ConfigBreakDeadTime  stm32f4xx_hal_tim_ex.o
    0x08002caa   0x08002caa   0x00000002   PAD
    0x08002cac   0x08002cac   0x00000090   Code   RO         4023    i.HAL_TIMEx_MasterConfigSynchronization  stm32f4xx_hal_tim_ex.o
    0x08002d3c   0x08002d3c   0x000000c0   Code   RO         4034    i.HAL_TIMEx_PWMN_Start  stm32f4xx_hal_tim_ex.o
    0x08002dfc   0x08002dfc   0x00000068   Code   RO         4037    i.HAL_TIMEx_PWMN_Stop  stm32f4xx_hal_tim_ex.o
    0x08002e64   0x08002e64   0x0000005a   Code   RO         3300    i.HAL_TIM_Base_Init  stm32f4xx_hal_tim.o
    0x08002ebe   0x08002ebe   0x00000002   PAD
    0x08002ec0   0x08002ec0   0x000000d8   Code   RO          393    i.HAL_TIM_Base_MspInit  tim.o
    0x08002f98   0x08002f98   0x00000080   Code   RO         3305    i.HAL_TIM_Base_Start_IT  stm32f4xx_hal_tim.o
    0x08003018   0x08003018   0x000000dc   Code   RO         3309    i.HAL_TIM_ConfigClockSource  stm32f4xx_hal_tim.o
    0x080030f4   0x080030f4   0x000000a4   Code   RO         3321    i.HAL_TIM_Encoder_Init  stm32f4xx_hal_tim.o
    0x08003198   0x08003198   0x00000064   Code   RO          395    i.HAL_TIM_Encoder_MspInit  tim.o
    0x080031fc   0x080031fc   0x00000002   Code   RO         3334    i.HAL_TIM_IC_CaptureCallback  stm32f4xx_hal_tim.o
    0x080031fe   0x080031fe   0x00000166   Code   RO         3348    i.HAL_TIM_IRQHandler  stm32f4xx_hal_tim.o
    0x08003364   0x08003364   0x000000cc   Code   RO          396    i.HAL_TIM_MspPostInit  tim.o
    0x08003430   0x08003430   0x00000002   Code   RO         3351    i.HAL_TIM_OC_DelayElapsedCallback  stm32f4xx_hal_tim.o
    0x08003432   0x08003432   0x000000cc   Code   RO         3372    i.HAL_TIM_PWM_ConfigChannel  stm32f4xx_hal_tim.o
    0x080034fe   0x080034fe   0x0000005a   Code   RO         3375    i.HAL_TIM_PWM_Init  stm32f4xx_hal_tim.o
    0x08003558   0x08003558   0x00000002   Code   RO         3377    i.HAL_TIM_PWM_MspInit  stm32f4xx_hal_tim.o
    0x0800355a   0x0800355a   0x00000002   Code   RO         3378    i.HAL_TIM_PWM_PulseFinishedCallback  stm32f4xx_hal_tim.o
    0x0800355c   0x0800355c   0x000000c8   Code   RO         3380    i.HAL_TIM_PWM_Start  stm32f4xx_hal_tim.o
    0x08003624   0x08003624   0x0000007c   Code   RO         3383    i.HAL_TIM_PWM_Stop  stm32f4xx_hal_tim.o
    0x080036a0   0x080036a0   0x0000004c   Code   RO           15    i.HAL_TIM_PeriodElapsedCallback  main.o
    0x080036ec   0x080036ec   0x00000002   Code   RO         3391    i.HAL_TIM_TriggerCallback  stm32f4xx_hal_tim.o
    0x080036ee   0x080036ee   0x00000002   PAD
    0x080036f0   0x080036f0   0x0000000c   Code   RO         4755    i.HN1_off           foc.o
    0x080036fc   0x080036fc   0x0000000c   Code   RO         4756    i.HN2_off           foc.o
    0x08003708   0x08003708   0x0000000c   Code   RO         4757    i.HN3_off           foc.o
    0x08003714   0x08003714   0x0000000c   Code   RO         4758    i.HN4_off           foc.o
    0x08003720   0x08003720   0x00000002   Code   RO          474    i.HardFault_Handler  stm32f4xx_it.o
    0x08003722   0x08003722   0x00000002   PAD
    0x08003724   0x08003724   0x00000038   Code   RO          625    i.IntToUnicode      usbd_desc.o
    0x0800375c   0x0800375c   0x000000b8   Code   RO          310    i.MX_ADC1_Init      adc.o
    0x08003814   0x08003814   0x000000e4   Code   RO          284    i.MX_GPIO_Init      gpio.o
    0x080038f8   0x080038f8   0x0000004c   Code   RO          352    i.MX_SPI3_Init      spi.o
    0x08003944   0x08003944   0x0000010c   Code   RO          397    i.MX_TIM1_Init      tim.o
    0x08003a50   0x08003a50   0x00000068   Code   RO          398    i.MX_TIM2_Init      tim.o
    0x08003ab8   0x08003ab8   0x00000044   Code   RO          399    i.MX_TIM6_Init      tim.o
    0x08003afc   0x08003afc   0x000000cc   Code   RO          400    i.MX_TIM8_Init      tim.o
    0x08003bc8   0x08003bc8   0x00000054   Code   RO          594    i.MX_USB_DEVICE_Init  usb_device.o
    0x08003c1c   0x08003c1c   0x00000002   Code   RO          475    i.MemManage_Handler  stm32f4xx_it.o
    0x08003c1e   0x08003c1e   0x00000002   Code   RO          476    i.NMI_Handler       stm32f4xx_it.o
    0x08003c20   0x08003c20   0x0000000c   Code   RO          477    i.OTG_FS_IRQHandler  stm32f4xx_it.o
    0x08003c2c   0x08003c2c   0x000000cc   Code   RO         1016    i.PCD_EP_OutXfrComplete_int  stm32f4xx_hal_pcd.o
    0x08003cf8   0x08003cf8   0x000000a2   Code   RO         1017    i.PCD_WriteEmptyTxFifo  stm32f4xx_hal_pcd.o
    0x08003d9a   0x08003d9a   0x00000002   PAD
    0x08003d9c   0x08003d9c   0x00000050   Code   RO         5147    i.PID_Controller_Init  pid.o
    0x08003dec   0x08003dec   0x00000078   Code   RO         5148    i.PID_Controller_Update  pid.o
    0x08003e64   0x08003e64   0x00000002   Code   RO          478    i.PendSV_Handler    stm32f4xx_it.o
    0x08003e66   0x08003e66   0x00000002   PAD
    0x08003e68   0x08003e68   0x00000034   Code   RO         5278    i.REIN_MT6816_GetAngleData  mt6816.o
    0x08003e9c   0x08003e9c   0x000002cc   Code   RO         5279    i.REIN_mt6816_spi_data_Signal_Init  mt6816.o
    0x08004168   0x08004168   0x000000dc   Code   RO         5280    i.RINE_mt6816_spi_data_Get_AngleData  mt6816.o
    0x08004244   0x08004244   0x00000058   Code   RO         3025    i.SPI_EndRxTxTransaction  stm32f4xx_hal_spi.o
    0x0800429c   0x0800429c   0x000000b8   Code   RO         3030    i.SPI_WaitFlagStateUntilTimeout  stm32f4xx_hal_spi.o
    0x08004354   0x08004354   0x00000002   Code   RO          479    i.SVC_Handler       stm32f4xx_it.o
    0x08004356   0x08004356   0x0000000a   Code   RO         4468    i.SWAPBYTE          usbd_ctlreq.o
    0x08004360   0x08004360   0x00000104   Code   RO         4759    i.Sector_tracker    foc.o
    0x08004464   0x08004464   0x00000004   Code   RO          480    i.SysTick_Handler   stm32f4xx_it.o
    0x08004468   0x08004468   0x00000098   Code   RO           16    i.SystemClock_Config  main.o
    0x08004500   0x08004500   0x00000010   Code   RO         4272    i.SystemInit        system_stm32f4xx.o
    0x08004510   0x08004510   0x0000000c   Code   RO          481    i.TIM6_DAC_IRQHandler  stm32f4xx_it.o
    0x0800451c   0x0800451c   0x000000c8   Code   RO         3393    i.TIM_Base_SetConfig  stm32f4xx_hal_tim.o
    0x080045e4   0x080045e4   0x0000001a   Code   RO         3394    i.TIM_CCxChannelCmd  stm32f4xx_hal_tim.o
    0x080045fe   0x080045fe   0x0000001a   Code   RO         4043    i.TIM_CCxNChannelCmd  stm32f4xx_hal_tim_ex.o
    0x08004618   0x08004618   0x00000014   Code   RO         3404    i.TIM_ETR_SetConfig  stm32f4xx_hal_tim.o
    0x0800462c   0x0800462c   0x00000010   Code   RO         3405    i.TIM_ITRx_SetConfig  stm32f4xx_hal_tim.o
    0x0800463c   0x0800463c   0x00000060   Code   RO         3406    i.TIM_OC1_SetConfig  stm32f4xx_hal_tim.o
    0x0800469c   0x0800469c   0x0000006c   Code   RO         3407    i.TIM_OC2_SetConfig  stm32f4xx_hal_tim.o
    0x08004708   0x08004708   0x00000068   Code   RO         3408    i.TIM_OC3_SetConfig  stm32f4xx_hal_tim.o
    0x08004770   0x08004770   0x00000050   Code   RO         3409    i.TIM_OC4_SetConfig  stm32f4xx_hal_tim.o
    0x080047c0   0x080047c0   0x00000022   Code   RO         3411    i.TIM_TI1_ConfigInputStage  stm32f4xx_hal_tim.o
    0x080047e2   0x080047e2   0x00000024   Code   RO         3413    i.TIM_TI2_ConfigInputStage  stm32f4xx_hal_tim.o
    0x08004806   0x08004806   0x00000076   Code   RO         4601    i.USBD_CDC_DataIn   usbd_cdc.o
    0x0800487c   0x0800487c   0x0000003c   Code   RO         4602    i.USBD_CDC_DataOut  usbd_cdc.o
    0x080048b8   0x080048b8   0x00000090   Code   RO         4603    i.USBD_CDC_DeInit   usbd_cdc.o
    0x08004948   0x08004948   0x00000036   Code   RO         4604    i.USBD_CDC_EP0_RxReady  usbd_cdc.o
    0x0800497e   0x0800497e   0x00000002   PAD
    0x08004980   0x08004980   0x0000000c   Code   RO         4605    i.USBD_CDC_GetDeviceQualifierDescriptor  usbd_cdc.o
    0x0800498c   0x0800498c   0x0000003c   Code   RO         4606    i.USBD_CDC_GetFSCfgDesc  usbd_cdc.o
    0x080049c8   0x080049c8   0x00000040   Code   RO         4607    i.USBD_CDC_GetHSCfgDesc  usbd_cdc.o
    0x08004a08   0x08004a08   0x0000003c   Code   RO         4608    i.USBD_CDC_GetOtherSpeedCfgDesc  usbd_cdc.o
    0x08004a44   0x08004a44   0x00000118   Code   RO         4609    i.USBD_CDC_Init     usbd_cdc.o
    0x08004b5c   0x08004b5c   0x00000038   Code   RO         4610    i.USBD_CDC_ReceivePacket  usbd_cdc.o
    0x08004b94   0x08004b94   0x00000016   Code   RO         4611    i.USBD_CDC_RegisterInterface  usbd_cdc.o
    0x08004baa   0x08004baa   0x0000001a   Code   RO         4612    i.USBD_CDC_SetRxBuffer  usbd_cdc.o
    0x08004bc4   0x08004bc4   0x0000001e   Code   RO         4613    i.USBD_CDC_SetTxBuffer  usbd_cdc.o
    0x08004be2   0x08004be2   0x000000d4   Code   RO         4614    i.USBD_CDC_Setup    usbd_cdc.o
    0x08004cb6   0x08004cb6   0x00000002   PAD
    0x08004cb8   0x08004cb8   0x00000050   Code   RO         4615    i.USBD_CDC_TransmitPacket  usbd_cdc.o
    0x08004d08   0x08004d08   0x00000014   Code   RO         4309    i.USBD_ClrClassConfig  usbd_core.o
    0x08004d1c   0x08004d1c   0x00000004   Code   RO         4310    i.USBD_CoreFindEP   usbd_core.o
    0x08004d20   0x08004d20   0x00000004   Code   RO         4311    i.USBD_CoreFindIF   usbd_core.o
    0x08004d24   0x08004d24   0x00000010   Code   RO         4541    i.USBD_CtlContinueRx  usbd_ioreq.o
    0x08004d34   0x08004d34   0x00000010   Code   RO         4542    i.USBD_CtlContinueSendData  usbd_ioreq.o
    0x08004d44   0x08004d44   0x00000016   Code   RO         4469    i.USBD_CtlError     usbd_ctlreq.o
    0x08004d5a   0x08004d5a   0x0000001e   Code   RO         4543    i.USBD_CtlPrepareRx  usbd_ioreq.o
    0x08004d78   0x08004d78   0x00000016   Code   RO         4544    i.USBD_CtlReceiveStatus  usbd_ioreq.o
    0x08004d8e   0x08004d8e   0x0000001a   Code   RO         4545    i.USBD_CtlSendData  usbd_ioreq.o
    0x08004da8   0x08004da8   0x00000016   Code   RO         4546    i.USBD_CtlSendStatus  usbd_ioreq.o
    0x08004dbe   0x08004dbe   0x00000002   PAD
    0x08004dc0   0x08004dc0   0x00000020   Code   RO          626    i.USBD_FS_ConfigStrDescriptor  usbd_desc.o
    0x08004de0   0x08004de0   0x0000000c   Code   RO          627    i.USBD_FS_DeviceDescriptor  usbd_desc.o
    0x08004dec   0x08004dec   0x00000024   Code   RO          628    i.USBD_FS_InterfaceStrDescriptor  usbd_desc.o
    0x08004e10   0x08004e10   0x0000000c   Code   RO          629    i.USBD_FS_LangIDStrDescriptor  usbd_desc.o
    0x08004e1c   0x08004e1c   0x00000028   Code   RO          630    i.USBD_FS_ManufacturerStrDescriptor  usbd_desc.o
    0x08004e44   0x08004e44   0x0000002c   Code   RO          631    i.USBD_FS_ProductStrDescriptor  usbd_desc.o
    0x08004e70   0x08004e70   0x00000038   Code   RO          632    i.USBD_FS_SerialStrDescriptor  usbd_desc.o
    0x08004ea8   0x08004ea8   0x000000e6   Code   RO         4470    i.USBD_GetDescriptor  usbd_ctlreq.o
    0x08004f8e   0x08004f8e   0x0000003a   Code   RO         4313    i.USBD_GetEpDesc    usbd_core.o
    0x08004fc8   0x08004fc8   0x0000000e   Code   RO         4314    i.USBD_GetNextDesc  usbd_core.o
    0x08004fd6   0x08004fd6   0x00000048   Code   RO         4471    i.USBD_GetString    usbd_ctlreq.o
    0x0800501e   0x0800501e   0x00000018   Code   RO          787    i.USBD_Get_USB_Status  usbd_conf.o
    0x08005036   0x08005036   0x00000026   Code   RO         4315    i.USBD_Init         usbd_core.o
    0x0800505c   0x0800505c   0x00000012   Code   RO          788    i.USBD_LL_ClearStallEP  usbd_conf.o
    0x0800506e   0x0800506e   0x00000012   Code   RO          789    i.USBD_LL_CloseEP   usbd_conf.o
    0x08005080   0x08005080   0x000000b6   Code   RO         4316    i.USBD_LL_DataInStage  usbd_core.o
    0x08005136   0x08005136   0x0000008e   Code   RO         4317    i.USBD_LL_DataOutStage  usbd_core.o
    0x080051c4   0x080051c4   0x00000004   Code   RO         4318    i.USBD_LL_DevConnected  usbd_core.o
    0x080051c8   0x080051c8   0x0000001e   Code   RO         4319    i.USBD_LL_DevDisconnected  usbd_core.o
    0x080051e6   0x080051e6   0x00000008   Code   RO          793    i.USBD_LL_GetRxDataSize  usbd_conf.o
    0x080051ee   0x080051ee   0x00000002   PAD
    0x080051f0   0x080051f0   0x00000060   Code   RO          794    i.USBD_LL_Init      usbd_conf.o
    0x08005250   0x08005250   0x00000020   Code   RO          795    i.USBD_LL_IsStallEP  usbd_conf.o
    0x08005270   0x08005270   0x00000028   Code   RO         4320    i.USBD_LL_IsoINIncomplete  usbd_core.o
    0x08005298   0x08005298   0x00000028   Code   RO         4321    i.USBD_LL_IsoOUTIncomplete  usbd_core.o
    0x080052c0   0x080052c0   0x00000018   Code   RO          796    i.USBD_LL_OpenEP    usbd_conf.o
    0x080052d8   0x080052d8   0x00000012   Code   RO          797    i.USBD_LL_PrepareReceive  usbd_conf.o
    0x080052ea   0x080052ea   0x0000005c   Code   RO         4322    i.USBD_LL_Reset     usbd_core.o
    0x08005346   0x08005346   0x00000014   Code   RO         4323    i.USBD_LL_Resume    usbd_core.o
    0x0800535a   0x0800535a   0x0000001a   Code   RO         4324    i.USBD_LL_SOF       usbd_core.o
    0x08005374   0x08005374   0x00000006   Code   RO         4325    i.USBD_LL_SetSpeed  usbd_core.o
    0x0800537a   0x0800537a   0x00000012   Code   RO          798    i.USBD_LL_SetUSBAddress  usbd_conf.o
    0x0800538c   0x0800538c   0x00000060   Code   RO         4326    i.USBD_LL_SetupStage  usbd_core.o
    0x080053ec   0x080053ec   0x00000012   Code   RO          799    i.USBD_LL_StallEP   usbd_conf.o
    0x080053fe   0x080053fe   0x00000012   Code   RO          800    i.USBD_LL_Start     usbd_conf.o
    0x08005410   0x08005410   0x00000012   Code   RO         4327    i.USBD_LL_Suspend   usbd_core.o
    0x08005422   0x08005422   0x00000012   Code   RO          802    i.USBD_LL_Transmit  usbd_conf.o
    0x08005434   0x08005434   0x0000002c   Code   RO         4472    i.USBD_ParseSetupRequest  usbd_ctlreq.o
    0x08005460   0x08005460   0x0000003a   Code   RO         4328    i.USBD_RegisterClass  usbd_core.o
    0x0800549a   0x0800549a   0x00000014   Code   RO         4330    i.USBD_SetClassConfig  usbd_core.o
    0x080054ae   0x080054ae   0x00000002   PAD
    0x080054b0   0x080054b0   0x000000b8   Code   RO         4473    i.USBD_SetConfig    usbd_ctlreq.o
    0x08005568   0x08005568   0x00000004   Code   RO         4331    i.USBD_Start        usbd_core.o
    0x0800556c   0x0800556c   0x0000012c   Code   RO         4474    i.USBD_StdDevReq    usbd_ctlreq.o
    0x08005698   0x08005698   0x00000160   Code   RO         4475    i.USBD_StdEPReq     usbd_ctlreq.o
    0x080057f8   0x080057f8   0x00000072   Code   RO         4476    i.USBD_StdItfReq    usbd_ctlreq.o
    0x0800586a   0x0800586a   0x00000002   Code   RO          803    i.USBD_static_free  usbd_conf.o
    0x0800586c   0x0800586c   0x00000008   Code   RO          804    i.USBD_static_malloc  usbd_conf.o
    0x08005874   0x08005874   0x00000080   Code   RO         1262    i.USB_ActivateEndpoint  stm32f4xx_ll_usb.o
    0x080058f4   0x080058f4   0x0000001c   Code   RO         1264    i.USB_ActivateSetup  stm32f4xx_ll_usb.o
    0x08005910   0x08005910   0x00000074   Code   RO         1266    i.USB_CoreInit      stm32f4xx_ll_usb.o
    0x08005984   0x08005984   0x00000040   Code   RO         1267    i.USB_CoreReset     stm32f4xx_ll_usb.o
    0x080059c4   0x080059c4   0x000000cc   Code   RO         1270    i.USB_DeactivateEndpoint  stm32f4xx_ll_usb.o
    0x08005a90   0x08005a90   0x0000001c   Code   RO         1271    i.USB_DevConnect    stm32f4xx_ll_usb.o
    0x08005aac   0x08005aac   0x0000001c   Code   RO         1272    i.USB_DevDisconnect  stm32f4xx_ll_usb.o
    0x08005ac8   0x08005ac8   0x00000174   Code   RO         1273    i.USB_DevInit       stm32f4xx_ll_usb.o
    0x08005c3c   0x08005c3c   0x0000000c   Code   RO         1274    i.USB_DisableGlobalInt  stm32f4xx_ll_usb.o
    0x08005c48   0x08005c48   0x0000011c   Code   RO         1277    i.USB_EP0StartXfer  stm32f4xx_ll_usb.o
    0x08005d64   0x08005d64   0x00000058   Code   RO         1278    i.USB_EP0_OutStart  stm32f4xx_ll_usb.o
    0x08005dbc   0x08005dbc   0x00000058   Code   RO         1279    i.USB_EPClearStall  stm32f4xx_ll_usb.o
    0x08005e14   0x08005e14   0x00000058   Code   RO         1280    i.USB_EPSetStall    stm32f4xx_ll_usb.o
    0x08005e6c   0x08005e6c   0x000001e4   Code   RO         1281    i.USB_EPStartXfer   stm32f4xx_ll_usb.o
    0x08006050   0x08006050   0x0000009e   Code   RO         1282    i.USB_EPStopXfer    stm32f4xx_ll_usb.o
    0x080060ee   0x080060ee   0x0000000c   Code   RO         1283    i.USB_EnableGlobalInt  stm32f4xx_ll_usb.o
    0x080060fa   0x080060fa   0x00000002   PAD
    0x080060fc   0x080060fc   0x0000003c   Code   RO         1284    i.USB_FlushRxFifo   stm32f4xx_ll_usb.o
    0x08006138   0x08006138   0x00000040   Code   RO         1285    i.USB_FlushTxFifo   stm32f4xx_ll_usb.o
    0x08006178   0x08006178   0x0000001a   Code   RO         1287    i.USB_GetDevSpeed   stm32f4xx_ll_usb.o
    0x08006192   0x08006192   0x00000008   Code   RO         1289    i.USB_GetMode       stm32f4xx_ll_usb.o
    0x0800619a   0x0800619a   0x0000000e   Code   RO         1296    i.USB_ReadDevAllInEpInterrupt  stm32f4xx_ll_usb.o
    0x080061a8   0x080061a8   0x0000000e   Code   RO         1297    i.USB_ReadDevAllOutEpInterrupt  stm32f4xx_ll_usb.o
    0x080061b6   0x080061b6   0x00000024   Code   RO         1298    i.USB_ReadDevInEPInterrupt  stm32f4xx_ll_usb.o
    0x080061da   0x080061da   0x00000010   Code   RO         1299    i.USB_ReadDevOutEPInterrupt  stm32f4xx_ll_usb.o
    0x080061ea   0x080061ea   0x00000008   Code   RO         1300    i.USB_ReadInterrupts  stm32f4xx_ll_usb.o
    0x080061f2   0x080061f2   0x0000003e   Code   RO         1301    i.USB_ReadPacket    stm32f4xx_ll_usb.o
    0x08006230   0x08006230   0x0000005c   Code   RO         1303    i.USB_SetCurrentMode  stm32f4xx_ll_usb.o
    0x0800628c   0x0800628c   0x00000022   Code   RO         1304    i.USB_SetDevAddress  stm32f4xx_ll_usb.o
    0x080062ae   0x080062ae   0x00000002   PAD
    0x080062b0   0x080062b0   0x000000e8   Code   RO         1306    i.USB_SetTurnaroundTime  stm32f4xx_ll_usb.o
    0x08006398   0x08006398   0x00000028   Code   RO         1309    i.USB_WritePacket   stm32f4xx_ll_usb.o
    0x080063c0   0x080063c0   0x00000002   Code   RO          482    i.UsageFault_Handler  stm32f4xx_it.o
    0x080063c2   0x080063c2   0x00000002   PAD
    0x080063c4   0x080063c4   0x00000010   Code   RO         5033    i.VOFA_Init         vofa.o
    0x080063d4   0x080063d4   0x0000003c   Code   RO         5034    i.VOFA_Process      vofa.o
    0x08006410   0x08006410   0x00000050   Code   RO         5035    i.VOFA_SendFrame6   vofa.o
    0x08006460   0x08006460   0x00000024   Code   RO         5036    i.VOFA_TxCpltCallback  vofa.o
    0x08006484   0x08006484   0x00000020   Code   RO         2323    i.__NVIC_SetPriority  stm32f4xx_hal_cortex.o
    0x080064a4   0x080064a4   0x0000016c   Code   RO         5392    i.__hardfp_logf     m_wm.l(logf.o)
    0x08006610   0x08006610   0x00000014   Code   RO         5694    i.__mathlib_flt_divzero  m_wm.l(funder.o)
    0x08006624   0x08006624   0x00000006   Code   RO         5695    i.__mathlib_flt_infnan  m_wm.l(funder.o)
    0x0800662a   0x0800662a   0x00000002   PAD
    0x0800662c   0x0800662c   0x00000010   Code   RO         5697    i.__mathlib_flt_invalid  m_wm.l(funder.o)
    0x0800663c   0x0800663c   0x0000000e   Code   RO         5757    i.__scatterload_copy  mc_w.l(handlers.o)
    0x0800664a   0x0800664a   0x00000002   Code   RO         5758    i.__scatterload_null  mc_w.l(handlers.o)
    0x0800664c   0x0800664c   0x0000000e   Code   RO         5759    i.__scatterload_zeroinit  mc_w.l(handlers.o)
    0x0800665a   0x0800665a   0x00000002   PAD
    0x0800665c   0x0800665c   0x0000000c   Code   RO         5733    i.__set_errno       mc_w.l(errno.o)
    0x08006668   0x08006668   0x00000050   Code   RO         4760    i.adjust_I          foc.o
    0x080066b8   0x080066b8   0x0000009c   Code   RO         4761    i.b_foc_init        foc.o
    0x08006754   0x08006754   0x000000b8   Code   RO         4932    i.calibrate_current_offset  adc_task.o
    0x0800680c   0x0800680c   0x000000b4   Code   RO         4762    i.can_foc_init      foc.o
    0x080068c0   0x080068c0   0x00000040   Code   RO         5281    i.check_mt6816      mt6816.o
    0x08006900   0x08006900   0x0000002a   Code   RO         4763    i.current_ctr       foc.o
    0x0800692a   0x0800692a   0x00000002   PAD
    0x0800692c   0x0800692c   0x00000010   Code   RO         5342    i.flash_read_dir    myflash.o
    0x0800693c   0x0800693c   0x0000015c   Code   RO         4764    i.foc_current_pid   foc.o
    0x08006a98   0x08006a98   0x0000001e   Code   RO         4765    i.foc_open          foc.o
    0x08006ab6   0x08006ab6   0x00000002   PAD
    0x08006ab8   0x08006ab8   0x000000a8   Code   RO         4766    i.get_AB_current    foc.o
    0x08006b60   0x08006b60   0x00000058   Code   RO         4933    i.get_adc_xchannel  adc_task.o
    0x08006bb8   0x08006bb8   0x000000b4   Code   RO         4767    i.get_scope         foc.o
    0x08006c6c   0x08006c6c   0x0000008c   Code   RO         4935    i.get_temp          adc_task.o
    0x08006cf8   0x08006cf8   0x00000034   Code   RO         4936    i.get_vol           adc_task.o
    0x08006d2c   0x08006d2c   0x00000034   Code   RO         4768    i.hb_low            foc.o
    0x08006d60   0x08006d60   0x00000016   Code   RO         4769    i.hb_off            foc.o
    0x08006d76   0x08006d76   0x00000034   Code   RO         4770    i.hb_pwm            foc.o
    0x08006daa   0x08006daa   0x00000002   PAD
    0x08006dac   0x08006dac   0x000000b4   Code   RO         5231    i.init_connect_crt  connecting.o
    0x08006e60   0x08006e60   0x00000010   Code   RO         5149    i.init_encoder_update  pid.o
    0x08006e70   0x08006e70   0x00000032   Code   RO           17    i.main              main.o
    0x08006ea2   0x08006ea2   0x00000002   PAD
    0x08006ea4   0x08006ea4   0x000000b8   Code   RO           18    i.motor_control_init  main.o
    0x08006f5c   0x08006f5c   0x00000088   Code   RO           19    i.motor_protect     main.o
    0x08006fe4   0x08006fe4   0x0000002a   Code   RO         4771    i.park_transform    foc.o
    0x0800700e   0x0800700e   0x0000002a   Code   RO         4772    i.repark_transfer   foc.o
    0x08007038   0x08007038   0x000001d0   Code   RO         4773    i.set_duty_by_sector  foc.o
    0x08007208   0x08007208   0x0000002c   Code   RO         4774    i.set_foc_Iqcurrent  foc.o
    0x08007234   0x08007234   0x0000003a   Code   RO         4775    i.set_uduq          foc.o
    0x0800726e   0x0800726e   0x00000002   PAD
    0x08007270   0x08007270   0x0000002c   Code   RO         4776    i.setfoc_angle      foc.o
    0x0800729c   0x0800729c   0x000000c0   Code   RO           20    i.speed_loop_run    main.o
    0x0800735c   0x0800735c   0x000000ae   Code   RO         4777    i.svpwmctr          foc.o
    0x0800740a   0x0800740a   0x0000000c   Code   RO         5037    i.vofa_next_index   vofa.o
    0x08007416   0x08007416   0x00000010   Data   RO         4273    .constdata          system_stm32f4xx.o
    0x08007426   0x08007426   0x00000002   PAD
    0x08007428   0x08007428   0x00000040   Data   RO         5395    .constdata          m_wm.l(logf.o)
    0x08007468   0x08007468   0x00000020   Data   RO         5755    Region$$Table       anon$$obj.o


    Execution Region RW_IRAM1 (Exec base: 0x20000000, Load base: 0x08007488, Size: 0x000041b0, Max: 0x0001c000, ABSOLUTE, COMPRESSED[0x00000e10])

    Exec Addr    Load Addr    Size         Type   Attr      Idx    E Section Name        Object

    0x20000000   COMPRESSED   0x00000004   Data   RW           22    .data               main.o
    0x20000004   COMPRESSED   0x00000024   Data   RW           23    .data               main.o
    0x20000028   COMPRESSED   0x00000001   Data   RW           24    .data               main.o
    0x20000029   COMPRESSED   0x00000003   PAD
    0x2000002c   COMPRESSED   0x0000001c   Data   RW          634    .data               usbd_desc.o
    0x20000048   COMPRESSED   0x00000032   Data   RW          635    .data               usbd_desc.o
    0x2000007a   COMPRESSED   0x00000002   PAD
    0x2000007c   COMPRESSED   0x00000014   Data   RW          719    .data               usbd_cdc_if.o
    0x20000090   COMPRESSED   0x00000003   Data   RW          720    .data               usbd_cdc_if.o
    0x20000093   COMPRESSED   0x00000001   PAD
    0x20000094   COMPRESSED   0x0000000c   Data   RW         2467    .data               stm32f4xx_hal.o
    0x200000a0   COMPRESSED   0x00000004   Data   RW         4275    .data               system_stm32f4xx.o
    0x200000a4   COMPRESSED   0x00000001   Data   RW         4477    .data               usbd_ctlreq.o
    0x200000a5   COMPRESSED   0x00000003   PAD
    0x200000a8   COMPRESSED   0x00000053   Data   RW         4616    .data               usbd_cdc.o
    0x200000fb   COMPRESSED   0x00000001   PAD
    0x200000fc   COMPRESSED   0x00000038   Data   RW         4617    .data               usbd_cdc.o
    0x20000134   COMPRESSED   0x00001008   Data   RW         4779    .data               foc.o
    0x2000113c   COMPRESSED   0x00000008   Data   RW         4937    .data               adc_task.o
    0x20001144   COMPRESSED   0x00000008   Data   RW         5153    .data               pid.o
    0x2000114c   COMPRESSED   0x00000004   Data   RW         5234    .data               connecting.o
    0x20001150   COMPRESSED   0x00000022   Data   RW         5284    .data               mt6816.o
    0x20001172   COMPRESSED   0x00000002   Data   RW         5285    .data               mt6816.o
    0x20001174   COMPRESSED   0x00000001   Data   RW         5286    .data               mt6816.o
    0x20001175   COMPRESSED   0x00000003   PAD
    0x20001178   COMPRESSED   0x00000004   Data   RW         5734    .data               mc_w.l(errno.o)
    0x2000117c        -       0x00000048   Zero   RW          311    .bss                adc.o
    0x200011c4        -       0x00000058   Zero   RW          353    .bss                spi.o
    0x2000121c        -       0x00000120   Zero   RW          401    .bss                tim.o
    0x2000133c        -       0x000002dc   Zero   RW          595    .bss                usb_device.o
    0x20001618        -       0x00000200   Zero   RW          633    .bss                usbd_desc.o
    0x20001818        -       0x00001000   Zero   RW          718    .bss                usbd_cdc_if.o
    0x20002818        -       0x0000072c   Zero   RW          805    .bss                usbd_conf.o
    0x20002f44        -       0x00000020   Zero   RW         1739    .bss                stm32f4xx_hal_flash.o
    0x20002f64        -       0x000003a0   Zero   RW         4778    .bss                foc.o
    0x20003304        -       0x0000070c   Zero   RW         5038    .bss                vofa.o
    0x20003a10        -       0x00000028   Zero   RW         5150    .bss                pid.o
    0x20003a38        -       0x00000030   Zero   RW         5151    .bss                pid.o
    0x20003a68        -       0x00000024   Zero   RW         5233    .bss                connecting.o
    0x20003a8c        -       0x00000320   Zero   RW         5283    .bss                mt6816.o
    0x20003dac   COMPRESSED   0x00000004   PAD
    0x20003db0        -       0x00000400   Zero   RW            1    STACK               startup_stm32f407xx.o


    Execution Region RW_IRAM2 (Exec base: 0x2001c000, Load base: 0x08008298, Size: 0x00000000, Max: 0x00004000, ABSOLUTE)

    **** No section assigned to this execution region ****


==============================================================================

Image component sizes


      Code (inc. data)   RO Data    RW Data    ZI Data      Debug   Object Name

       328         34          0          0         72       2037   adc.o
       464         60          0          8          0       3701   adc_task.o
       180         42          0          4         36       1948   connecting.o
      2592        210          0       4104        928      18164   foc.o
       228         12          0          0          0       1123   gpio.o
      1042        156          0         41          0     739935   main.o
      1052         56          0         37        800       5690   mt6816.o
       364         50          0          0          0       4065   myflash.o
       324         38          0          8         88       5299   pid.o
       180         20          0          0         88       1869   spi.o
        36          8        392          0       1024        880   startup_stm32f407xx.o
       180         28          0         12          0       9753   stm32f4xx_hal.o
      1508         52          0          0          0       9072   stm32f4xx_hal_adc.o
      1180         50          0          0          0       6125   stm32f4xx_hal_adc_ex.o
       234         24          0          0          0      34854   stm32f4xx_hal_cortex.o
       520         66          0          0         32       7066   stm32f4xx_hal_flash.o
       356         24          0          0          0       4210   stm32f4xx_hal_flash_ex.o
       532         52          0          0          0       3588   stm32f4xx_hal_gpio.o
        48          6          0          0          0        942   stm32f4xx_hal_msp.o
      2638         12          0          0          0      14340   stm32f4xx_hal_pcd.o
        78          0          0          0          0       2569   stm32f4xx_hal_pcd_ex.o
      1292         54          0          0          0       4742   stm32f4xx_hal_rcc.o
       942         12          0          0          0       5125   stm32f4xx_hal_spi.o
      2308        146          0          0          0      19616   stm32f4xx_hal_tim.o
       554         56          0          0          0       5838   stm32f4xx_hal_tim_ex.o
        62         18          0          0          0       6588   stm32f4xx_it.o
      2888        134          0          0          0      25327   stm32f4xx_ll_usb.o
        16          4         16          4          0       1259   system_stm32f4xx.o
      1164         92          0          0        288       6089   tim.o
        84         18          0          0        732        896   usb_device.o
      1278         36          0        139          0      15181   usbd_cdc.o
       234         50          0         23       4096       4664   usbd_cdc_if.o
       644         24          0          0       1836      18020   usbd_conf.o
       916          0          0          0          0      16403   usbd_core.o
      1328         28          0          1          0      15368   usbd_ctlreq.o
       288        104          0         78        512       6609   usbd_desc.o
       132          0          0          0          0       4828   usbd_ioreq.o
       204         22          0          0       1804       4424   vofa.o

    ----------------------------------------------------------------------
     28458       1798        442       4472      12340    1038207   Object Totals
         0          0         32          0          0          0   (incl. Generated)
        60          0          2         13          4          0   (incl. Padding)

    ----------------------------------------------------------------------

      Code (inc. data)   RO Data    RW Data    ZI Data      Debug   Library Member Name

        42         12          0          0          0        348   funder.o
       364         44         64          0          0        140   logf.o
        94          0          0          0          0          0   __dclz77c.o
         0          0          0          0          0          0   entry.o
         0          0          0          0          0          0   entry10a.o
         0          0          0          0          0          0   entry11a.o
         4          0          0          0          0          0   entry12b.o
         8          4          0          0          0          0   entry2.o
         4          0          0          0          0          0   entry5.o
         0          0          0          0          0          0   entry7b.o
         0          0          0          0          0          0   entry8b.o
         8          4          0          0          0          0   entry9a.o
        12          6          0          4          0         68   errno.o
        30          0          0          0          0          0   handlers.o
        36          8          0          0          0         68   init.o
         0          0          0          0          0          0   iusefp.o
        30          0          0          0          0         68   llshl.o
        32          0          0          0          0         68   llushr.o
        26          0          0          0          0         80   memcmp.o
        36          0          0          0          0         68   memcpya.o
        36          0          0          0          0        108   memseta.o
        98          0          0          0          0         92   uldiv.o

    ----------------------------------------------------------------------
       868         78         64          4          0       1108   Library Totals
         8          0          0          0          0          0   (incl. Padding)

    ----------------------------------------------------------------------

      Code (inc. data)   RO Data    RW Data    ZI Data      Debug   Library Name

       406         56         64          0          0        488   m_wm.l
       454         22          0          4          0        620   mc_w.l

    ----------------------------------------------------------------------
       868         78         64          4          0       1108   Library Totals

    ----------------------------------------------------------------------

==============================================================================


      Code (inc. data)   RO Data    RW Data    ZI Data      Debug   

     29326       1876        506       4476      12340    1009791   Grand Totals
     29326       1876        506       3600      12340    1009791   ELF Image Totals (compressed)
     29326       1876        506       3600          0          0   ROM Totals

==============================================================================

    Total RO  Size (Code + RO Data)                29832 (  29.13kB)
    Total RW  Size (RW Data + ZI Data)             16816 (  16.42kB)
    Total ROM Size (Code + RO Data + RW Data)      33432 (  32.65kB)

==============================================================================

